Archive member included to satisfy reference by file (symbol)

d:/aboutstm32/truestudio/truestudio for stm32 9.3.0/armtools/bin/../lib/gcc/arm-atollic-eabi/6.3.1/../../../../arm-atollic-eabi/lib/armv7-m\libc.a(lib_a-atoi.o)
                              IAP\Src\iap.o (atoi)
d:/aboutstm32/truestudio/truestudio for stm32 9.3.0/armtools/bin/../lib/gcc/arm-atollic-eabi/6.3.1/../../../../arm-atollic-eabi/lib/armv7-m\libc.a(lib_a-atol.o)
                              IAP\Src\iap.o (atol)
d:/aboutstm32/truestudio/truestudio for stm32 9.3.0/armtools/bin/../lib/gcc/arm-atollic-eabi/6.3.1/../../../../arm-atollic-eabi/lib/armv7-m\libc.a(lib_a-init.o)
                              src\startup_stm32f10x_hd.o (__libc_init_array)
d:/aboutstm32/truestudio/truestudio for stm32 9.3.0/armtools/bin/../lib/gcc/arm-atollic-eabi/6.3.1/../../../../arm-atollic-eabi/lib/armv7-m\libc.a(lib_a-memcmp.o)
                              IAP\Src\iap.o (memcmp)
d:/aboutstm32/truestudio/truestudio for stm32 9.3.0/armtools/bin/../lib/gcc/arm-atollic-eabi/6.3.1/../../../../arm-atollic-eabi/lib/armv7-m\libc.a(lib_a-memcpy-stub.o)
                              App\module_4G\usart_4G.o (memcpy)
d:/aboutstm32/truestudio/truestudio for stm32 9.3.0/armtools/bin/../lib/gcc/arm-atollic-eabi/6.3.1/../../../../arm-atollic-eabi/lib/armv7-m\libc.a(lib_a-memset.o)
                              App\module_4G\usart_4G.o (memset)
d:/aboutstm32/truestudio/truestudio for stm32 9.3.0/armtools/bin/../lib/gcc/arm-atollic-eabi/6.3.1/../../../../arm-atollic-eabi/lib/armv7-m\libc.a(lib_a-printf.o)
                              App\module_4G\usart_4G.o (printf)
d:/aboutstm32/truestudio/truestudio for stm32 9.3.0/armtools/bin/../lib/gcc/arm-atollic-eabi/6.3.1/../../../../arm-atollic-eabi/lib/armv7-m\libc.a(lib_a-puts.o)
                              App\module_4G\usart_4G.o (puts)
d:/aboutstm32/truestudio/truestudio for stm32 9.3.0/armtools/bin/../lib/gcc/arm-atollic-eabi/6.3.1/../../../../arm-atollic-eabi/lib/armv7-m\libc.a(lib_a-reent.o)
                              src\syscalls.o (errno)
d:/aboutstm32/truestudio/truestudio for stm32 9.3.0/armtools/bin/../lib/gcc/arm-atollic-eabi/6.3.1/../../../../arm-atollic-eabi/lib/armv7-m\libc.a(lib_a-sprintf.o)
                              App\module_4G\usart_4G.o (sprintf)
d:/aboutstm32/truestudio/truestudio for stm32 9.3.0/armtools/bin/../lib/gcc/arm-atollic-eabi/6.3.1/../../../../arm-atollic-eabi/lib/armv7-m\libc.a(lib_a-strcat.o)
                              App\module_4G\usart_4G.o (strcat)
d:/aboutstm32/truestudio/truestudio for stm32 9.3.0/armtools/bin/../lib/gcc/arm-atollic-eabi/6.3.1/../../../../arm-atollic-eabi/lib/armv7-m\libc.a(lib_a-strchr.o)
                              App\module_4G\usart_4G.o (strchr)
d:/aboutstm32/truestudio/truestudio for stm32 9.3.0/armtools/bin/../lib/gcc/arm-atollic-eabi/6.3.1/../../../../arm-atollic-eabi/lib/armv7-m\libc.a(lib_a-strcpy.o)
                              App\module_4G\usart_4G.o (strcpy)
d:/aboutstm32/truestudio/truestudio for stm32 9.3.0/armtools/bin/../lib/gcc/arm-atollic-eabi/6.3.1/../../../../arm-atollic-eabi/lib/armv7-m\libc.a(lib_a-strlen.o)
                              App\module_4G\usart_4G.o (strlen)
d:/aboutstm32/truestudio/truestudio for stm32 9.3.0/armtools/bin/../lib/gcc/arm-atollic-eabi/6.3.1/../../../../arm-atollic-eabi/lib/armv7-m\libc.a(lib_a-strncat.o)
                              App\util\md5.o (strncat)
d:/aboutstm32/truestudio/truestudio for stm32 9.3.0/armtools/bin/../lib/gcc/arm-atollic-eabi/6.3.1/../../../../arm-atollic-eabi/lib/armv7-m\libc.a(lib_a-strstr.o)
                              App\module_4G\usart_4G.o (strstr)
d:/aboutstm32/truestudio/truestudio for stm32 9.3.0/armtools/bin/../lib/gcc/arm-atollic-eabi/6.3.1/../../../../arm-atollic-eabi/lib/armv7-m\libc.a(lib_a-strtok.o)
                              App\module_4G\usart_4G.o (strtok)
d:/aboutstm32/truestudio/truestudio for stm32 9.3.0/armtools/bin/../lib/gcc/arm-atollic-eabi/6.3.1/../../../../arm-atollic-eabi/lib/armv7-m\libc.a(lib_a-strtok_r.o)
                              d:/aboutstm32/truestudio/truestudio for stm32 9.3.0/armtools/bin/../lib/gcc/arm-atollic-eabi/6.3.1/../../../../arm-atollic-eabi/lib/armv7-m\libc.a(lib_a-strtok.o) (__strtok_r)
d:/aboutstm32/truestudio/truestudio for stm32 9.3.0/armtools/bin/../lib/gcc/arm-atollic-eabi/6.3.1/../../../../arm-atollic-eabi/lib/armv7-m\libc.a(lib_a-strtol.o)
                              d:/aboutstm32/truestudio/truestudio for stm32 9.3.0/armtools/bin/../lib/gcc/arm-atollic-eabi/6.3.1/../../../../arm-atollic-eabi/lib/armv7-m\libc.a(lib_a-atoi.o) (_strtol_r)
d:/aboutstm32/truestudio/truestudio for stm32 9.3.0/armtools/bin/../lib/gcc/arm-atollic-eabi/6.3.1/../../../../arm-atollic-eabi/lib/armv7-m\libc.a(lib_a-svfprintf.o)
                              d:/aboutstm32/truestudio/truestudio for stm32 9.3.0/armtools/bin/../lib/gcc/arm-atollic-eabi/6.3.1/../../../../arm-atollic-eabi/lib/armv7-m\libc.a(lib_a-sprintf.o) (_svfprintf_r)
[...]
Memory Configuration

Name             Origin             Length             Attributes
FLASH            0x08000000         0x00010000         xr
RAM              0x20000000         0x0000c000         xrw
MEMORY_B1        0x60000000         0x00000000         xr
*default*        0x00000000         0xffffffff

Linker script and memory map

LOAD d:/aboutstm32/truestudio/truestudio for stm32 9.3.0/armtools/bin/../lib/gcc/arm-atollic-eabi/6.3.1/armv7-m/crti.o
LOAD d:/aboutstm32/truestudio/truestudio for stm32 9.3.0/armtools/bin/../lib/gcc/arm-atollic-eabi/6.3.1/armv7-m/crtbegin.o
LOAD App\Tim\tim4.o
LOAD App\flash\STMFlash.o
LOAD App\module_4G\usart_4G.o
LOAD App\util\base64.o
LOAD App\util\md5.o
LOAD App\wifi\public\wifi_public.o
LOAD IAP\Src\common.o
LOAD IAP\Src\iap.o
LOAD Libraries\STM32F10x_StdPeriph_Driver\src\misc.o
LOAD Libraries\STM32F10x_StdPeriph_Driver\src\stm32f10x_adc.o
LOAD Libraries\STM32F10x_StdPeriph_Driver\src\stm32f10x_bkp.o
LOAD Libraries\STM32F10x_StdPeriph_Driver\src\stm32f10x_can.o
LOAD Libraries\STM32F10x_StdPeriph_Driver\src\stm32f10x_cec.o
LOAD Libraries\STM32F10x_StdPeriph_Driver\src\stm32f10x_crc.o
LOAD Libraries\STM32F10x_StdPeriph_Driver\src\stm32f10x_dac.o
LOAD Libraries\STM32F10x_StdPeriph_Driver\src\stm32f10x_dbgmcu.o
LOAD Libraries\STM32F10x_StdPeriph_Driver\src\stm32f10x_dma.o
LOAD Libraries\STM32F10x_StdPeriph_Driver\src\stm32f10x_exti.o
LOAD Libraries\STM32F10x_StdPeriph_Driver\src\stm32f10x_flash.o
LOAD Libraries\STM32F10x_StdPeriph_Driver\src\stm32f10x_fsmc.o
LOAD Libraries\STM32F10x_StdPeriph_Driver\src\stm32f10x_gpio.o
LOAD Libraries\STM32F10x_StdPeriph_Driver\src\stm32f10x_i2c.o
LOAD Libraries\STM32F10x_StdPeriph_Driver\src\stm32f10x_iwdg.o
LOAD Libraries\STM32F10x_StdPeriph_Driver\src\stm32f10x_pwr.o
LOAD Libraries\STM32F10x_StdPeriph_Driver\src\stm32f10x_rcc.o
LOAD Libraries\STM32F10x_StdPeriph_Driver\src\stm32f10x_rtc.o
LOAD Libraries\STM32F10x_StdPeriph_Driver\src\stm32f10x_sdio.o
LOAD Libraries\STM32F10x_StdPeriph_Driver\src\stm32f10x_spi.o
LOAD Libraries\STM32F10x_StdPeriph_Driver\src\stm32f10x_tim.o
LOAD Libraries\STM32F10x_StdPeriph_Driver\src\stm32f10x_usart.o
LOAD Libraries\STM32F10x_StdPeriph_Driver\src\stm32f10x_wwdg.o
LOAD Public\bit_band.o
LOAD Public\systick.o
LOAD Public\usart.o
LOAD src\main.o
LOAD src\startup_stm32f10x_hd.o
LOAD src\stm32f1xx_it.o
LOAD src\syscalls.o
LOAD src\system_stm32f10x.o
                0x00000080                malloc_getpagesize_P = 0x80
START GROUP
LOAD d:/aboutstm32/truestudio/truestudio for stm32 9.3.0/armtools/bin/../lib/gcc/arm-atollic-eabi/6.3.1/../../../../arm-atollic-eabi/lib/armv7-m\libc.a
LOAD d:/aboutstm32/truestudio/truestudio for stm32 9.3.0/armtools/bin/../lib/gcc/arm-atollic-eabi/6.3.1/../../../../arm-atollic-eabi/lib/armv7-m\libm.a
END GROUP
START GROUP
LOAD d:/aboutstm32/truestudio/truestudio for stm32 9.3.0/armtools/bin/../lib/gcc/arm-atollic-eabi/6.3.1/armv7-m\libgcc.a
LOAD d:/aboutstm32/truestudio/truestudio for stm32 9.3.0/armtools/bin/../lib/gcc/arm-atollic-eabi/6.3.1/../../../../arm-atollic-eabi/lib/armv7-m\libc.a
END GROUP
START GROUP
LOAD d:/aboutstm32/truestudio/truestudio for stm32 9.3.0/armtools/bin/../lib/gcc/arm-atollic-eabi/6.3.1/armv7-m\libgcc.a
LOAD d:/aboutstm32/truestudio/truestudio for stm32 9.3.0/armtools/bin/../lib/gcc/arm-atollic-eabi/6.3.1/../../../../arm-atollic-eabi/lib/armv7-m\libc.a
LOAD d:/aboutstm32/truestudio/truestudio for stm32 9.3.0/armtools/bin/../lib/gcc/arm-atollic-eabi/6.3.1/../../../../arm-atollic-eabi/lib/armv7-m\libnosys.a
END GROUP
LOAD d:/aboutstm32/truestudio/truestudio for stm32 9.3.0/armtools/bin/../lib/gcc/arm-atollic-eabi/6.3.1/armv7-m/crtend.o
LOAD d:/aboutstm32/truestudio/truestudio for stm32 9.3.0/armtools/bin/../lib/gcc/arm-atollic-eabi/6.3.1/armv7-m/crtn.o
                0x2000c000                _estack = 0x2000c000
                0x00000000                _Min_Heap_Size = 0x0
                0x00000200                _Min_Stack_Size = 0x200

.isr_vector     0x08000000      0x1e4
                0x08000000                . = ALIGN (0x4)
 *(.isr_vector)
 .isr_vector    0x08000000      0x1e4 src\startup_stm32f10x_hd.o
                0x08000000                g_pfnVectors
                0x080001e4                . = ALIGN (0x4)

.text           0x080001e8     0xb3a4
                0x080001e8                . = ALIGN (0x4)
 *(.text)
 .text          0x080001e8       0x40 d:/aboutstm32/truestudio/truestudio for stm32 9.3.0/armtools/bin/../lib/gcc/arm-atollic-eabi/6.3.1/armv7-m/crtbegin.o
 .text          0x08000228       0x10 d:/aboutstm32/truestudio/truestudio for stm32 9.3.0/armtools/bin/../lib/gcc/arm-atollic-eabi/6.3.1/../../../../arm-atollic-eabi/lib/armv7-m\libc.a(lib_a-strlen.o)
                0x08000228                strlen
 .text          0x08000238      0x370 d:/aboutstm32/truestudio/truestudio for stm32 9.3.0/armtools/bin/../lib/gcc/arm-atollic-eabi/6.3.1/armv7-m\libgcc.a(_arm_addsubdf3.o)
                0x08000238                __aeabi_drsub
                0x08000240                __aeabi_dsub
                0x08000240                __subdf3
                0x08000244                __aeabi_dadd
                0x08000244                __adddf3
                0x080004bc                __floatunsidf
                0x080004bc                __aeabi_ui2d
                0x080004dc                __floatsidf
                0x080004dc                __aeabi_i2d
                0x08000500                __aeabi_f2d
                0x08000500                __extendsfdf2
                0x0800053c                __floatundidf
                0x0800053c                __aeabi_ul2d
                0x0800054c                __floatdidf
                0x0800054c                __aeabi_l2d
 .text          0x080005a8      0x424 d:/aboutstm32/truestudio/truestudio for stm32 9.3.0/armtools/bin/../lib/gcc/arm-atollic-eabi/6.3.1/armv7-m\libgcc.a(_arm_muldivdf3.o)
                0x080005a8                __aeabi_dmul
                0x080005a8                __muldf3
                0x080007fc                __divdf3
                0x080007fc                __aeabi_ddiv
 .text          0x080009cc      0x110 d:/aboutstm32/truestudio/truestudio for stm32 9.3.0/armtools/bin/../lib/gcc/arm-atollic-eabi/6.3.1/armv7-m\libgcc.a(_arm_cmpdf2.o)
                0x080009cc                __gtdf2
                0x080009cc                __gedf2
                0x080009d4                __ltdf2
                0x080009d4                __ledf2
                0x080009dc                __nedf2
                0x080009dc                __eqdf2
                0x080009dc                __cmpdf2
                0x08000a58                __aeabi_cdrcmple
                0x08000a68                __aeabi_cdcmpeq
                0x08000a68                __aeabi_cdcmple
                0x08000a78                __aeabi_dcmpeq
                0x08000a8c                __aeabi_dcmplt
                0x08000aa0                __aeabi_dcmple
                0x08000ab4                __aeabi_dcmpge
                0x08000ac8                __aeabi_dcmpgt
 .text          0x08000adc       0x2c d:/aboutstm32/truestudio/truestudio for stm32 9.3.0/armtools/bin/../lib/gcc/arm-atollic-eabi/6.3.1/armv7-m\libgcc.a(_arm_unorddf2.o)
                0x08000adc                __unorddf2
                0x08000adc                __aeabi_dcmpun
 .text          0x08000b08       0x50 d:/aboutstm32/truestudio/truestudio for stm32 9.3.0/armtools/bin/../lib/gcc/arm-atollic-eabi/6.3.1/armv7-m\libgcc.a(_arm_fixdfsi.o)
                0x08000b08                __aeabi_d2iz
                0x08000b08                __fixdfsi
 .text          0x08000b58       0x30 d:/aboutstm32/truestudio/truestudio for stm32 9.3.0/armtools/bin/../lib/gcc/arm-atollic-eabi/6.3.1/armv7-m\libgcc.a(_aeabi_uldivmod.o)
                0x08000b58                __aeabi_uldivmod
 .text          0x08000b88      0x2dc d:/aboutstm32/truestudio/truestudio for stm32 9.3.0/armtools/bin/../lib/gcc/arm-atollic-eabi/6.3.1/armv7-m\libgcc.a(_udivmoddi4.o)
                0x08000b88                __udivmoddi4
 .text          0x08000e64        0x4 d:/aboutstm32/truestudio/truestudio for stm32 9.3.0/armtools/bin/../lib/gcc/arm-atollic-eabi/6.3.1/armv7-m\libgcc.a(_dvmd_tls.o)
                0x08000e64                __aeabi_idiv0
                0x08000e64                __aeabi_ldiv0
 *(.text*)
 .text.Init_led
                0x08000e68       0x50 App\Tim\tim4.o
                0x08000e68                Init_led
 .text.TIM4_Init
                0x08000eb8       0x80 App\Tim\tim4.o
                0x08000eb8                TIM4_Init
 .text.TIM4_IRQHandler
                0x08000f38       0xa0 App\Tim\tim4.o
                0x08000f38                TIM4_IRQHandler
 .text.STMFLASH_ReadHalfWord
                0x08000fd8       0x18 App\flash\STMFlash.o
                0x08000fd8                STMFLASH_ReadHalfWord
 .text.STMFLASH_Write_NoCheck
                0x08000ff0       0x42 App\flash\STMFlash.o
                0x08000ff0                STMFLASH_Write_NoCheck
 *fill*         0x08001032        0x2 
 .text.STMFLASH_Write
                0x08001034      0x150 App\flash\STMFlash.o
                0x08001034                STMFLASH_Write
 .text.STMFLASH_Read
                0x08001184       0x42 App\flash\STMFlash.o
                0x08001184                STMFLASH_Read
 *fill*         0x080011c6        0x2 
 .text.WriteDeviceID
                0x080011c8       0x20 App\flash\STMFlash.o
                0x080011c8                WriteDeviceID
 .text.ReadDeviceID
                0x080011e8       0x1c App\flash\STMFlash.o
                0x080011e8                ReadDeviceID
 .text.writeVersion
                0x08001204       0x20 App\flash\STMFlash.o
                0x08001204                writeVersion
 .text.ReadVersion
                0x08001224       0x1c App\flash\STMFlash.o
                0x08001224                ReadVersion
 .text.WriteAPPServer
                0x08001240       0x20 App\flash\STMFlash.o
                0x08001240                WriteAPPServer
 .text.USART2_Init
                0x08001260       0xb0 App\module_4G\usart_4G.o
                0x08001260                USART2_Init
 .text.F4G_Init
                0x08001310       0xf4 App\module_4G\usart_4G.o
                0x08001310                F4G_Init
 .text.USART2_IRQHandler
                0x08001404      0x124 App\module_4G\usart_4G.o
                0x08001404                USART2_IRQHandler
 .text.split    0x08001528       0x78 App\module_4G\usart_4G.o
                0x08001528                split
 .text.Send_AT_Cmd
                0x080015a0       0xdc App\module_4G\usart_4G.o
                0x080015a0                Send_AT_Cmd
 .text.F4G_AT_Test
                0x0800167c       0x64 App\module_4G\usart_4G.o
                0x0800167c                F4G_AT_Test
 .text.connectToTCPServer
                0x080016e0       0x5c App\module_4G\usart_4G.o
                0x080016e0                connectToTCPServer
 .text.F4G_sendStr
                0x0800173c       0xcc App\module_4G\usart_4G.o
                0x0800173c                F4G_sendStr
 .text.F4G_ExitUnvarnishSend
                0x08001808       0x28 App\module_4G\usart_4G.o
                0x08001808                F4G_ExitUnvarnishSend
 .text.getModuleMes
                0x08001830      0x248 App\module_4G\usart_4G.o
                0x08001830                getModuleMes
 .text.request2Server
                0x08001a78       0x24 App\module_4G\usart_4G.o
                0x08001a78                request2Server
 .text.base64_encode
                0x08001a9c      0x19c App\util\base64.o
                0x08001a9c                base64_encode
 .text.num_strchr
                0x08001c38       0x32 App\util\base64.o
                0x08001c38                num_strchr
 *fill*         0x08001c6a        0x2 
 .text.base64_decode
                0x08001c6c      0x140 App\util\base64.o
                0x08001c6c                base64_decode
 .text.MD5Init  0x08001dac       0x48 App\util\md5.o
                0x08001dac                MD5Init
 .text.MD5Update
                0x08001df4       0xe0 App\util\md5.o
                0x08001df4                MD5Update
 .text.MD5Final
                0x08001ed4       0x74 App\util\md5.o
                0x08001ed4                MD5Final
 .text.MD5Encode
                0x08001f48       0x90 App\util\md5.o
                0x08001f48                MD5Encode
 .text.MD5Decode
                0x08001fd8       0x74 App\util\md5.o
                0x08001fd8                MD5Decode
 .text.MD5Transform
                0x0800204c     0x12cc App\util\md5.o
                0x0800204c                MD5Transform
 .text.getMD5Str
                0x08003318       0xb0 App\util\md5.o
                0x08003318                getMD5Str
 .text.itoa     0x080033c8       0xc0 App\wifi\public\wifi_public.o
 .text.Wifi_USART_printf
                0x08003488      0x148 App\wifi\public\wifi_public.o
                0x08003488                Wifi_USART_printf
 .text.Int2Str  0x080035d0       0xa8 IAP\Src\common.o
                0x080035d0                Int2Str
 .text.FLASH_PagesMask
                0x08003678       0x36 IAP\Src\common.o
                0x08003678                FLASH_PagesMask
 *fill*         0x080036ae        0x2 
 .text.EraseSomePages
                0x080036b0       0xb0 IAP\Src\common.o
                0x080036b0                EraseSomePages
 .text.NVIC_SystemReset
                0x08003760       0x28 IAP\Src\iap.o
 .text.communicateWithHost
                0x08003788       0x50 IAP\Src\iap.o
                0x08003788                communicateWithHost
 .text.catRequestStr
                0x080037d8       0x58 IAP\Src\iap.o
                0x080037d8                catRequestStr
 .text.catReqStr4UPdate
                0x08003830       0x38 IAP\Src\iap.o
                0x08003830                catReqStr4UPdate
 .text.request  0x08003868       0x60 IAP\Src\iap.o
                0x08003868                request
 .text.request4UPdate
                0x080038c8       0x68 IAP\Src\iap.o
                0x080038c8                request4UPdate
 .text.request4UPdataComplete
                0x08003930       0x7c IAP\Src\iap.o
                0x08003930                request4UPdataComplete
 .text.FLASH_DisableWriteProtectionPages
                0x080039ac       0xe0 IAP\Src\iap.o
 .text.IAP_WriteFlag
                0x08003a8c       0x2c IAP\Src\iap.o
                0x08003a8c                IAP_WriteFlag
 .text.IAP_ReadFlag
                0x08003ab8       0x14 IAP\Src\iap.o
                0x08003ab8                IAP_ReadFlag
 .text.IAP_USART_Init
                0x08003acc       0x1c IAP\Src\iap.o
                0x08003acc                IAP_USART_Init
 .text.IAP_Init
                0x08003ae8       0x34 IAP\Src\iap.o
                0x08003ae8                IAP_Init
 .text.IAP_RunApp
                0x08003b1c       0x98 IAP\Src\iap.o
                0x08003b1c                IAP_RunApp
 .text.IAP_Main_Menu
                0x08003bb4      0x128 IAP\Src\iap.o
                0x08003bb4                IAP_Main_Menu
 .text.check_response
                0x08003cdc      0x1ac IAP\Src\iap.o
                0x08003cdc                check_response
 .text.IAP_Update
                0x08003e88      0x800 IAP\Src\iap.o
                0x08003e88                IAP_Update
 .text.IAP_Upload
                0x08004688       0x14 IAP\Src\iap.o
                0x08004688                IAP_Upload
 .text.IAP_Erase
                0x0800469c       0x4c IAP\Src\iap.o
                0x0800469c                IAP_Erase
 .text.Set_DeviceID
                0x080046e8       0xb8 IAP\Src\iap.o
                0x080046e8                Set_DeviceID
 .text.Get_DeviceID
                0x080047a0       0x1c IAP\Src\iap.o
                0x080047a0                Get_DeviceID
 .text.NVIC_PriorityGroupConfig
                0x080047bc       0x24 Libraries\STM32F10x_StdPeriph_Driver\src\misc.o
                0x080047bc                NVIC_PriorityGroupConfig
 .text.NVIC_Init
                0x080047e0       0xc4 Libraries\STM32F10x_StdPeriph_Driver\src\misc.o
                0x080047e0                NVIC_Init
 .text.SysTick_CLKSourceConfig
                0x080048a4       0x38 Libraries\STM32F10x_StdPeriph_Driver\src\misc.o
                0x080048a4                SysTick_CLKSourceConfig
 .text.FLASH_SetLatency
                0x080048dc       0x38 Libraries\STM32F10x_StdPeriph_Driver\src\stm32f10x_flash.o
                0x080048dc                FLASH_SetLatency
 .text.FLASH_PrefetchBufferCmd
                0x08004914       0x30 Libraries\STM32F10x_StdPeriph_Driver\src\stm32f10x_flash.o
                0x08004914                FLASH_PrefetchBufferCmd
 .text.FLASH_Unlock
                0x08004944       0x24 Libraries\STM32F10x_StdPeriph_Driver\src\stm32f10x_flash.o
                0x08004944                FLASH_Unlock
 .text.FLASH_Lock
                0x08004968       0x1c Libraries\STM32F10x_StdPeriph_Driver\src\stm32f10x_flash.o
                0x08004968                FLASH_Lock
 .text.FLASH_ErasePage
                0x08004984       0x64 Libraries\STM32F10x_StdPeriph_Driver\src\stm32f10x_flash.o
                0x08004984                FLASH_ErasePage
 .text.FLASH_EraseOptionBytes
                0x080049e8       0xd4 Libraries\STM32F10x_StdPeriph_Driver\src\stm32f10x_flash.o
                0x080049e8                FLASH_EraseOptionBytes
 .text.FLASH_ProgramWord
                0x08004abc       0x94 Libraries\STM32F10x_StdPeriph_Driver\src\stm32f10x_flash.o
                0x08004abc                FLASH_ProgramWord
 .text.FLASH_ProgramHalfWord
                0x08004b50       0x5c Libraries\STM32F10x_StdPeriph_Driver\src\stm32f10x_flash.o
                0x08004b50                FLASH_ProgramHalfWord
 .text.FLASH_EnableWriteProtection
                0x08004bac      0x118 Libraries\STM32F10x_StdPeriph_Driver\src\stm32f10x_flash.o
                0x08004bac                FLASH_EnableWriteProtection
 .text.FLASH_UserOptionByteConfig
                0x08004cc4       0x94 Libraries\STM32F10x_StdPeriph_Driver\src\stm32f10x_flash.o
                0x08004cc4                FLASH_UserOptionByteConfig
 .text.FLASH_GetUserOptionByte
                0x08004d58       0x18 Libraries\STM32F10x_StdPeriph_Driver\src\stm32f10x_flash.o
                0x08004d58                FLASH_GetUserOptionByte
 .text.FLASH_GetWriteProtectionOptionByte
                0x08004d70       0x14 Libraries\STM32F10x_StdPeriph_Driver\src\stm32f10x_flash.o
                0x08004d70                FLASH_GetWriteProtectionOptionByte
 .text.FLASH_GetReadOutProtectionStatus
                0x08004d84       0x30 Libraries\STM32F10x_StdPeriph_Driver\src\stm32f10x_flash.o
                0x08004d84                FLASH_GetReadOutProtectionStatus
 .text.FLASH_GetBank1Status
                0x08004db4       0x54 Libraries\STM32F10x_StdPeriph_Driver\src\stm32f10x_flash.o
                0x08004db4                FLASH_GetBank1Status
 .text.FLASH_WaitForLastOperation
                0x08004e08       0x44 Libraries\STM32F10x_StdPeriph_Driver\src\stm32f10x_flash.o
                0x08004e08                FLASH_WaitForLastOperation
 .text.GPIO_Init
                0x08004e4c      0x178 Libraries\STM32F10x_StdPeriph_Driver\src\stm32f10x_gpio.o
                0x08004e4c                GPIO_Init
 .text.GPIO_SetBits
                0x08004fc4       0x1c Libraries\STM32F10x_StdPeriph_Driver\src\stm32f10x_gpio.o
                0x08004fc4                GPIO_SetBits
 .text.GPIO_ResetBits
                0x08004fe0       0x1c Libraries\STM32F10x_StdPeriph_Driver\src\stm32f10x_gpio.o
                0x08004fe0                GPIO_ResetBits
 .text.GPIO_PinRemapConfig
                0x08004ffc       0xe0 Libraries\STM32F10x_StdPeriph_Driver\src\stm32f10x_gpio.o
                0x08004ffc                GPIO_PinRemapConfig
 .text.RCC_DeInit
                0x080050dc       0x5c Libraries\STM32F10x_StdPeriph_Driver\src\stm32f10x_rcc.o
                0x080050dc                RCC_DeInit
 .text.RCC_HSICmd
                0x08005138       0x20 Libraries\STM32F10x_StdPeriph_Driver\src\stm32f10x_rcc.o
                0x08005138                RCC_HSICmd
 .text.RCC_PLLConfig
                0x08005158       0x3c Libraries\STM32F10x_StdPeriph_Driver\src\stm32f10x_rcc.o
                0x08005158                RCC_PLLConfig
 .text.RCC_PLLCmd
                0x08005194       0x20 Libraries\STM32F10x_StdPeriph_Driver\src\stm32f10x_rcc.o
                0x08005194                RCC_PLLCmd
 .text.RCC_SYSCLKConfig
                0x080051b4       0x38 Libraries\STM32F10x_StdPeriph_Driver\src\stm32f10x_rcc.o
                0x080051b4                RCC_SYSCLKConfig
 .text.RCC_GetSYSCLKSource
                0x080051ec       0x1c Libraries\STM32F10x_StdPeriph_Driver\src\stm32f10x_rcc.o
                0x080051ec                RCC_GetSYSCLKSource
 .text.RCC_HCLKConfig
                0x08005208       0x38 Libraries\STM32F10x_StdPeriph_Driver\src\stm32f10x_rcc.o
                0x08005208                RCC_HCLKConfig
 .text.RCC_PCLK1Config
                0x08005240       0x38 Libraries\STM32F10x_StdPeriph_Driver\src\stm32f10x_rcc.o
                0x08005240                RCC_PCLK1Config
 .text.RCC_PCLK2Config
                0x08005278       0x38 Libraries\STM32F10x_StdPeriph_Driver\src\stm32f10x_rcc.o
                0x08005278                RCC_PCLK2Config
 .text.RCC_GetClocksFreq
                0x080052b0      0x160 Libraries\STM32F10x_StdPeriph_Driver\src\stm32f10x_rcc.o
                0x080052b0                RCC_GetClocksFreq
 .text.RCC_APB2PeriphClockCmd
                0x08005410       0x3c Libraries\STM32F10x_StdPeriph_Driver\src\stm32f10x_rcc.o
                0x08005410                RCC_APB2PeriphClockCmd
 .text.RCC_APB1PeriphClockCmd
                0x0800544c       0x3c Libraries\STM32F10x_StdPeriph_Driver\src\stm32f10x_rcc.o
                0x0800544c                RCC_APB1PeriphClockCmd
 .text.RCC_APB2PeriphResetCmd
                0x08005488       0x3c Libraries\STM32F10x_StdPeriph_Driver\src\stm32f10x_rcc.o
                0x08005488                RCC_APB2PeriphResetCmd
 .text.RCC_APB1PeriphResetCmd
                0x080054c4       0x3c Libraries\STM32F10x_StdPeriph_Driver\src\stm32f10x_rcc.o
                0x080054c4                RCC_APB1PeriphResetCmd
 .text.RCC_GetFlagStatus
                0x08005500       0x74 Libraries\STM32F10x_StdPeriph_Driver\src\stm32f10x_rcc.o
                0x08005500                RCC_GetFlagStatus
 .text.TIM_DeInit
                0x08005574      0x22c Libraries\STM32F10x_StdPeriph_Driver\src\stm32f10x_tim.o
                0x08005574                TIM_DeInit
 .text.TIM_TimeBaseInit
                0x080057a0       0xf8 Libraries\STM32F10x_StdPeriph_Driver\src\stm32f10x_tim.o
                0x080057a0                TIM_TimeBaseInit
 .text.TIM_Cmd  0x08005898       0x3e Libraries\STM32F10x_StdPeriph_Driver\src\stm32f10x_tim.o
                0x08005898                TIM_Cmd
 .text.TIM_ITConfig
                0x080058d6       0x46 Libraries\STM32F10x_StdPeriph_Driver\src\stm32f10x_tim.o
                0x080058d6                TIM_ITConfig
 .text.TIM_GetITStatus
                0x0800591c       0x52 Libraries\STM32F10x_StdPeriph_Driver\src\stm32f10x_tim.o
                0x0800591c                TIM_GetITStatus
 .text.TIM_ClearITPendingBit
                0x0800596e       0x20 Libraries\STM32F10x_StdPeriph_Driver\src\stm32f10x_tim.o
                0x0800596e                TIM_ClearITPendingBit
 *fill*         0x0800598e        0x2 
 .text.USART_DeInit
                0x08005990       0xb8 Libraries\STM32F10x_StdPeriph_Driver\src\stm32f10x_usart.o
                0x08005990                USART_DeInit
 .text.USART_Init
                0x08005a48      0x174 Libraries\STM32F10x_StdPeriph_Driver\src\stm32f10x_usart.o
                0x08005a48                USART_Init
 .text.USART_Cmd
                0x08005bbc       0x3e Libraries\STM32F10x_StdPeriph_Driver\src\stm32f10x_usart.o
                0x08005bbc                USART_Cmd
 .text.USART_ITConfig
                0x08005bfa       0x8e Libraries\STM32F10x_StdPeriph_Driver\src\stm32f10x_usart.o
                0x08005bfa                USART_ITConfig
 .text.USART_SendData
                0x08005c88       0x22 Libraries\STM32F10x_StdPeriph_Driver\src\stm32f10x_usart.o
                0x08005c88                USART_SendData
 .text.USART_ReceiveData
                0x08005caa       0x1e Libraries\STM32F10x_StdPeriph_Driver\src\stm32f10x_usart.o
                0x08005caa                USART_ReceiveData
 .text.USART_GetFlagStatus
                0x08005cc8       0x36 Libraries\STM32F10x_StdPeriph_Driver\src\stm32f10x_usart.o
                0x08005cc8                USART_GetFlagStatus
 .text.USART_ClearFlag
                0x08005cfe       0x20 Libraries\STM32F10x_StdPeriph_Driver\src\stm32f10x_usart.o
                0x08005cfe                USART_ClearFlag
 .text.USART_GetITStatus
                0x08005d1e       0xb4 Libraries\STM32F10x_StdPeriph_Driver\src\stm32f10x_usart.o
                0x08005d1e                USART_GetITStatus
 *fill*         0x08005dd2        0x2 
 .text.SysTick_Init
                0x08005dd4       0x44 Public\systick.o
                0x08005dd4                SysTick_Init
 .text.delay_ms
                0x08005e18       0x68 Public\systick.o
                0x08005e18                delay_ms
 .text.USART1_Init
                0x08005e80       0xb4 Public\usart.o
                0x08005e80                USART1_Init
 .text.USART1_IRQHandler
                0x08005f34      0x130 Public\usart.o
                0x08005f34                USART1_IRQHandler
 .text.UT_split
                0x08006064       0x78 Public\usart.o
                0x08006064                UT_split
 .text.NVIC_SystemReset
                0x080060dc       0x28 src\main.o
 .text.HSI_SetSysClock
                0x08006104       0x84 src\main.o
                0x08006104                HSI_SetSysClock
 .text.main     0x08006188      0x118 src\main.o
                0x08006188                main
 .text.Reset_Handler
                0x080062a0       0x50 src\startup_stm32f10x_hd.o
                0x080062a0                Reset_Handler
 .text.Default_Handler
                0x080062f0        0x2 src\startup_stm32f10x_hd.o
                0x080062f0                EXTI2_IRQHandler
                0x080062f0                TIM8_TRG_COM_IRQHandler
                0x080062f0                TIM8_CC_IRQHandler
                0x080062f0                TIM1_CC_IRQHandler
                0x080062f0                TIM6_IRQHandler
                0x080062f0                PVD_IRQHandler
                0x080062f0                SDIO_IRQHandler
                0x080062f0                EXTI3_IRQHandler
                0x080062f0                EXTI0_IRQHandler
                0x080062f0                I2C2_EV_IRQHandler
                0x080062f0                ADC1_2_IRQHandler
                0x080062f0                SPI1_IRQHandler
                0x080062f0                TAMPER_IRQHandler
                0x080062f0                TIM8_UP_IRQHandler
                0x080062f0                DMA2_Channel2_IRQHandler
                0x080062f0                DMA1_Channel4_IRQHandler
                0x080062f0                USART3_IRQHandler
                0x080062f0                RTC_IRQHandler
                0x080062f0                DMA1_Channel7_IRQHandler
                0x080062f0                CAN1_RX1_IRQHandler
                0x080062f0                UART5_IRQHandler
                0x080062f0                ADC3_IRQHandler
                0x080062f0                DMA2_Channel1_IRQHandler
                0x080062f0                I2C1_EV_IRQHandler
                0x080062f0                DMA1_Channel6_IRQHandler
                0x080062f0                UART4_IRQHandler
                0x080062f0                TIM3_IRQHandler
                0x080062f0                RCC_IRQHandler
                0x080062f0                TIM1_TRG_COM_IRQHandler
                0x080062f0                DMA1_Channel1_IRQHandler
                0x080062f0                Default_Handler
                0x080062f0                EXTI15_10_IRQHandler
                0x080062f0                TIM7_IRQHandler
                0x080062f0                TIM5_IRQHandler
                0x080062f0                EXTI9_5_IRQHandler
                0x080062f0                SPI2_IRQHandler
                0x080062f0                DMA1_Channel5_IRQHandler
                0x080062f0                EXTI4_IRQHandler
                0x080062f0                USB_LP_CAN1_RX0_IRQHandler
                0x080062f0                USB_HP_CAN1_TX_IRQHandler
                0x080062f0                DMA1_Channel3_IRQHandler
                0x080062f0                FSMC_IRQHandler
                0x080062f0                TIM1_UP_IRQHandler
                0x080062f0                WWDG_IRQHandler
                0x080062f0                TIM2_IRQHandler
                0x080062f0                TIM1_BRK_IRQHandler
                0x080062f0                EXTI1_IRQHandler
                0x080062f0                RTCAlarm_IRQHandler
                0x080062f0                DMA2_Channel4_5_IRQHandler
                0x080062f0                I2C2_ER_IRQHandler
                0x080062f0                DMA1_Channel2_IRQHandler
                0x080062f0                TIM8_BRK_IRQHandler
                0x080062f0                CAN1_SCE_IRQHandler
                0x080062f0                FLASH_IRQHandler
                0x080062f0                SPI3_IRQHandler
                0x080062f0                I2C1_ER_IRQHandler
                0x080062f0                USBWakeUp_IRQHandler
                0x080062f0                DMA2_Channel3_IRQHandler
 .text.NMI_Handler
                0x080062f2        0xc src\stm32f1xx_it.o
                0x080062f2                NMI_Handler
 *fill*         0x080062fe        0x2 
 .text.HardFault_Handler
                0x08006300       0x10 src\stm32f1xx_it.o
                0x08006300                HardFault_Handler
 .text.MemManage_Handler
                0x08006310        0x6 src\stm32f1xx_it.o
                0x08006310                MemManage_Handler
 .text.BusFault_Handler
                0x08006316        0x6 src\stm32f1xx_it.o
                0x08006316                BusFault_Handler
 .text.UsageFault_Handler
                0x0800631c        0x6 src\stm32f1xx_it.o
                0x0800631c                UsageFault_Handler
 .text.SVC_Handler
                0x08006322        0xc src\stm32f1xx_it.o
                0x08006322                SVC_Handler
 .text.DebugMon_Handler
                0x0800632e        0xc src\stm32f1xx_it.o
                0x0800632e                DebugMon_Handler
 .text.PendSV_Handler
                0x0800633a        0xc src\stm32f1xx_it.o
                0x0800633a                PendSV_Handler
 .text.SysTick_Handler
                0x08006346        0xc src\stm32f1xx_it.o
                0x08006346                SysTick_Handler
 *fill*         0x08006352        0x2 
 .text.__io_putchar
                0x08006354       0x34 src\syscalls.o
                0x08006354                __io_putchar
 .text._write   0x08006388       0x38 src\syscalls.o
                0x08006388                _write
 .text._sbrk    0x080063c0       0x3c src\syscalls.o
                0x080063c0                _sbrk
 .text._close   0x080063fc       0x20 src\syscalls.o
                0x080063fc                _close
 .text._fstat   0x0800641c       0x24 src\syscalls.o
                0x0800641c                _fstat
 .text._isatty  0x08006440       0x20 src\syscalls.o
                0x08006440                _isatty
 .text._lseek   0x08006460       0x24 src\syscalls.o
                0x08006460                _lseek
 .text._read    0x08006484       0x24 src\syscalls.o
                0x08006484                _read
 .text.SystemInit
                0x080064a8       0x68 src\system_stm32f10x.o
                0x080064a8                SystemInit
 .text.SetSysClock
                0x08006510        0xc src\system_stm32f10x.o
 .text.SetSysClockTo72
                0x0800651c      0x100 src\system_stm32f10x.o
 .text.atoi     0x0800661c        0x8 d:/aboutstm32/truestudio/truestudio for stm32 9.3.0/armtools/bin/../lib/gcc/arm-atollic-eabi/6.3.1/../../../../arm-atollic-eabi/lib/armv7-m\libc.a(lib_a-atoi.o)
                0x0800661c                atoi
 .text.atol     0x08006624        0x8 d:/aboutstm32/truestudio/truestudio for stm32 9.3.0/armtools/bin/../lib/gcc/arm-atollic-eabi/6.3.1/../../../../arm-atollic-eabi/lib/armv7-m\libc.a(lib_a-atol.o)
                0x08006624                atol
 .text.__libc_init_array
                0x0800662c       0x48 d:/aboutstm32/truestudio/truestudio for stm32 9.3.0/armtools/bin/../lib/gcc/arm-atollic-eabi/6.3.1/../../../../arm-atollic-eabi/lib/armv7-m\libc.a(lib_a-init.o)
                0x0800662c                __libc_init_array
 .text.memcmp   0x08006674       0x1e d:/aboutstm32/truestudio/truestudio for stm32 9.3.0/armtools/bin/../lib/gcc/arm-atollic-eabi/6.3.1/../../../../arm-atollic-eabi/lib/armv7-m\libc.a(lib_a-memcmp.o)
                0x08006674                memcmp
 .text.memcpy   0x08006692       0x16 d:/aboutstm32/truestudio/truestudio for stm32 9.3.0/armtools/bin/../lib/gcc/arm-atollic-eabi/6.3.1/../../../../arm-atollic-eabi/lib/armv7-m\libc.a(lib_a-memcpy-stub.o)
                0x08006692                memcpy
 .text.memset   0x080066a8       0x10 d:/aboutstm32/truestudio/truestudio for stm32 9.3.0/armtools/bin/../lib/gcc/arm-atollic-eabi/6.3.1/../../../../arm-atollic-eabi/lib/armv7-m\libc.a(lib_a-memset.o)
                0x080066a8                memset
 .text.printf   0x080066b8       0x30 d:/aboutstm32/truestudio/truestudio for stm32 9.3.0/armtools/bin/../lib/gcc/arm-atollic-eabi/6.3.1/../../../../arm-atollic-eabi/lib/armv7-m\libc.a(lib_a-printf.o)
                0x080066b8                printf
 .text._puts_r  0x080066e8       0xc0 d:/aboutstm32/truestudio/truestudio for stm32 9.3.0/armtools/bin/../lib/gcc/arm-atollic-eabi/6.3.1/../../../../arm-atollic-eabi/lib/armv7-m\libc.a(lib_a-puts.o)
                0x080066e8                _puts_r
 .text.puts     0x080067a8       0x10 d:/aboutstm32/truestudio/truestudio for stm32 9.3.0/armtools/bin/../lib/gcc/arm-atollic-eabi/6.3.1/../../../../arm-atollic-eabi/lib/armv7-m\libc.a(lib_a-puts.o)
                0x080067a8                puts
 .text.sprintf  0x080067b8       0x48 d:/aboutstm32/truestudio/truestudio for stm32 9.3.0/armtools/bin/../lib/gcc/arm-atollic-eabi/6.3.1/../../../../arm-atollic-eabi/lib/armv7-m\libc.a(lib_a-sprintf.o)
                0x080067b8                sprintf
 .text.strcat   0x08006800       0x1e d:/aboutstm32/truestudio/truestudio for stm32 9.3.0/armtools/bin/../lib/gcc/arm-atollic-eabi/6.3.1/../../../../arm-atollic-eabi/lib/armv7-m\libc.a(lib_a-strcat.o)
                0x08006800                strcat
 .text.strchr   0x0800681e       0x1c d:/aboutstm32/truestudio/truestudio for stm32 9.3.0/armtools/bin/../lib/gcc/arm-atollic-eabi/6.3.1/../../../../arm-atollic-eabi/lib/armv7-m\libc.a(lib_a-strchr.o)
                0x0800681e                strchr
 .text.strcpy   0x0800683a       0x10 d:/aboutstm32/truestudio/truestudio for stm32 9.3.0/armtools/bin/../lib/gcc/arm-atollic-eabi/6.3.1/../../../../arm-atollic-eabi/lib/armv7-m\libc.a(lib_a-strcpy.o)
                0x0800683a                strcpy
 .text.strncat  0x0800684a       0x28 d:/aboutstm32/truestudio/truestudio for stm32 9.3.0/armtools/bin/../lib/gcc/arm-atollic-eabi/6.3.1/../../../../arm-atollic-eabi/lib/armv7-m\libc.a(lib_a-strncat.o)
                0x0800684a                strncat
 .text.strstr   0x08006872       0x36 d:/aboutstm32/truestudio/truestudio for stm32 9.3.0/armtools/bin/../lib/gcc/arm-atollic-eabi/6.3.1/../../../../arm-atollic-eabi/lib/armv7-m\libc.a(lib_a-strstr.o)
                0x08006872                strstr
 .text.strtok   0x080068a8       0x58 d:/aboutstm32/truestudio/truestudio for stm32 9.3.0/armtools/bin/../lib/gcc/arm-atollic-eabi/6.3.1/../../../../arm-atollic-eabi/lib/armv7-m\libc.a(lib_a-strtok.o)
                0x080068a8                strtok
 .text.__strtok_r
                0x08006900       0x52 d:/aboutstm32/truestudio/truestudio for stm32 9.3.0/armtools/bin/../lib/gcc/arm-atollic-eabi/6.3.1/../../../../arm-atollic-eabi/lib/armv7-m\libc.a(lib_a-strtok_r.o)
                0x08006900                __strtok_r
 .text._strtol_l.isra.0
                0x08006952      0x100 d:/aboutstm32/truestudio/truestudio for stm32 9.3.0/armtools/bin/../lib/gcc/arm-atollic-eabi/6.3.1/../../../../arm-atollic-eabi/lib/armv7-m\libc.a(lib_a-strtol.o)
 *fill*         0x08006a52        0x2 
 .text.strtol   0x08006a54       0x2c d:/aboutstm32/truestudio/truestudio for stm32 9.3.0/armtools/bin/../lib/gcc/arm-atollic-eabi/6.3.1/../../../../arm-atollic-eabi/lib/armv7-m\libc.a(lib_a-strtol.o)
                0x08006a54                strtol
 .text._svfprintf_r
                0x08006a80      0xfa0 d:/aboutstm32/truestudio/truestudio for stm32 9.3.0/armtools/bin/../lib/gcc/arm-atollic-eabi/6.3.1/../../../../arm-atollic-eabi/lib/armv7-m\libc.a(lib_a-svfprintf.o)
                0x08006a80                _svfprintf_r
 .text._vfprintf_r
                0x08007a20     0x106c d:/aboutstm32/truestudio/truestudio for stm32 9.3.0/armtools/bin/../lib/gcc/arm-atollic-eabi/6.3.1/../../../../arm-atollic-eabi/lib/armv7-m\libc.a(lib_a-vfprintf.o)
                0x08007a20                _vfprintf_r
 .text.__sbprintf
                0x08008a8c       0x80 d:/aboutstm32/truestudio/truestudio for stm32 9.3.0/armtools/bin/../lib/gcc/arm-atollic-eabi/6.3.1/../../../../arm-atollic-eabi/lib/armv7-m\libc.a(lib_a-vfprintf.o)
 .text.__swsetup_r
                0x08008b0c       0xdc d:/aboutstm32/truestudio/truestudio for stm32 9.3.0/armtools/bin/../lib/gcc/arm-atollic-eabi/6.3.1/../../../../arm-atollic-eabi/lib/armv7-m\libc.a(lib_a-wsetup.o)
                0x08008b0c                __swsetup_r
 .text.quorem   0x08008be8      0x118 d:/aboutstm32/truestudio/truestudio for stm32 9.3.0/armtools/bin/../lib/gcc/arm-atollic-eabi/6.3.1/../../../../arm-atollic-eabi/lib/armv7-m\libc.a(lib_a-dtoa.o)
 .text._dtoa_r  0x08008d00      0xba8 d:/aboutstm32/truestudio/truestudio for stm32 9.3.0/armtools/bin/../lib/gcc/arm-atollic-eabi/6.3.1/../../../../arm-atollic-eabi/lib/armv7-m\libc.a(lib_a-dtoa.o)
                0x08008d00                _dtoa_r
 .text.__sflush_r
                0x080098a8      0x124 d:/aboutstm32/truestudio/truestudio for stm32 9.3.0/armtools/bin/../lib/gcc/arm-atollic-eabi/6.3.1/../../../../arm-atollic-eabi/lib/armv7-m\libc.a(lib_a-fflush.o)
                0x080098a8                __sflush_r
 .text._fflush_r
                0x080099cc       0x78 d:/aboutstm32/truestudio/truestudio for stm32 9.3.0/armtools/bin/../lib/gcc/arm-atollic-eabi/6.3.1/../../../../arm-atollic-eabi/lib/armv7-m\libc.a(lib_a-fflush.o)
                0x080099cc                _fflush_r
 .text._cleanup_r
                0x08009a44        0xc d:/aboutstm32/truestudio/truestudio for stm32 9.3.0/armtools/bin/../lib/gcc/arm-atollic-eabi/6.3.1/../../../../arm-atollic-eabi/lib/armv7-m\libc.a(lib_a-findfp.o)
                0x08009a44                _cleanup_r
 .text.std.isra.0
                0x08009a50       0x48 d:/aboutstm32/truestudio/truestudio for stm32 9.3.0/armtools/bin/../lib/gcc/arm-atollic-eabi/6.3.1/../../../../arm-atollic-eabi/lib/armv7-m\libc.a(lib_a-findfp.o)
 .text.__sfmoreglue
                0x08009a98       0x2c d:/aboutstm32/truestudio/truestudio for stm32 9.3.0/armtools/bin/../lib/gcc/arm-atollic-eabi/6.3.1/../../../../arm-atollic-eabi/lib/armv7-m\libc.a(lib_a-findfp.o)
                0x08009a98                __sfmoreglue
 .text.__sfp_lock_acquire
                0x08009ac4        0xc d:/aboutstm32/truestudio/truestudio for stm32 9.3.0/armtools/bin/../lib/gcc/arm-atollic-eabi/6.3.1/../../../../arm-atollic-eabi/lib/armv7-m\libc.a(lib_a-findfp.o)
                0x08009ac4                __sfp_lock_acquire
 .text.__sfp_lock_release
                0x08009ad0        0xc d:/aboutstm32/truestudio/truestudio for stm32 9.3.0/armtools/bin/../lib/gcc/arm-atollic-eabi/6.3.1/../../../../arm-atollic-eabi/lib/armv7-m\libc.a(lib_a-findfp.o)
                0x08009ad0                __sfp_lock_release
 .text.__sinit_lock_acquire
                0x08009adc        0xc d:/aboutstm32/truestudio/truestudio for stm32 9.3.0/armtools/bin/../lib/gcc/arm-atollic-eabi/6.3.1/../../../../arm-atollic-eabi/lib/armv7-m\libc.a(lib_a-findfp.o)
                0x08009adc                __sinit_lock_acquire
 .text.__sinit_lock_release
                0x08009ae8        0xc d:/aboutstm32/truestudio/truestudio for stm32 9.3.0/armtools/bin/../lib/gcc/arm-atollic-eabi/6.3.1/../../../../arm-atollic-eabi/lib/armv7-m\libc.a(lib_a-findfp.o)
                0x08009ae8                __sinit_lock_release
 .text.__sinit  0x08009af4       0x78 d:/aboutstm32/truestudio/truestudio for stm32 9.3.0/armtools/bin/../lib/gcc/arm-atollic-eabi/6.3.1/../../../../arm-atollic-eabi/lib/armv7-m\libc.a(lib_a-findfp.o)
                0x08009af4                __sinit
 .text.__sfp    0x08009b6c       0x8c d:/aboutstm32/truestudio/truestudio for stm32 9.3.0/armtools/bin/../lib/gcc/arm-atollic-eabi/6.3.1/../../../../arm-atollic-eabi/lib/armv7-m\libc.a(lib_a-findfp.o)
                0x08009b6c                __sfp
 .text._malloc_trim_r
                0x08009bf8       0xac d:/aboutstm32/truestudio/truestudio for stm32 9.3.0/armtools/bin/../lib/gcc/arm-atollic-eabi/6.3.1/../../../../arm-atollic-eabi/lib/armv7-m\libc.a(lib_a-freer.o)
                0x08009bf8                _malloc_trim_r
 .text._free_r  0x08009ca4      0x178 d:/aboutstm32/truestudio/truestudio for stm32 9.3.0/armtools/bin/../lib/gcc/arm-atollic-eabi/6.3.1/../../../../arm-atollic-eabi/lib/armv7-m\libc.a(lib_a-freer.o)
                0x08009ca4                _free_r
 .text.__sfvwrite_r
                0x08009e1c      0x29c d:/aboutstm32/truestudio/truestudio for stm32 9.3.0/armtools/bin/../lib/gcc/arm-atollic-eabi/6.3.1/../../../../arm-atollic-eabi/lib/armv7-m\libc.a(lib_a-fvwrite.o)
                0x08009e1c                __sfvwrite_r
 .text._fwalk_reent
                0x0800a0b8       0x3c d:/aboutstm32/truestudio/truestudio for stm32 9.3.0/armtools/bin/../lib/gcc/arm-atollic-eabi/6.3.1/../../../../arm-atollic-eabi/lib/armv7-m\libc.a(lib_a-fwalk.o)
                0x0800a0b8                _fwalk_reent
 .text.__locale_mb_cur_max
                0x0800a0f4       0x1c d:/aboutstm32/truestudio/truestudio for stm32 9.3.0/armtools/bin/../lib/gcc/arm-atollic-eabi/6.3.1/../../../../arm-atollic-eabi/lib/armv7-m\libc.a(lib_a-locale.o)
                0x0800a0f4                __locale_mb_cur_max
 .text.__locale_ctype_ptr_l
                0x0800a110        0x6 d:/aboutstm32/truestudio/truestudio for stm32 9.3.0/armtools/bin/../lib/gcc/arm-atollic-eabi/6.3.1/../../../../arm-atollic-eabi/lib/armv7-m\libc.a(lib_a-locale.o)
                0x0800a110                __locale_ctype_ptr_l
 *fill*         0x0800a116        0x2 
 .text._localeconv_r
                0x0800a118       0x1c d:/aboutstm32/truestudio/truestudio for stm32 9.3.0/armtools/bin/../lib/gcc/arm-atollic-eabi/6.3.1/../../../../arm-atollic-eabi/lib/armv7-m\libc.a(lib_a-localeconv.o)
                0x0800a118                _localeconv_r
 .text.__retarget_lock_init_recursive
                0x0800a134        0x2 d:/aboutstm32/truestudio/truestudio for stm32 9.3.0/armtools/bin/../lib/gcc/arm-atollic-eabi/6.3.1/../../../../arm-atollic-eabi/lib/armv7-m\libc.a(lib_a-lock.o)
                0x0800a134                __retarget_lock_init_recursive
 .text.__retarget_lock_close_recursive
                0x0800a136        0x2 d:/aboutstm32/truestudio/truestudio for stm32 9.3.0/armtools/bin/../lib/gcc/arm-atollic-eabi/6.3.1/../../../../arm-atollic-eabi/lib/armv7-m\libc.a(lib_a-lock.o)
                0x0800a136                __retarget_lock_close_recursive
 .text.__retarget_lock_acquire_recursive
                0x0800a138        0x2 d:/aboutstm32/truestudio/truestudio for stm32 9.3.0/armtools/bin/../lib/gcc/arm-atollic-eabi/6.3.1/../../../../arm-atollic-eabi/lib/armv7-m\libc.a(lib_a-lock.o)
                0x0800a138                __retarget_lock_acquire_recursive
 .text.__retarget_lock_release_recursive
                0x0800a13a        0x2 d:/aboutstm32/truestudio/truestudio for stm32 9.3.0/armtools/bin/../lib/gcc/arm-atollic-eabi/6.3.1/../../../../arm-atollic-eabi/lib/armv7-m\libc.a(lib_a-lock.o)
                0x0800a13a                __retarget_lock_release_recursive
 .text.__swhatbuf_r
                0x0800a13c       0x56 d:/aboutstm32/truestudio/truestudio for stm32 9.3.0/armtools/bin/../lib/gcc/arm-atollic-eabi/6.3.1/../../../../arm-atollic-eabi/lib/armv7-m\libc.a(lib_a-makebuf.o)
                0x0800a13c                __swhatbuf_r
 *fill*         0x0800a192        0x2 
 .text.__smakebuf_r
                0x0800a194       0x80 d:/aboutstm32/truestudio/truestudio for stm32 9.3.0/armtools/bin/../lib/gcc/arm-atollic-eabi/6.3.1/../../../../arm-atollic-eabi/lib/armv7-m\libc.a(lib_a-makebuf.o)
                0x0800a194                __smakebuf_r
 .text.malloc   0x0800a214       0x10 d:/aboutstm32/truestudio/truestudio for stm32 9.3.0/armtools/bin/../lib/gcc/arm-atollic-eabi/6.3.1/../../../../arm-atollic-eabi/lib/armv7-m\libc.a(lib_a-malloc.o)
                0x0800a214                malloc
 .text._malloc_r
                0x0800a224      0x418 d:/aboutstm32/truestudio/truestudio for stm32 9.3.0/armtools/bin/../lib/gcc/arm-atollic-eabi/6.3.1/../../../../arm-atollic-eabi/lib/armv7-m\libc.a(lib_a-mallocr.o)
                0x0800a224                _malloc_r
 .text.__ascii_mbtowc
                0x0800a63c       0x24 d:/aboutstm32/truestudio/truestudio for stm32 9.3.0/armtools/bin/../lib/gcc/arm-atollic-eabi/6.3.1/../../../../arm-atollic-eabi/lib/armv7-m\libc.a(lib_a-mbtowc_r.o)
                0x0800a63c                __ascii_mbtowc
 .text.memchr   0x0800a660       0x1c d:/aboutstm32/truestudio/truestudio for stm32 9.3.0/armtools/bin/../lib/gcc/arm-atollic-eabi/6.3.1/../../../../arm-atollic-eabi/lib/armv7-m\libc.a(lib_a-memchr-stub.o)
                0x0800a660                memchr
 .text.memmove  0x0800a67c       0x34 d:/aboutstm32/truestudio/truestudio for stm32 9.3.0/armtools/bin/../lib/gcc/arm-atollic-eabi/6.3.1/../../../../arm-atollic-eabi/lib/armv7-m\libc.a(lib_a-memmove.o)
                0x0800a67c                memmove
 .text.__malloc_lock
                0x0800a6b0        0xc d:/aboutstm32/truestudio/truestudio for stm32 9.3.0/armtools/bin/../lib/gcc/arm-atollic-eabi/6.3.1/../../../../arm-atollic-eabi/lib/armv7-m\libc.a(lib_a-mlock.o)
                0x0800a6b0                __malloc_lock
 .text.__malloc_unlock
                0x0800a6bc        0xc d:/aboutstm32/truestudio/truestudio for stm32 9.3.0/armtools/bin/../lib/gcc/arm-atollic-eabi/6.3.1/../../../../arm-atollic-eabi/lib/armv7-m\libc.a(lib_a-mlock.o)
                0x0800a6bc                __malloc_unlock
 .text._Balloc  0x0800a6c8       0x68 d:/aboutstm32/truestudio/truestudio for stm32 9.3.0/armtools/bin/../lib/gcc/arm-atollic-eabi/6.3.1/../../../../arm-atollic-eabi/lib/armv7-m\libc.a(lib_a-mprec.o)
                0x0800a6c8                _Balloc
 .text._Bfree   0x0800a730       0x2e d:/aboutstm32/truestudio/truestudio for stm32 9.3.0/armtools/bin/../lib/gcc/arm-atollic-eabi/6.3.1/../../../../arm-atollic-eabi/lib/armv7-m\libc.a(lib_a-mprec.o)
                0x0800a730                _Bfree
 .text.__multadd
                0x0800a75e       0x76 d:/aboutstm32/truestudio/truestudio for stm32 9.3.0/armtools/bin/../lib/gcc/arm-atollic-eabi/6.3.1/../../../../arm-atollic-eabi/lib/armv7-m\libc.a(lib_a-mprec.o)
                0x0800a75e                __multadd
 .text.__hi0bits
                0x0800a7d4       0x3e d:/aboutstm32/truestudio/truestudio for stm32 9.3.0/armtools/bin/../lib/gcc/arm-atollic-eabi/6.3.1/../../../../arm-atollic-eabi/lib/armv7-m\libc.a(lib_a-mprec.o)
                0x0800a7d4                __hi0bits
 .text.__lo0bits
                0x0800a812       0x5e d:/aboutstm32/truestudio/truestudio for stm32 9.3.0/armtools/bin/../lib/gcc/arm-atollic-eabi/6.3.1/../../../../arm-atollic-eabi/lib/armv7-m\libc.a(lib_a-mprec.o)
                0x0800a812                __lo0bits
 .text.__i2b    0x0800a870       0x12 d:/aboutstm32/truestudio/truestudio for stm32 9.3.0/armtools/bin/../lib/gcc/arm-atollic-eabi/6.3.1/../../../../arm-atollic-eabi/lib/armv7-m\libc.a(lib_a-mprec.o)
                0x0800a870                __i2b
 .text.__multiply
                0x0800a882      0x118 d:/aboutstm32/truestudio/truestudio for stm32 9.3.0/armtools/bin/../lib/gcc/arm-atollic-eabi/6.3.1/../../../../arm-atollic-eabi/lib/armv7-m\libc.a(lib_a-mprec.o)
                0x0800a882                __multiply
 *fill*         0x0800a99a        0x2 
 .text.__pow5mult
                0x0800a99c       0x9c d:/aboutstm32/truestudio/truestudio for stm32 9.3.0/armtools/bin/../lib/gcc/arm-atollic-eabi/6.3.1/../../../../arm-atollic-eabi/lib/armv7-m\libc.a(lib_a-mprec.o)
                0x0800a99c                __pow5mult
 .text.__lshift
                0x0800aa38       0xa2 d:/aboutstm32/truestudio/truestudio for stm32 9.3.0/armtools/bin/../lib/gcc/arm-atollic-eabi/6.3.1/../../../../arm-atollic-eabi/lib/armv7-m\libc.a(lib_a-mprec.o)
                0x0800aa38                __lshift
 .text.__mcmp   0x0800aada       0x34 d:/aboutstm32/truestudio/truestudio for stm32 9.3.0/armtools/bin/../lib/gcc/arm-atollic-eabi/6.3.1/../../../../arm-atollic-eabi/lib/armv7-m\libc.a(lib_a-mprec.o)
                0x0800aada                __mcmp
 .text.__mdiff  0x0800ab0e       0xbe d:/aboutstm32/truestudio/truestudio for stm32 9.3.0/armtools/bin/../lib/gcc/arm-atollic-eabi/6.3.1/../../../../arm-atollic-eabi/lib/armv7-m\libc.a(lib_a-mprec.o)
                0x0800ab0e                __mdiff
 .text.__d2b    0x0800abcc       0x9e d:/aboutstm32/truestudio/truestudio for stm32 9.3.0/armtools/bin/../lib/gcc/arm-atollic-eabi/6.3.1/../../../../arm-atollic-eabi/lib/armv7-m\libc.a(lib_a-mprec.o)
                0x0800abcc                __d2b
 *fill*         0x0800ac6a        0x2 
 .text._realloc_r
                0x0800ac6c      0x304 d:/aboutstm32/truestudio/truestudio for stm32 9.3.0/armtools/bin/../lib/gcc/arm-atollic-eabi/6.3.1/../../../../arm-atollic-eabi/lib/armv7-m\libc.a(lib_a-reallocr.o)
                0x0800ac6c                _realloc_r
 .text._sbrk_r  0x0800af70       0x20 d:/aboutstm32/truestudio/truestudio for stm32 9.3.0/armtools/bin/../lib/gcc/arm-atollic-eabi/6.3.1/../../../../arm-atollic-eabi/lib/armv7-m\libc.a(lib_a-sbrkr.o)
                0x0800af70                _sbrk_r
 .text.__sread  0x0800af90       0x22 d:/aboutstm32/truestudio/truestudio for stm32 9.3.0/armtools/bin/../lib/gcc/arm-atollic-eabi/6.3.1/../../../../arm-atollic-eabi/lib/armv7-m\libc.a(lib_a-stdio.o)
                0x0800af90                __sread
 .text.__swrite
                0x0800afb2       0x38 d:/aboutstm32/truestudio/truestudio for stm32 9.3.0/armtools/bin/../lib/gcc/arm-atollic-eabi/6.3.1/../../../../arm-atollic-eabi/lib/armv7-m\libc.a(lib_a-stdio.o)
                0x0800afb2                __swrite
 .text.__sseek  0x0800afea       0x24 d:/aboutstm32/truestudio/truestudio for stm32 9.3.0/armtools/bin/../lib/gcc/arm-atollic-eabi/6.3.1/../../../../arm-atollic-eabi/lib/armv7-m\libc.a(lib_a-stdio.o)
                0x0800afea                __sseek
 .text.__sclose
                0x0800b00e        0x8 d:/aboutstm32/truestudio/truestudio for stm32 9.3.0/armtools/bin/../lib/gcc/arm-atollic-eabi/6.3.1/../../../../arm-atollic-eabi/lib/armv7-m\libc.a(lib_a-stdio.o)
                0x0800b00e                __sclose
 .text.__ssprint_r
                0x0800b016       0xf4 d:/aboutstm32/truestudio/truestudio for stm32 9.3.0/armtools/bin/../lib/gcc/arm-atollic-eabi/6.3.1/../../../../arm-atollic-eabi/lib/armv7-m\libc.a(lib_a-svfiprintf.o)
                0x0800b016                __ssprint_r
 .text.__sprint_r
                0x0800b10a       0x6a d:/aboutstm32/truestudio/truestudio for stm32 9.3.0/armtools/bin/../lib/gcc/arm-atollic-eabi/6.3.1/../../../../arm-atollic-eabi/lib/armv7-m\libc.a(lib_a-vfiprintf.o)
                0x0800b10a                __sprint_r
 .text.__ascii_wctomb
                0x0800b174       0x1a d:/aboutstm32/truestudio/truestudio for stm32 9.3.0/armtools/bin/../lib/gcc/arm-atollic-eabi/6.3.1/../../../../arm-atollic-eabi/lib/armv7-m\libc.a(lib_a-wctomb_r.o)
                0x0800b174                __ascii_wctomb
 *fill*         0x0800b18e        0x2 
 .text._write_r
                0x0800b190       0x24 d:/aboutstm32/truestudio/truestudio for stm32 9.3.0/armtools/bin/../lib/gcc/arm-atollic-eabi/6.3.1/../../../../arm-atollic-eabi/lib/armv7-m\libc.a(lib_a-writer.o)
                0x0800b190                _write_r
 .text._calloc_r
                0x0800b1b4       0x5a d:/aboutstm32/truestudio/truestudio for stm32 9.3.0/armtools/bin/../lib/gcc/arm-atollic-eabi/6.3.1/../../../../arm-atollic-eabi/lib/armv7-m\libc.a(lib_a-callocr.o)
                0x0800b1b4                _calloc_r
 *fill*         0x0800b20e        0x2 
 .text._close_r
                0x0800b210       0x20 d:/aboutstm32/truestudio/truestudio for stm32 9.3.0/armtools/bin/../lib/gcc/arm-atollic-eabi/6.3.1/../../../../arm-atollic-eabi/lib/armv7-m\libc.a(lib_a-closer.o)
                0x0800b210                _close_r
 .text._fclose_r
                0x0800b230       0xd8 d:/aboutstm32/truestudio/truestudio for stm32 9.3.0/armtools/bin/../lib/gcc/arm-atollic-eabi/6.3.1/../../../../arm-atollic-eabi/lib/armv7-m\libc.a(lib_a-fclose.o)
                0x0800b230                _fclose_r
 .text.__fputwc
                0x0800b308       0x82 d:/aboutstm32/truestudio/truestudio for stm32 9.3.0/armtools/bin/../lib/gcc/arm-atollic-eabi/6.3.1/../../../../arm-atollic-eabi/lib/armv7-m\libc.a(lib_a-fputwc.o)
                0x0800b308                __fputwc
 .text._fputwc_r
                0x0800b38a       0x52 d:/aboutstm32/truestudio/truestudio for stm32 9.3.0/armtools/bin/../lib/gcc/arm-atollic-eabi/6.3.1/../../../../arm-atollic-eabi/lib/armv7-m\libc.a(lib_a-fputwc.o)
                0x0800b38a                _fputwc_r
 .text._fstat_r
                0x0800b3dc       0x24 d:/aboutstm32/truestudio/truestudio for stm32 9.3.0/armtools/bin/../lib/gcc/arm-atollic-eabi/6.3.1/../../../../arm-atollic-eabi/lib/armv7-m\libc.a(lib_a-fstatr.o)
                0x0800b3dc                _fstat_r
 .text._isatty_r
                0x0800b400       0x20 d:/aboutstm32/truestudio/truestudio for stm32 9.3.0/armtools/bin/../lib/gcc/arm-atollic-eabi/6.3.1/../../../../arm-atollic-eabi/lib/armv7-m\libc.a(lib_a-isattyr.o)
                0x0800b400                _isatty_r
 .text._lseek_r
                0x0800b420       0x24 d:/aboutstm32/truestudio/truestudio for stm32 9.3.0/armtools/bin/../lib/gcc/arm-atollic-eabi/6.3.1/../../../../arm-atollic-eabi/lib/armv7-m\libc.a(lib_a-lseekr.o)
                0x0800b420                _lseek_r
 .text._read_r  0x0800b444       0x24 d:/aboutstm32/truestudio/truestudio for stm32 9.3.0/armtools/bin/../lib/gcc/arm-atollic-eabi/6.3.1/../../../../arm-atollic-eabi/lib/armv7-m\libc.a(lib_a-readr.o)
                0x0800b444                _read_r
 .text.__swbuf_r
                0x0800b468       0xbc d:/aboutstm32/truestudio/truestudio for stm32 9.3.0/armtools/bin/../lib/gcc/arm-atollic-eabi/6.3.1/../../../../arm-atollic-eabi/lib/armv7-m\libc.a(lib_a-wbuf.o)
                0x0800b468                __swbuf_r
 .text._wcrtomb_r
                0x0800b524       0x50 d:/aboutstm32/truestudio/truestudio for stm32 9.3.0/armtools/bin/../lib/gcc/arm-atollic-eabi/6.3.1/../../../../arm-atollic-eabi/lib/armv7-m\libc.a(lib_a-wcrtomb.o)
                0x0800b524                _wcrtomb_r
 *(.glue_7)
 .glue_7        0x0800b574        0x0 linker stubs
 *(.glue_7t)
 .glue_7t       0x0800b574        0x0 linker stubs
 *(.eh_frame)
 .eh_frame      0x0800b574        0x0 d:/aboutstm32/truestudio/truestudio for stm32 9.3.0/armtools/bin/../lib/gcc/arm-atollic-eabi/6.3.1/armv7-m/crtbegin.o
 *(.init)
 .init          0x0800b574        0x4 d:/aboutstm32/truestudio/truestudio for stm32 9.3.0/armtools/bin/../lib/gcc/arm-atollic-eabi/6.3.1/armv7-m/crti.o
                0x0800b574                _init
 .init          0x0800b578        0x8 d:/aboutstm32/truestudio/truestudio for stm32 9.3.0/armtools/bin/../lib/gcc/arm-atollic-eabi/6.3.1/armv7-m/crtn.o
 *(.fini)
 .fini          0x0800b580        0x4 d:/aboutstm32/truestudio/truestudio for stm32 9.3.0/armtools/bin/../lib/gcc/arm-atollic-eabi/6.3.1/armv7-m/crti.o
                0x0800b580                _fini
 .fini          0x0800b584        0x8 d:/aboutstm32/truestudio/truestudio for stm32 9.3.0/armtools/bin/../lib/gcc/arm-atollic-eabi/6.3.1/armv7-m/crtn.o
                0x0800b58c                . = ALIGN (0x4)
                0x0800b58c                _etext = .

.vfp11_veneer   0x0800b58c        0x0
 .vfp11_veneer  0x0800b58c        0x0 linker stubs

.v4_bx          0x0800b58c        0x0
 .v4_bx         0x0800b58c        0x0 linker stubs

.iplt           0x0800b58c        0x0
 .iplt          0x0800b58c        0x0 d:/aboutstm32/truestudio/truestudio for stm32 9.3.0/armtools/bin/../lib/gcc/arm-atollic-eabi/6.3.1/armv7-m/crtbegin.o

.rodata         0x0800b590      0x830
                0x0800b590                . = ALIGN (0x4)
 *(.rodata)
 .rodata        0x0800b590      0x1c2 App\module_4G\usart_4G.o
 *fill*         0x0800b752        0x2 
 .rodata        0x0800b754       0x41 App\util\base64.o
 *fill*         0x0800b795        0x3 
 .rodata        0x0800b798       0x16 App\util\md5.o
 *fill*         0x0800b7ae        0x2 
 .rodata        0x0800b7b0       0x11 IAP\Src\common.o
 *fill*         0x0800b7c1        0x3 
 .rodata        0x0800b7c4      0x2cb IAP\Src\iap.o
 *fill*         0x0800ba8f        0x1 
 .rodata        0x0800ba90       0x12 Public\usart.o
 *fill*         0x0800baa2        0x2 
 .rodata        0x0800baa4       0x1c src\main.o
 .rodata        0x0800bac0        0xc src\stm32f1xx_it.o
 *(.rodata*)
 .rodata._puts_r.str1.1
                0x0800bacc        0x2 d:/aboutstm32/truestudio/truestudio for stm32 9.3.0/armtools/bin/../lib/gcc/arm-atollic-eabi/6.3.1/../../../../arm-atollic-eabi/lib/armv7-m\libc.a(lib_a-puts.o)
 .rodata._svfprintf_r.str1.1
                0x0800bace       0x34 d:/aboutstm32/truestudio/truestudio for stm32 9.3.0/armtools/bin/../lib/gcc/arm-atollic-eabi/6.3.1/../../../../arm-atollic-eabi/lib/armv7-m\libc.a(lib_a-svfprintf.o)
 .rodata.blanks.7236
                0x0800bb02       0x10 d:/aboutstm32/truestudio/truestudio for stm32 9.3.0/armtools/bin/../lib/gcc/arm-atollic-eabi/6.3.1/../../../../arm-atollic-eabi/lib/armv7-m\libc.a(lib_a-svfprintf.o)
 .rodata.zeroes.7237
                0x0800bb12       0x10 d:/aboutstm32/truestudio/truestudio for stm32 9.3.0/armtools/bin/../lib/gcc/arm-atollic-eabi/6.3.1/../../../../arm-atollic-eabi/lib/armv7-m\libc.a(lib_a-svfprintf.o)
 .rodata._vfprintf_r.str1.1
                0x0800bb22       0x34 d:/aboutstm32/truestudio/truestudio for stm32 9.3.0/armtools/bin/../lib/gcc/arm-atollic-eabi/6.3.1/../../../../arm-atollic-eabi/lib/armv7-m\libc.a(lib_a-vfprintf.o)
 .rodata.blanks.7251
                0x0800bb22       0x10 d:/aboutstm32/truestudio/truestudio for stm32 9.3.0/armtools/bin/../lib/gcc/arm-atollic-eabi/6.3.1/../../../../arm-atollic-eabi/lib/armv7-m\libc.a(lib_a-vfprintf.o)
 .rodata.zeroes.7252
                0x0800bb32       0x10 d:/aboutstm32/truestudio/truestudio for stm32 9.3.0/armtools/bin/../lib/gcc/arm-atollic-eabi/6.3.1/../../../../arm-atollic-eabi/lib/armv7-m\libc.a(lib_a-vfprintf.o)
 .rodata._dtoa_r.str1.1
                0x0800bb42        0xd d:/aboutstm32/truestudio/truestudio for stm32 9.3.0/armtools/bin/../lib/gcc/arm-atollic-eabi/6.3.1/../../../../arm-atollic-eabi/lib/armv7-m\libc.a(lib_a-dtoa.o)
                                  0xf (size before relaxing)
 *fill*         0x0800bb4f        0x1 
 .rodata.__sf_fake_stderr
                0x0800bb50       0x20 d:/aboutstm32/truestudio/truestudio for stm32 9.3.0/armtools/bin/../lib/gcc/arm-atollic-eabi/6.3.1/../../../../arm-atollic-eabi/lib/armv7-m\libc.a(lib_a-findfp.o)
                0x0800bb50                __sf_fake_stderr
 .rodata.__sf_fake_stdin
                0x0800bb70       0x20 d:/aboutstm32/truestudio/truestudio for stm32 9.3.0/armtools/bin/../lib/gcc/arm-atollic-eabi/6.3.1/../../../../arm-atollic-eabi/lib/armv7-m\libc.a(lib_a-findfp.o)
                0x0800bb70                __sf_fake_stdin
 .rodata.__sf_fake_stdout
                0x0800bb90       0x20 d:/aboutstm32/truestudio/truestudio for stm32 9.3.0/armtools/bin/../lib/gcc/arm-atollic-eabi/6.3.1/../../../../arm-atollic-eabi/lib/armv7-m\libc.a(lib_a-findfp.o)
                0x0800bb90                __sf_fake_stdout
 .rodata._global_impure_ptr
                0x0800bbb0        0x4 d:/aboutstm32/truestudio/truestudio for stm32 9.3.0/armtools/bin/../lib/gcc/arm-atollic-eabi/6.3.1/../../../../arm-atollic-eabi/lib/armv7-m\libc.a(lib_a-impure.o)
                0x0800bbb0                _global_impure_ptr
 .rodata._setlocale_r.str1.1
                0x0800bbb4        0x8 d:/aboutstm32/truestudio/truestudio for stm32 9.3.0/armtools/bin/../lib/gcc/arm-atollic-eabi/6.3.1/../../../../arm-atollic-eabi/lib/armv7-m\libc.a(lib_a-locale.o)
                                  0x9 (size before relaxing)
 .rodata.str1.1
                0x0800bbbc        0x2 d:/aboutstm32/truestudio/truestudio for stm32 9.3.0/armtools/bin/../lib/gcc/arm-atollic-eabi/6.3.1/../../../../arm-atollic-eabi/lib/armv7-m\libc.a(lib_a-locale.o)
 *fill*         0x0800bbbe        0x2 
 .rodata.__mprec_bigtens
                0x0800bbc0       0x28 d:/aboutstm32/truestudio/truestudio for stm32 9.3.0/armtools/bin/../lib/gcc/arm-atollic-eabi/6.3.1/../../../../arm-atollic-eabi/lib/armv7-m\libc.a(lib_a-mprec.o)
                0x0800bbc0                __mprec_bigtens
 .rodata.__mprec_tens
                0x0800bbe8       0xc8 d:/aboutstm32/truestudio/truestudio for stm32 9.3.0/armtools/bin/../lib/gcc/arm-atollic-eabi/6.3.1/../../../../arm-atollic-eabi/lib/armv7-m\libc.a(lib_a-mprec.o)
                0x0800bbe8                __mprec_tens
 .rodata.p05.6073
                0x0800bcb0        0xc d:/aboutstm32/truestudio/truestudio for stm32 9.3.0/armtools/bin/../lib/gcc/arm-atollic-eabi/6.3.1/../../../../arm-atollic-eabi/lib/armv7-m\libc.a(lib_a-mprec.o)
 .rodata._ctype_
                0x0800bcbc      0x101 d:/aboutstm32/truestudio/truestudio for stm32 9.3.0/armtools/bin/../lib/gcc/arm-atollic-eabi/6.3.1/../../../../arm-atollic-eabi/lib/armv7-m\libc.a(lib_a-ctype_.o)
                0x0800bcbc                _ctype_
                0x0800bdc0                . = ALIGN (0x4)
 *fill*         0x0800bdbd        0x3 

.ARM.extab
 *(.ARM.extab* .gnu.linkonce.armextab.*)

.ARM            0x0800bdc0        0x8
                0x0800bdc0                __exidx_start = .
 *(.ARM.exidx*)
 .ARM.exidx     0x0800bdc0        0x8 d:/aboutstm32/truestudio/truestudio for stm32 9.3.0/armtools/bin/../lib/gcc/arm-atollic-eabi/6.3.1/armv7-m\libgcc.a(_udivmoddi4.o)
                0x0800bdc8                __exidx_end = .

.rel.dyn        0x0800bdc8        0x0
 .rel.iplt      0x0800bdc8        0x0 d:/aboutstm32/truestudio/truestudio for stm32 9.3.0/armtools/bin/../lib/gcc/arm-atollic-eabi/6.3.1/armv7-m/crtbegin.o

.preinit_array  0x0800bdc8        0x0
                0x0800bdc8                PROVIDE (__preinit_array_start, .)
 *(.preinit_array*)
                0x0800bdc8                PROVIDE (__preinit_array_end, .)

.init_array     0x0800bdc8        0x4
                0x0800bdc8                PROVIDE (__init_array_start, .)
 *(SORT(.init_array.*))
 *(.init_array*)
 .init_array    0x0800bdc8        0x4 d:/aboutstm32/truestudio/truestudio for stm32 9.3.0/armtools/bin/../lib/gcc/arm-atollic-eabi/6.3.1/armv7-m/crtbegin.o
                0x0800bdcc                PROVIDE (__init_array_end, .)

.fini_array     0x0800bdcc        0x4
                [!provide]                PROVIDE (__fini_array_start, .)
 *(SORT(.fini_array.*))
 *(.fini_array*)
 .fini_array    0x0800bdcc        0x4 d:/aboutstm32/truestudio/truestudio for stm32 9.3.0/armtools/bin/../lib/gcc/arm-atollic-eabi/6.3.1/armv7-m/crtbegin.o
                [!provide]                PROVIDE (__fini_array_end, .)
                0x0800bdd0                _sidata = LOADADDR (.data)

.data           0x20000000      0x6cc load address 0x0800bdd0
                0x20000000                . = ALIGN (0x4)
                0x20000000                _sdata = .
 *(.data)
 *(.data*)
 .data.base64char
                0x20000000        0x4 App\util\base64.o
                0x20000000                base64char
 .data.PADDING  0x20000004       0x40 App\util\md5.o
                0x20000004                PADDING
 .data.flashDes
                0x20000044        0x4 IAP\Src\iap.o
                0x20000044                flashDes
 .data.APBAHBPrescTable
                0x20000048       0x10 Libraries\STM32F10x_StdPeriph_Driver\src\stm32f10x_rcc.o
 .data.ADCPrescTable
                0x20000058        0x4 Libraries\STM32F10x_StdPeriph_Driver\src\stm32f10x_rcc.o
 .data._impure_ptr
                0x2000005c        0x4 d:/aboutstm32/truestudio/truestudio for stm32 9.3.0/armtools/bin/../lib/gcc/arm-atollic-eabi/6.3.1/../../../../arm-atollic-eabi/lib/armv7-m\libc.a(lib_a-impure.o)
                0x2000005c                _impure_ptr
 .data.impure_data
                0x20000060       0xf0 d:/aboutstm32/truestudio/truestudio for stm32 9.3.0/armtools/bin/../lib/gcc/arm-atollic-eabi/6.3.1/../../../../arm-atollic-eabi/lib/armv7-m\libc.a(lib_a-impure.o)
 .data.__global_locale
                0x20000150      0x16c d:/aboutstm32/truestudio/truestudio for stm32 9.3.0/armtools/bin/../lib/gcc/arm-atollic-eabi/6.3.1/../../../../arm-atollic-eabi/lib/armv7-m\libc.a(lib_a-locale.o)
                0x20000150                __global_locale
 .data.__malloc_av_
                0x200002bc      0x408 d:/aboutstm32/truestudio/truestudio for stm32 9.3.0/armtools/bin/../lib/gcc/arm-atollic-eabi/6.3.1/../../../../arm-atollic-eabi/lib/armv7-m\libc.a(lib_a-mallocr.o)
                0x200002bc                __malloc_av_
 .data.__malloc_sbrk_base
                0x200006c4        0x4 d:/aboutstm32/truestudio/truestudio for stm32 9.3.0/armtools/bin/../lib/gcc/arm-atollic-eabi/6.3.1/../../../../arm-atollic-eabi/lib/armv7-m\libc.a(lib_a-mallocr.o)
                0x200006c4                __malloc_sbrk_base
 .data.__malloc_trim_threshold
                0x200006c8        0x4 d:/aboutstm32/truestudio/truestudio for stm32 9.3.0/armtools/bin/../lib/gcc/arm-atollic-eabi/6.3.1/../../../../arm-atollic-eabi/lib/armv7-m\libc.a(lib_a-mallocr.o)
                0x200006c8                __malloc_trim_threshold
                0x200006cc                . = ALIGN (0x4)
                0x200006cc                _edata = .

.igot.plt       0x200006cc        0x0 load address 0x0800c49c
 .igot.plt      0x200006cc        0x0 d:/aboutstm32/truestudio/truestudio for stm32 9.3.0/armtools/bin/../lib/gcc/arm-atollic-eabi/6.3.1/armv7-m/crtbegin.o
                0x200006cc                . = ALIGN (0x4)

.bss            0x200006cc     0x1c64 load address 0x0800c49c
                0x200006cc                _sbss = .
                0x200006cc                __bss_start__ = _sbss
 *(.bss)
 .bss           0x200006cc       0x1c d:/aboutstm32/truestudio/truestudio for stm32 9.3.0/armtools/bin/../lib/gcc/arm-atollic-eabi/6.3.1/armv7-m/crtbegin.o
 *(.bss*)
 .bss.updateCnt
                0x200006e8        0x1 App\Tim\tim4.o
                0x200006e8                updateCnt
 .bss.initCnt   0x200006e9        0x1 App\Tim\tim4.o
                0x200006e9                initCnt
 *fill*         0x200006ea        0x2 
 .bss.WDeviceID
                0x200006ec        0x4 App\flash\STMFlash.o
                0x200006ec                WDeviceID
 .bss.F4G_Fram_Record_Struct
                0x200006f0      0xa40 App\module_4G\usart_4G.o
                0x200006f0                F4G_Fram_Record_Struct
 .bss.BlockNbr  0x20001130        0x4 IAP\Src\iap.o
                0x20001130                BlockNbr
 .bss.UserMemoryMask
                0x20001134        0x4 IAP\Src\iap.o
                0x20001134                UserMemoryMask
 .bss.FlashProtection
                0x20001138        0x4 IAP\Src\iap.o
                0x20001138                FlashProtection
 .bss.updating  0x2000113c        0x1 IAP\Src\iap.o
                0x2000113c                updating
 .bss.initing   0x2000113d        0x1 IAP\Src\iap.o
                0x2000113d                initing
 .bss.flagCPY   0x2000113e        0x2 IAP\Src\iap.o
                0x2000113e                flagCPY
 .bss.spfBuf    0x20001140       0x80 IAP\Src\iap.o
                0x20001140                spfBuf
 .bss.flashBuf  0x200011c0       0x80 IAP\Src\iap.o
                0x200011c0                flashBuf
 .bss.flashCnt  0x20001240        0x2 IAP\Src\iap.o
                0x20001240                flashCnt
 .bss.LOCAL_SERVER_SWITCH
                0x20001242        0x1 IAP\Src\iap.o
                0x20001242                LOCAL_SERVER_SWITCH
 .bss.fac_us    0x20001243        0x1 Public\systick.o
 .bss.fac_ms    0x20001244        0x2 Public\systick.o
 *fill*         0x20001246        0x2 
 .bss.USART1_Record_Struct
                0x20001248      0x80c Public\usart.o
                0x20001248                USART1_Record_Struct
 .bss.localUpdate
                0x20001a54        0x1 Public\usart.o
                0x20001a54                localUpdate
 *fill*         0x20001a55        0x3 
 .bss.heap_end.8347
                0x20001a58        0x4 src\syscalls.o
 .bss.__malloc_current_mallinfo
                0x20001a5c       0x28 d:/aboutstm32/truestudio/truestudio for stm32 9.3.0/armtools/bin/../lib/gcc/arm-atollic-eabi/6.3.1/../../../../arm-atollic-eabi/lib/armv7-m\libc.a(lib_a-mallocr.o)
                0x20001a5c                __malloc_current_mallinfo
 .bss.__malloc_max_sbrked_mem
                0x20001a84        0x4 d:/aboutstm32/truestudio/truestudio for stm32 9.3.0/armtools/bin/../lib/gcc/arm-atollic-eabi/6.3.1/../../../../arm-atollic-eabi/lib/armv7-m\libc.a(lib_a-mallocr.o)
                0x20001a84                __malloc_max_sbrked_mem
 .bss.__malloc_max_total_mem
                0x20001a88        0x4 d:/aboutstm32/truestudio/truestudio for stm32 9.3.0/armtools/bin/../lib/gcc/arm-atollic-eabi/6.3.1/../../../../arm-atollic-eabi/lib/armv7-m\libc.a(lib_a-mallocr.o)
                0x20001a88                __malloc_max_total_mem
 .bss.__malloc_top_pad
                0x20001a8c        0x4 d:/aboutstm32/truestudio/truestudio for stm32 9.3.0/armtools/bin/../lib/gcc/arm-atollic-eabi/6.3.1/../../../../arm-atollic-eabi/lib/armv7-m\libc.a(lib_a-mallocr.o)
                0x20001a8c                __malloc_top_pad
 *(COMMON)
 COMMON         0x20001a90      0x884 App\flash\STMFlash.o
                0x20001a90                WVersion
                0x20001a94                STMFLASH_BUF
                0x20002294                RVersion
                0x200022a8                RDeviceID
                0x200022b0                APPServer
 COMMON         0x20002314        0xc IAP\Src\iap.o
                0x20002314                RamSource
                0x20002318                JumpAddress
                0x2000231c                Jump_To_Application
 COMMON         0x20002320        0x4 d:/aboutstm32/truestudio/truestudio for stm32 9.3.0/armtools/bin/../lib/gcc/arm-atollic-eabi/6.3.1/../../../../arm-atollic-eabi/lib/armv7-m\libc.a(lib_a-reent.o)
                0x20002320                errno
 COMMON         0x20002324        0x9 d:/aboutstm32/truestudio/truestudio for stm32 9.3.0/armtools/bin/../lib/gcc/arm-atollic-eabi/6.3.1/../../../../arm-atollic-eabi/lib/armv7-m\libc.a(lib_a-lock.o)
                0x20002324                __lock___atexit_recursive_mutex
                0x20002325                __lock___arc4random_mutex
                0x20002326                __lock___env_recursive_mutex
                0x20002327                __lock___sinit_recursive_mutex
                0x20002328                __lock___malloc_recursive_mutex
                0x20002329                __lock___at_quick_exit_mutex
                0x2000232a                __lock___dd_hash_mutex
                0x2000232b                __lock___tz_mutex
                0x2000232c                __lock___sfp_recursive_mutex
                0x20002330                . = ALIGN (0x4)
 *fill*         0x2000232d        0x3 
                0x20002330                _ebss = .
                0x20002330                __bss_end__ = _ebss

._user_heap_stack
                0x20002330      0x200 load address 0x0800c49c
                0x20002330                . = ALIGN (0x4)
                0x20002330                PROVIDE (end, .)
                [!provide]                PROVIDE (_end, .)
                0x20002330                . = (. + _Min_Heap_Size)
                0x20002530                . = (. + _Min_Stack_Size)
 *fill*         0x20002330      0x200 
                0x20002530                . = ALIGN (0x4)

.memory_b1_text
 *(.mb1text)
 *(.mb1text*)
 *(.mb1rodata)
 *(.mb1rodata*)

/DISCARD/
 libc.a(*)
 libm.a(*)
 libgcc.a(*)

.ARM.attributes
                0x00000000       0x29
 *(.ARM.attributes)
 .ARM.attributes
                0x00000000       0x1d d:/aboutstm32/truestudio/truestudio for stm32 9.3.0/armtools/bin/../lib/gcc/arm-atollic-eabi/6.3.1/armv7-m/crti.o
 .ARM.attributes
                0x0000001d       0x2d d:/aboutstm32/truestudio/truestudio for stm32 9.3.0/armtools/bin/../lib/gcc/arm-atollic-eabi/6.3.1/armv7-m/crtbegin.o
 .ARM.attributes
                0x0000004a       0x33 App\Tim\tim4.o
 .ARM.attributes
                0x0000007d       0x33 App\flash\STMFlash.o
 .ARM.attributes
                0x000000b0       0x33 App\module_4G\usart_4G.o
 .ARM.attributes
                0x000000e3       0x33 App\util\base64.o
 .ARM.attributes
                0x00000116       0x33 App\util\md5.o
 .ARM.attributes
                0x00000149       0x33 App\wifi\public\wifi_public.o
 .ARM.attributes
                0x0000017c       0x33 IAP\Src\common.o
 .ARM.attributes
                0x000001af       0x33 IAP\Src\iap.o
 .ARM.attributes
                0x000001e2       0x33 Libraries\STM32F10x_StdPeriph_Driver\src\misc.o
 .ARM.attributes
                0x00000215       0x33 Libraries\STM32F10x_StdPeriph_Driver\src\stm32f10x_flash.o
 .ARM.attributes
                0x00000248       0x33 Libraries\STM32F10x_StdPeriph_Driver\src\stm32f10x_gpio.o
 .ARM.attributes
                0x0000027b       0x33 Libraries\STM32F10x_StdPeriph_Driver\src\stm32f10x_rcc.o
 .ARM.attributes
                0x000002ae       0x33 Libraries\STM32F10x_StdPeriph_Driver\src\stm32f10x_tim.o
 .ARM.attributes
                0x000002e1       0x33 Libraries\STM32F10x_StdPeriph_Driver\src\stm32f10x_usart.o
 .ARM.attributes
                0x00000314       0x33 Public\systick.o
 .ARM.attributes
                0x00000347       0x33 Public\usart.o
 .ARM.attributes
                0x0000037a       0x33 src\main.o
 .ARM.attributes
                0x000003ad       0x21 src\startup_stm32f10x_hd.o
 .ARM.attributes
                0x000003ce       0x33 src\stm32f1xx_it.o
 .ARM.attributes
                0x00000401       0x33 src\syscalls.o
 .ARM.attributes
                0x00000434       0x33 src\system_stm32f10x.o
 .ARM.attributes
                0x00000467       0x2d d:/aboutstm32/truestudio/truestudio for stm32 9.3.0/armtools/bin/../lib/gcc/arm-atollic-eabi/6.3.1/../../../../arm-atollic-eabi/lib/armv7-m\libc.a(lib_a-atoi.o)
 .ARM.attributes
                0x00000494       0x2d d:/aboutstm32/truestudio/truestudio for stm32 9.3.0/armtools/bin/../lib/gcc/arm-atollic-eabi/6.3.1/../../../../arm-atollic-eabi/lib/armv7-m\libc.a(lib_a-atol.o)
 .ARM.attributes
                0x000004c1       0x2d d:/aboutstm32/truestudio/truestudio for stm32 9.3.0/armtools/bin/../lib/gcc/arm-atollic-eabi/6.3.1/../../../../arm-atollic-eabi/lib/armv7-m\libc.a(lib_a-init.o)
 .ARM.attributes
                0x000004ee       0x2d d:/aboutstm32/truestudio/truestudio for stm32 9.3.0/armtools/bin/../lib/gcc/arm-atollic-eabi/6.3.1/../../../../arm-atollic-eabi/lib/armv7-m\libc.a(lib_a-memcmp.o)
 .ARM.attributes
                0x0000051b       0x2d d:/aboutstm32/truestudio/truestudio for stm32 9.3.0/armtools/bin/../lib/gcc/arm-atollic-eabi/6.3.1/../../../../arm-atollic-eabi/lib/armv7-m\libc.a(lib_a-memcpy-stub.o)
 .ARM.attributes
                0x00000548       0x2d d:/aboutstm32/truestudio/truestudio for stm32 9.3.0/armtools/bin/../lib/gcc/arm-atollic-eabi/6.3.1/../../../../arm-atollic-eabi/lib/armv7-m\libc.a(lib_a-memset.o)
 .ARM.attributes
                0x00000575       0x2d d:/aboutstm32/truestudio/truestudio for stm32 9.3.0/armtools/bin/../lib/gcc/arm-atollic-eabi/6.3.1/../../../../arm-atollic-eabi/lib/armv7-m\libc.a(lib_a-printf.o)
 .ARM.attributes
                0x000005a2       0x2d d:/aboutstm32/truestudio/truestudio for stm32 9.3.0/armtools/bin/../lib/gcc/arm-atollic-eabi/6.3.1/../../../../arm-atollic-eabi/lib/armv7-m\libc.a(lib_a-puts.o)
 .ARM.attributes
                0x000005cf       0x2d d:/aboutstm32/truestudio/truestudio for stm32 9.3.0/armtools/bin/../lib/gcc/arm-atollic-eabi/6.3.1/../../../../arm-atollic-eabi/lib/armv7-m\libc.a(lib_a-reent.o)
 .ARM.attributes
                0x000005fc       0x2d d:/aboutstm32/truestudio/truestudio for stm32 9.3.0/armtools/bin/../lib/gcc/arm-atollic-eabi/6.3.1/../../../../arm-atollic-eabi/lib/armv7-m\libc.a(lib_a-sprintf.o)
 .ARM.attributes
                0x00000629       0x2d d:/aboutstm32/truestudio/truestudio for stm32 9.3.0/armtools/bin/../lib/gcc/arm-atollic-eabi/6.3.1/../../../../arm-atollic-eabi/lib/armv7-m\libc.a(lib_a-strcat.o)
 .ARM.attributes
                0x00000656       0x2d d:/aboutstm32/truestudio/truestudio for stm32 9.3.0/armtools/bin/../lib/gcc/arm-atollic-eabi/6.3.1/../../../../arm-atollic-eabi/lib/armv7-m\libc.a(lib_a-strchr.o)
 .ARM.attributes
                0x00000683       0x2d d:/aboutstm32/truestudio/truestudio for stm32 9.3.0/armtools/bin/../lib/gcc/arm-atollic-eabi/6.3.1/../../../../arm-atollic-eabi/lib/armv7-m\libc.a(lib_a-strcpy.o)
 .ARM.attributes
                0x000006b0       0x17 d:/aboutstm32/truestudio/truestudio for stm32 9.3.0/armtools/bin/../lib/gcc/arm-atollic-eabi/6.3.1/../../../../arm-atollic-eabi/lib/armv7-m\libc.a(lib_a-strlen.o)
 .ARM.attributes
                0x000006c7       0x2d d:/aboutstm32/truestudio/truestudio for stm32 9.3.0/armtools/bin/../lib/gcc/arm-atollic-eabi/6.3.1/../../../../arm-atollic-eabi/lib/armv7-m\libc.a(lib_a-strncat.o)
 .ARM.attributes
                0x000006f4       0x2d d:/aboutstm32/truestudio/truestudio for stm32 9.3.0/armtools/bin/../lib/gcc/arm-atollic-eabi/6.3.1/../../../../arm-atollic-eabi/lib/armv7-m\libc.a(lib_a-strstr.o)
 .ARM.attributes
                0x00000721       0x2d d:/aboutstm32/truestudio/truestudio for stm32 9.3.0/armtools/bin/../lib/gcc/arm-atollic-eabi/6.3.1/../../../../arm-atollic-eabi/lib/armv7-m\libc.a(lib_a-strtok.o)
 .ARM.attributes
                0x0000074e       0x2d d:/aboutstm32/truestudio/truestudio for stm32 9.3.0/armtools/bin/../lib/gcc/arm-atollic-eabi/6.3.1/../../../../arm-atollic-eabi/lib/armv7-m\libc.a(lib_a-strtok_r.o)
 .ARM.attributes
                0x0000077b       0x2d d:/aboutstm32/truestudio/truestudio for stm32 9.3.0/armtools/bin/../lib/gcc/arm-atollic-eabi/6.3.1/../../../../arm-atollic-eabi/lib/armv7-m\libc.a(lib_a-strtol.o)
 .ARM.attributes
                0x000007a8       0x2d d:/aboutstm32/truestudio/truestudio for stm32 9.3.0/armtools/bin/../lib/gcc/arm-atollic-eabi/6.3.1/../../../../arm-atollic-eabi/lib/armv7-m\libc.a(lib_a-svfprintf.o)
 .ARM.attributes
                0x000007d5       0x2d d:/aboutstm32/truestudio/truestudio for stm32 9.3.0/armtools/bin/../lib/gcc/arm-atollic-eabi/6.3.1/../../../../arm-atollic-eabi/lib/armv7-m\libc.a(lib_a-vfprintf.o)
 .ARM.attributes
                0x00000802       0x2d d:/aboutstm32/truestudio/truestudio for stm32 9.3.0/armtools/bin/../lib/gcc/arm-atollic-eabi/6.3.1/../../../../arm-atollic-eabi/lib/armv7-m\libc.a(lib_a-wsetup.o)
 .ARM.attributes
                0x0000082f       0x2d d:/aboutstm32/truestudio/truestudio for stm32 9.3.0/armtools/bin/../lib/gcc/arm-atollic-eabi/6.3.1/../../../../arm-atollic-eabi/lib/armv7-m\libc.a(lib_a-dtoa.o)
 .ARM.attributes
                0x0000085c       0x2d d:/aboutstm32/truestudio/truestudio for stm32 9.3.0/armtools/bin/../lib/gcc/arm-atollic-eabi/6.3.1/../../../../arm-atollic-eabi/lib/armv7-m\libc.a(lib_a-fflush.o)
 .ARM.attributes
                0x00000889       0x2d d:/aboutstm32/truestudio/truestudio for stm32 9.3.0/armtools/bin/../lib/gcc/arm-atollic-eabi/6.3.1/../../../../arm-atollic-eabi/lib/armv7-m\libc.a(lib_a-findfp.o)
 .ARM.attributes
                0x000008b6       0x2d d:/aboutstm32/truestudio/truestudio for stm32 9.3.0/armtools/bin/../lib/gcc/arm-atollic-eabi/6.3.1/../../../../arm-atollic-eabi/lib/armv7-m\libc.a(lib_a-freer.o)
 .ARM.attributes
                0x000008e3       0x2d d:/aboutstm32/truestudio/truestudio for stm32 9.3.0/armtools/bin/../lib/gcc/arm-atollic-eabi/6.3.1/../../../../arm-atollic-eabi/lib/armv7-m\libc.a(lib_a-fvwrite.o)
 .ARM.attributes
                0x00000910       0x2d d:/aboutstm32/truestudio/truestudio for stm32 9.3.0/armtools/bin/../lib/gcc/arm-atollic-eabi/6.3.1/../../../../arm-atollic-eabi/lib/armv7-m\libc.a(lib_a-fwalk.o)
 .ARM.attributes
                0x0000093d       0x2d d:/aboutstm32/truestudio/truestudio for stm32 9.3.0/armtools/bin/../lib/gcc/arm-atollic-eabi/6.3.1/../../../../arm-atollic-eabi/lib/armv7-m\libc.a(lib_a-impure.o)
 .ARM.attributes
                0x0000096a       0x2d d:/aboutstm32/truestudio/truestudio for stm32 9.3.0/armtools/bin/../lib/gcc/arm-atollic-eabi/6.3.1/../../../../arm-atollic-eabi/lib/armv7-m\libc.a(lib_a-locale.o)
 .ARM.attributes
                0x00000997       0x2d d:/aboutstm32/truestudio/truestudio for stm32 9.3.0/armtools/bin/../lib/gcc/arm-atollic-eabi/6.3.1/../../../../arm-atollic-eabi/lib/armv7-m\libc.a(lib_a-localeconv.o)
 .ARM.attributes
                0x000009c4       0x2d d:/aboutstm32/truestudio/truestudio for stm32 9.3.0/armtools/bin/../lib/gcc/arm-atollic-eabi/6.3.1/../../../../arm-atollic-eabi/lib/armv7-m\libc.a(lib_a-lock.o)
 .ARM.attributes
                0x000009f1       0x2d d:/aboutstm32/truestudio/truestudio for stm32 9.3.0/armtools/bin/../lib/gcc/arm-atollic-eabi/6.3.1/../../../../arm-atollic-eabi/lib/armv7-m\libc.a(lib_a-makebuf.o)
 .ARM.attributes
                0x00000a1e       0x2d d:/aboutstm32/truestudio/truestudio for stm32 9.3.0/armtools/bin/../lib/gcc/arm-atollic-eabi/6.3.1/../../../../arm-atollic-eabi/lib/armv7-m\libc.a(lib_a-malloc.o)
 .ARM.attributes
                0x00000a4b       0x2d d:/aboutstm32/truestudio/truestudio for stm32 9.3.0/armtools/bin/../lib/gcc/arm-atollic-eabi/6.3.1/../../../../arm-atollic-eabi/lib/armv7-m\libc.a(lib_a-mallocr.o)
 .ARM.attributes
                0x00000a78       0x2d d:/aboutstm32/truestudio/truestudio for stm32 9.3.0/armtools/bin/../lib/gcc/arm-atollic-eabi/6.3.1/../../../../arm-atollic-eabi/lib/armv7-m\libc.a(lib_a-mbtowc_r.o)
 .ARM.attributes
                0x00000aa5       0x2d d:/aboutstm32/truestudio/truestudio for stm32 9.3.0/armtools/bin/../lib/gcc/arm-atollic-eabi/6.3.1/../../../../arm-atollic-eabi/lib/armv7-m\libc.a(lib_a-memchr-stub.o)
 .ARM.attributes
                0x00000ad2       0x2d d:/aboutstm32/truestudio/truestudio for stm32 9.3.0/armtools/bin/../lib/gcc/arm-atollic-eabi/6.3.1/../../../../arm-atollic-eabi/lib/armv7-m\libc.a(lib_a-memmove.o)
 .ARM.attributes
                0x00000aff       0x2d d:/aboutstm32/truestudio/truestudio for stm32 9.3.0/armtools/bin/../lib/gcc/arm-atollic-eabi/6.3.1/../../../../arm-atollic-eabi/lib/armv7-m\libc.a(lib_a-mlock.o)
 .ARM.attributes
                0x00000b2c       0x2d d:/aboutstm32/truestudio/truestudio for stm32 9.3.0/armtools/bin/../lib/gcc/arm-atollic-eabi/6.3.1/../../../../arm-atollic-eabi/lib/armv7-m\libc.a(lib_a-mprec.o)
 .ARM.attributes
                0x00000b59       0x2d d:/aboutstm32/truestudio/truestudio for stm32 9.3.0/armtools/bin/../lib/gcc/arm-atollic-eabi/6.3.1/../../../../arm-atollic-eabi/lib/armv7-m\libc.a(lib_a-reallocr.o)
 .ARM.attributes
                0x00000b86       0x2d d:/aboutstm32/truestudio/truestudio for stm32 9.3.0/armtools/bin/../lib/gcc/arm-atollic-eabi/6.3.1/../../../../arm-atollic-eabi/lib/armv7-m\libc.a(lib_a-sbrkr.o)
 .ARM.attributes
                0x00000bb3       0x2d d:/aboutstm32/truestudio/truestudio for stm32 9.3.0/armtools/bin/../lib/gcc/arm-atollic-eabi/6.3.1/../../../../arm-atollic-eabi/lib/armv7-m\libc.a(lib_a-stdio.o)
 .ARM.attributes
                0x00000be0       0x2d d:/aboutstm32/truestudio/truestudio for stm32 9.3.0/armtools/bin/../lib/gcc/arm-atollic-eabi/6.3.1/../../../../arm-atollic-eabi/lib/armv7-m\libc.a(lib_a-svfiprintf.o)
 .ARM.attributes
                0x00000c0d       0x2d d:/aboutstm32/truestudio/truestudio for stm32 9.3.0/armtools/bin/../lib/gcc/arm-atollic-eabi/6.3.1/../../../../arm-atollic-eabi/lib/armv7-m\libc.a(lib_a-vfiprintf.o)
 .ARM.attributes
                0x00000c3a       0x2d d:/aboutstm32/truestudio/truestudio for stm32 9.3.0/armtools/bin/../lib/gcc/arm-atollic-eabi/6.3.1/../../../../arm-atollic-eabi/lib/armv7-m\libc.a(lib_a-wctomb_r.o)
 .ARM.attributes
                0x00000c67       0x2d d:/aboutstm32/truestudio/truestudio for stm32 9.3.0/armtools/bin/../lib/gcc/arm-atollic-eabi/6.3.1/../../../../arm-atollic-eabi/lib/armv7-m\libc.a(lib_a-writer.o)
 .ARM.attributes
                0x00000c94       0x2d d:/aboutstm32/truestudio/truestudio for stm32 9.3.0/armtools/bin/../lib/gcc/arm-atollic-eabi/6.3.1/../../../../arm-atollic-eabi/lib/armv7-m\libc.a(lib_a-callocr.o)
 .ARM.attributes
                0x00000cc1       0x2d d:/aboutstm32/truestudio/truestudio for stm32 9.3.0/armtools/bin/../lib/gcc/arm-atollic-eabi/6.3.1/../../../../arm-atollic-eabi/lib/armv7-m\libc.a(lib_a-closer.o)
 .ARM.attributes
                0x00000cee       0x2d d:/aboutstm32/truestudio/truestudio for stm32 9.3.0/armtools/bin/../lib/gcc/arm-atollic-eabi/6.3.1/../../../../arm-atollic-eabi/lib/armv7-m\libc.a(lib_a-ctype_.o)
 .ARM.attributes
                0x00000d1b       0x2d d:/aboutstm32/truestudio/truestudio for stm32 9.3.0/armtools/bin/../lib/gcc/arm-atollic-eabi/6.3.1/../../../../arm-atollic-eabi/lib/armv7-m\libc.a(lib_a-fclose.o)
 .ARM.attributes
                0x00000d48       0x2d d:/aboutstm32/truestudio/truestudio for stm32 9.3.0/armtools/bin/../lib/gcc/arm-atollic-eabi/6.3.1/../../../../arm-atollic-eabi/lib/armv7-m\libc.a(lib_a-fputwc.o)
 .ARM.attributes
                0x00000d75       0x2d d:/aboutstm32/truestudio/truestudio for stm32 9.3.0/armtools/bin/../lib/gcc/arm-atollic-eabi/6.3.1/../../../../arm-atollic-eabi/lib/armv7-m\libc.a(lib_a-fstatr.o)
 .ARM.attributes
                0x00000da2       0x2d d:/aboutstm32/truestudio/truestudio for stm32 9.3.0/armtools/bin/../lib/gcc/arm-atollic-eabi/6.3.1/../../../../arm-atollic-eabi/lib/armv7-m\libc.a(lib_a-isattyr.o)
 .ARM.attributes
                0x00000dcf       0x2d d:/aboutstm32/truestudio/truestudio for stm32 9.3.0/armtools/bin/../lib/gcc/arm-atollic-eabi/6.3.1/../../../../arm-atollic-eabi/lib/armv7-m\libc.a(lib_a-lseekr.o)
 .ARM.attributes
                0x00000dfc       0x2d d:/aboutstm32/truestudio/truestudio for stm32 9.3.0/armtools/bin/../lib/gcc/arm-atollic-eabi/6.3.1/../../../../arm-atollic-eabi/lib/armv7-m\libc.a(lib_a-readr.o)
 .ARM.attributes
                0x00000e29       0x2d d:/aboutstm32/truestudio/truestudio for stm32 9.3.0/armtools/bin/../lib/gcc/arm-atollic-eabi/6.3.1/../../../../arm-atollic-eabi/lib/armv7-m\libc.a(lib_a-wbuf.o)
 .ARM.attributes
                0x00000e56       0x2d d:/aboutstm32/truestudio/truestudio for stm32 9.3.0/armtools/bin/../lib/gcc/arm-atollic-eabi/6.3.1/../../../../arm-atollic-eabi/lib/armv7-m\libc.a(lib_a-wcrtomb.o)
 .ARM.attributes
                0x00000e83       0x1d d:/aboutstm32/truestudio/truestudio for stm32 9.3.0/armtools/bin/../lib/gcc/arm-atollic-eabi/6.3.1/armv7-m\libgcc.a(_arm_addsubdf3.o)
 .ARM.attributes
                0x00000ea0       0x1d d:/aboutstm32/truestudio/truestudio for stm32 9.3.0/armtools/bin/../lib/gcc/arm-atollic-eabi/6.3.1/armv7-m\libgcc.a(_arm_muldivdf3.o)
 .ARM.attributes
                0x00000ebd       0x1d d:/aboutstm32/truestudio/truestudio for stm32 9.3.0/armtools/bin/../lib/gcc/arm-atollic-eabi/6.3.1/armv7-m\libgcc.a(_arm_cmpdf2.o)
 .ARM.attributes
                0x00000eda       0x1d d:/aboutstm32/truestudio/truestudio for stm32 9.3.0/armtools/bin/../lib/gcc/arm-atollic-eabi/6.3.1/armv7-m\libgcc.a(_arm_unorddf2.o)
 .ARM.attributes
                0x00000ef7       0x1d d:/aboutstm32/truestudio/truestudio for stm32 9.3.0/armtools/bin/../lib/gcc/arm-atollic-eabi/6.3.1/armv7-m\libgcc.a(_arm_fixdfsi.o)
 .ARM.attributes
                0x00000f14       0x1d d:/aboutstm32/truestudio/truestudio for stm32 9.3.0/armtools/bin/../lib/gcc/arm-atollic-eabi/6.3.1/armv7-m\libgcc.a(_aeabi_uldivmod.o)
 .ARM.attributes
                0x00000f31       0x2d d:/aboutstm32/truestudio/truestudio for stm32 9.3.0/armtools/bin/../lib/gcc/arm-atollic-eabi/6.3.1/armv7-m\libgcc.a(_udivmoddi4.o)
 .ARM.attributes
                0x00000f5e       0x1d d:/aboutstm32/truestudio/truestudio for stm32 9.3.0/armtools/bin/../lib/gcc/arm-atollic-eabi/6.3.1/armv7-m\libgcc.a(_dvmd_tls.o)
 .ARM.attributes
                0x00000f7b       0x1d d:/aboutstm32/truestudio/truestudio for stm32 9.3.0/armtools/bin/../lib/gcc/arm-atollic-eabi/6.3.1/armv7-m/crtn.o
OUTPUT(LoyerIAP2.elf elf32-littlearm)

.debug_info     0x00000000     0xeec4
 .debug_info    0x00000000     0x1024 App\Tim\tim4.o
 .debug_info    0x00001024      0xbd7 App\flash\STMFlash.o
 .debug_info    0x00001bfb     0x12e0 App\module_4G\usart_4G.o
 .debug_info    0x00002edb      0x9fa App\util\base64.o
 .debug_info    0x000038d5      0xbf4 App\util\md5.o
 .debug_info    0x000044c9      0x2f1 App\wifi\public\wifi_public.o
 .debug_info    0x000047ba      0xad7 IAP\Src\common.o
 .debug_info    0x00005291     0x16de IAP\Src\iap.o
 .debug_info    0x0000696f      0x54d Libraries\STM32F10x_StdPeriph_Driver\src\misc.o
 .debug_info    0x00006ebc      0x7c8 Libraries\STM32F10x_StdPeriph_Driver\src\stm32f10x_flash.o
 .debug_info    0x00007684      0x701 Libraries\STM32F10x_StdPeriph_Driver\src\stm32f10x_gpio.o
 .debug_info    0x00007d85      0x8b2 Libraries\STM32F10x_StdPeriph_Driver\src\stm32f10x_rcc.o
 .debug_info    0x00008637     0x1c6b Libraries\STM32F10x_StdPeriph_Driver\src\stm32f10x_tim.o
 .debug_info    0x0000a2a2      0x9fb Libraries\STM32F10x_StdPeriph_Driver\src\stm32f10x_usart.o
 .debug_info    0x0000ac9d      0x1e1 Public\systick.o
 .debug_info    0x0000ae7e     0x1134 Public\usart.o
 .debug_info    0x0000bfb2      0xebf src\main.o
 .debug_info    0x0000ce71       0x76 src\startup_stm32f10x_hd.o
 .debug_info    0x0000cee7      0x986 src\stm32f1xx_it.o
 .debug_info    0x0000d86d     0x11b0 src\syscalls.o
 .debug_info    0x0000ea1d      0x4a7 src\system_stm32f10x.o

.debug_abbrev   0x00000000     0x2733
 .debug_abbrev  0x00000000      0x234 App\Tim\tim4.o
 .debug_abbrev  0x00000234      0x20d App\flash\STMFlash.o
 .debug_abbrev  0x00000441      0x302 App\module_4G\usart_4G.o
 .debug_abbrev  0x00000743      0x1c2 App\util\base64.o
 .debug_abbrev  0x00000905      0x1f2 App\util\md5.o
 .debug_abbrev  0x00000af7      0x162 App\wifi\public\wifi_public.o
 .debug_abbrev  0x00000c59      0x204 IAP\Src\common.o
 .debug_abbrev  0x00000e5d      0x389 IAP\Src\iap.o
 .debug_abbrev  0x000011e6      0x172 Libraries\STM32F10x_StdPeriph_Driver\src\misc.o
 .debug_abbrev  0x00001358      0x1a0 Libraries\STM32F10x_StdPeriph_Driver\src\stm32f10x_flash.o
 .debug_abbrev  0x000014f8      0x1dd Libraries\STM32F10x_StdPeriph_Driver\src\stm32f10x_gpio.o
 .debug_abbrev  0x000016d5      0x1cf Libraries\STM32F10x_StdPeriph_Driver\src\stm32f10x_rcc.o
 .debug_abbrev  0x000018a4      0x1c3 Libraries\STM32F10x_StdPeriph_Driver\src\stm32f10x_tim.o
 .debug_abbrev  0x00001a67      0x18f Libraries\STM32F10x_StdPeriph_Driver\src\stm32f10x_usart.o
 .debug_abbrev  0x00001bf6       0xfe Public\systick.o
 .debug_abbrev  0x00001cf4      0x26f Public\usart.o
 .debug_abbrev  0x00001f63      0x24a src\main.o
 .debug_abbrev  0x000021ad       0x12 src\startup_stm32f10x_hd.o
 .debug_abbrev  0x000021bf      0x190 src\stm32f1xx_it.o
 .debug_abbrev  0x0000234f      0x276 src\syscalls.o
 .debug_abbrev  0x000025c5      0x16e src\system_stm32f10x.o

.debug_aranges  0x00000000      0xbb8
 .debug_aranges
                0x00000000       0x30 App\Tim\tim4.o
 .debug_aranges
                0x00000030       0x70 App\flash\STMFlash.o
 .debug_aranges
                0x000000a0       0x78 App\module_4G\usart_4G.o
 .debug_aranges
                0x00000118       0x30 App\util\base64.o
 .debug_aranges
                0x00000148       0x50 App\util\md5.o
 .debug_aranges
                0x00000198       0x28 App\wifi\public\wifi_public.o
 .debug_aranges
                0x000001c0       0x38 IAP\Src\common.o
 .debug_aranges
                0x000001f8       0xb8 IAP\Src\iap.o
 .debug_aranges
                0x000002b0       0x40 Libraries\STM32F10x_StdPeriph_Driver\src\misc.o
 .debug_aranges
                0x000002f0       0xf8 Libraries\STM32F10x_StdPeriph_Driver\src\stm32f10x_flash.o
 .debug_aranges
                0x000003e8       0xa8 Libraries\STM32F10x_StdPeriph_Driver\src\stm32f10x_gpio.o
 .debug_aranges
                0x00000490      0x118 Libraries\STM32F10x_StdPeriph_Driver\src\stm32f10x_rcc.o
 .debug_aranges
                0x000005a8      0x2f0 Libraries\STM32F10x_StdPeriph_Driver\src\stm32f10x_tim.o
 .debug_aranges
                0x00000898      0x100 Libraries\STM32F10x_StdPeriph_Driver\src\stm32f10x_usart.o
 .debug_aranges