core_cm3.h:1107:22:NVIC_SystemReset	0	static
iap.c:44:6:communicateWithHost	56	static
iap.c:53:6:catRequestStr	40	static
iap.c:62:6:catReqStr4UPdate	24	static
iap.c:73:6:request	136	static
iap.c:87:6:request4UPdate	136	static
iap.c:102:6:request4UPdataComplete	144	static
iap.c:174:6:IAP_WriteFlag	16	static
iap.c:181:10:IAP_ReadFlag	0	static
iap.c:187:6:IAP_USART_Init	8	static
iap.c:192:6:IAP_Init	8	static
iap.c:204:4:IAP_RunApp	8	static
iap.c:290:4:check_response	16	static
iap.c:227:6:IAP_Main_Menu	32	static
iap.c:680:8:IAP_Upload	8	static
iap.c:687:8:IAP_Erase	16	static
iap.c:357:8:IAP_Update	128	static
iap.c:698:4:Set_DeviceID	16	static
iap.c:722:6:Get_DeviceID	8	static
