Archive member included to satisfy reference by file (symbol)

d:/aboutstm32/truestudio/truestudio for stm32 9.3.0/armtools/bin/../lib/gcc/arm-atollic-eabi/6.3.1/../../../../arm-atollic-eabi/lib/armv7-m\libc.a(lib_a-atoi.o)
                              IAP\Src\iap.o (atoi)
d:/aboutstm32/truestudio/truestudio for stm32 9.3.0/armtools/bin/../lib/gcc/arm-atollic-eabi/6.3.1/../../../../arm-atollic-eabi/lib/armv7-m\libc.a(lib_a-atol.o)
                              IAP\Src\iap.o (atol)
d:/aboutstm32/truestudio/truestudio for stm32 9.3.0/armtools/bin/../lib/gcc/arm-atollic-eabi/6.3.1/../../../../arm-atollic-eabi/lib/armv7-m\libc.a(lib_a-init.o)
                              src\startup_stm32f10x_hd.o (__libc_init_array)
d:/aboutstm32/truestudio/truestudio for stm32 9.3.0/armtools/bin/../lib/gcc/arm-atollic-eabi/6.3.1/../../../../arm-atollic-eabi/lib/armv7-m\libc.a(lib_a-memcmp.o)
                              IAP\Src\iap.o (memcmp)
d:/aboutstm32/truestudio/truestudio for stm32 9.3.0/armtools/bin/../lib/gcc/arm-atollic-eabi/6.3.1/../../../../arm-atollic-eabi/lib/armv7-m\libc.a(lib_a-memcpy-stub.o)
                              App\module_4G\usart_4G.o (memcpy)
d:/aboutstm32/truestudio/truestudio for stm32 9.3.0/armtools/bin/../lib/gcc/arm-atollic-eabi/6.3.1/../../../../arm-atollic-eabi/lib/armv7-m\libc.a(lib_a-memset.o)
                              App\module_4G\usart_4G.o (memset)
d:/aboutstm32/truestudio/truestudio for stm32 9.3.0/armtools/bin/../lib/gcc/arm-atollic-eabi/6.3.1/../../../../arm-atollic-eabi/lib/armv7-m\libc.a(lib_a-printf.o)
                              App\module_4G\usart_4G.o (printf)
d:/aboutstm32/truestudio/truestudio for stm32 9.3.0/armtools/bin/../lib/gcc/arm-atollic-eabi/6.3.1/../../../../arm-atollic-eabi/lib/armv7-m\libc.a(lib_a-puts.o)
                              App\module_4G\usart_4G.o (puts)
d:/aboutstm32/truestudio/truestudio for stm32 9.3.0/armtools/bin/../lib/gcc/arm-atollic-eabi/6.3.1/../../../../arm-atollic-eabi/lib/armv7-m\libc.a(lib_a-reent.o)
                              src\syscalls.o (errno)
d:/aboutstm32/truestudio/truestudio for stm32 9.3.0/armtools/bin/../lib/gcc/arm-atollic-eabi/6.3.1/../../../../arm-atollic-eabi/lib/armv7-m\libc.a(lib_a-sprintf.o)
                              App\module_4G\usart_4G.o (sprintf)
d:/aboutstm32/truestudio/truestudio for stm32 9.3.0/armtools/bin/../lib/gcc/arm-atollic-eabi/6.3.1/../../../../arm-atollic-eabi/lib/armv7-m\libc.a(lib_a-strcat.o)
                              App\module_4G\usart_4G.o (strcat)
d:/aboutstm32/truestudio/truestudio for stm32 9.3.0/armtools/bin/../lib/gcc/arm-atollic-eabi/6.3.1/../../../../arm-atollic-eabi/lib/armv7-m\libc.a(lib_a-strchr.o)
                              App\module_4G\usart_4G.o (strchr)
d:/aboutstm32/truestudio/truestudio for stm32 9.3.0/armtools/bin/../lib/gcc/arm-atollic-eabi/6.3.1/../../../../arm-atollic-eabi/lib/armv7-m\libc.a(lib_a-strcpy.o)
                              App\module_4G\usart_4G.o (strcpy)
d:/aboutstm32/truestudio/truestudio for stm32 9.3.0/armtools/bin/../lib/gcc/arm-atollic-eabi/6.3.1/../../../../arm-atollic-eabi/lib/armv7-m\libc.a(lib_a-strlen.o)
                              App\util\base64.o (strlen)
d:/aboutstm32/truestudio/truestudio for stm32 9.3.0/armtools/bin/../lib/gcc/arm-atollic-eabi/6.3.1/../../../../arm-atollic-eabi/lib/armv7-m\libc.a(lib_a-strncat.o)
                              App\util\md5.o (strncat)
d:/aboutstm32/truestudio/truestudio for stm32 9.3.0/armtools/bin/../lib/gcc/arm-atollic-eabi/6.3.1/../../../../arm-atollic-eabi/lib/armv7-m\libc.a(lib_a-strstr.o)
                              App\module_4G\usart_4G.o (strstr)
d:/aboutstm32/truestudio/truestudio for stm32 9.3.0/armtools/bin/../lib/gcc/arm-atollic-eabi/6.3.1/../../../../arm-atollic-eabi/lib/armv7-m\libc.a(lib_a-strtok.o)
                              App\module_4G\usart_4G.o (strtok)
d:/aboutstm32/truestudio/truestudio for stm32 9.3.0/armtools/bin/../lib/gcc/arm-atollic-eabi/6.3.1/../../../../arm-atollic-eabi/lib/armv7-m\libc.a(lib_a-strtok_r.o)
                              d:/aboutstm32/truestudio/truestudio for stm32 9.3.0/armtools/bin/../lib/gcc/arm-atollic-eabi/6.3.1/../../../../arm-atollic-eabi/lib/armv7-m\libc.a(lib_a-strtok.o) (__strtok_r)
d:/aboutstm32/truestudio/truestudio for stm32 9.3.0/armtools/bin/../lib/gcc/arm-atollic-eabi/6.3.1/../../../../arm-atollic-eabi/lib/armv7-m\libc.a(lib_a-strtol.o)
                              d:/aboutstm32/truestudio/truestudio for stm32 9.3.0/armtools/bin/../lib/gcc/arm-atollic-eabi/6.3.1/../../../../arm-atollic-eabi/lib/armv7-m\libc.a(lib_a-atoi.o) (_strtol_r)
d:/aboutstm32/truestudio/truestudio for stm32 9.3.0/armtools/bin/../lib/gcc/arm-atollic-eabi/6.3.1/../../../../arm-atollic-eabi/lib/armv7-m\libc.a(lib_a-svfprintf.o)
                              d:/aboutstm32/truestudio/truestudio for stm32 9.3.0/armtools/bin/../lib/gcc/arm-atollic-eabi/6.3.1/../../../../arm-atollic-eabi/lib/armv7-m\libc.a(lib_a-sprintf.o) (_svfprintf_r)
[...]
Memory Configuration

Name             Origin             Length             Attributes
FLASH            0x08000000         0x00010000         xr
RAM              0x20000000         0x0000c000         xrw
MEMORY_B1        0x60000000         0x00000000         xr
*default*        0x00000000         0xffffffff

Linker script and memory map

LOAD d:/aboutstm32/truestudio/truestudio for stm32 9.3.0/armtools/bin/../lib/gcc/arm-atollic-eabi/6.3.1/armv7-m/crti.o
LOAD d:/aboutstm32/truestudio/truestudio for stm32 9.3.0/armtools/bin/../lib/gcc/arm-atollic-eabi/6.3.1/armv7-m/crtbegin.o
LOAD App\Tim\tim4.o
LOAD App\flash\STMFlash.o
LOAD App\module_4G\usart_4G.o
LOAD App\util\base64.o
LOAD App\util\md5.o
LOAD App\wifi\public\wifi_public.o
LOAD IAP\Src\common.o
LOAD IAP\Src\iap.o
LOAD Libraries\STM32F10x_StdPeriph_Driver\src\misc.o
LOAD Libraries\STM32F10x_StdPeriph_Driver\src\stm32f10x_adc.o
LOAD Libraries\STM32F10x_StdPeriph_Driver\src\stm32f10x_bkp.o
LOAD Libraries\STM32F10x_StdPeriph_Driver\src\stm32f10x_can.o
LOAD Libraries\STM32F10x_StdPeriph_Driver\src\stm32f10x_cec.o
LOAD Libraries\STM32F10x_StdPeriph_Driver\src\stm32f10x_crc.o
LOAD Libraries\STM32F10x_StdPeriph_Driver\src\stm32f10x_dac.o
LOAD Libraries\STM32F10x_StdPeriph_Driver\src\stm32f10x_dbgmcu.o
LOAD Libraries\STM32F10x_StdPeriph_Driver\src\stm32f10x_dma.o
LOAD Libraries\STM32F10x_StdPeriph_Driver\src\stm32f10x_exti.o
LOAD Libraries\STM32F10x_StdPeriph_Driver\src\stm32f10x_flash.o
LOAD Libraries\STM32F10x_StdPeriph_Driver\src\stm32f10x_fsmc.o
LOAD Libraries\STM32F10x_StdPeriph_Driver\src\stm32f10x_gpio.o
LOAD Libraries\STM32F10x_StdPeriph_Driver\src\stm32f10x_i2c.o
LOAD Libraries\STM32F10x_StdPeriph_Driver\src\stm32f10x_iwdg.o
LOAD Libraries\STM32F10x_StdPeriph_Driver\src\stm32f10x_pwr.o
LOAD Libraries\STM32F10x_StdPeriph_Driver\src\stm32f10x_rcc.o
LOAD Libraries\STM32F10x_StdPeriph_Driver\src\stm32f10x_rtc.o
LOAD Libraries\STM32F10x_StdPeriph_Driver\src\stm32f10x_sdio.o
LOAD Libraries\STM32F10x_StdPeriph_Driver\src\stm32f10x_spi.o
LOAD Libraries\STM32F10x_StdPeriph_Driver\src\stm32f10x_tim.o
LOAD Libraries\STM32F10x_StdPeriph_Driver\src\stm32f10x_usart.o
LOAD Libraries\STM32F10x_StdPeriph_Driver\src\stm32f10x_wwdg.o
LOAD Public\bit_band.o
LOAD Public\systick.o
LOAD Public\usart.o
LOAD src\main.o
LOAD src\startup_stm32f10x_hd.o
LOAD src\stm32f1xx_it.o
LOAD src\syscalls.o
LOAD src\system_stm32f10x.o
                0x00000080                malloc_getpagesize_P = 0x80
START GROUP
LOAD d:/aboutstm32/truestudio/truestudio for stm32 9.3.0/armtools/bin/../lib/gcc/arm-atollic-eabi/6.3.1/../../../../arm-atollic-eabi/lib/armv7-m\libc.a
LOAD d:/aboutstm32/truestudio/truestudio for stm32 9.3.0/armtools/bin/../lib/gcc/arm-atollic-eabi/6.3.1/../../../../arm-atollic-eabi/lib/armv7-m\libm.a
END GROUP
START GROUP
LOAD d:/aboutstm32/truestudio/truestudio for stm32 9.3.0/armtools/bin/../lib/gcc/arm-atollic-eabi/6.3.1/armv7-m\libgcc.a
LOAD d:/aboutstm32/truestudio/truestudio for stm32 9.3.0/armtools/bin/../lib/gcc/arm-atollic-eabi/6.3.1/../../../../arm-atollic-eabi/lib/armv7-m\libc.a
END GROUP
START GROUP
LOAD d:/aboutstm32/truestudio/truestudio for stm32 9.3.0/armtools/bin/../lib/gcc/arm-atollic-eabi/6.3.1/armv7-m\libgcc.a
LOAD d:/aboutstm32/truestudio/truestudio for stm32 9.3.0/armtools/bin/../lib/gcc/arm-atollic-eabi/6.3.1/../../../../arm-atollic-eabi/lib/armv7-m\libc.a
LOAD d:/aboutstm32/truestudio/truestudio for stm32 9.3.0/armtools/bin/../lib/gcc/arm-atollic-eabi/6.3.1/../../../../arm-atollic-eabi/lib/armv7-m\libnosys.a
END GROUP
LOAD d:/aboutstm32/truestudio/truestudio for stm32 9.3.0/armtools/bin/../lib/gcc/arm-atollic-eabi/6.3.1/armv7-m/crtend.o
LOAD d:/aboutstm32/truestudio/truestudio for stm32 9.3.0/armtools/bin/../lib/gcc/arm-atollic-eabi/6.3.1/armv7-m/crtn.o
                0x2000c000                _estack = 0x2000c000
                0x00000000                _Min_Heap_Size = 0x0
                0x00000200                _Min_Stack_Size = 0x200

.isr_vector     0x08000000      0x1e4
                0x08000000                . = ALIGN (0x4)
 *(.isr_vector)
 .isr_vector    0x08000000      0x1e4 src\startup_stm32f10x_hd.o
                0x08000000                g_pfnVectors
                0x080001e4                . = ALIGN (0x4)

.text           0x080001e8     0x8c64
                0x080001e8                . = ALIGN (0x4)
 *(.text)
 .text          0x080001e8       0x40 d:/aboutstm32/truestudio/truestudio for stm32 9.3.0/armtools/bin/../lib/gcc/arm-atollic-eabi/6.3.1/armv7-m/crtbegin.o
 .text          0x08000228       0x10 d:/aboutstm32/truestudio/truestudio for stm32 9.3.0/armtools/bin/../lib/gcc/arm-atollic-eabi/6.3.1/../../../../arm-atollic-eabi/lib/armv7-m\libc.a(lib_a-strlen.o)
                0x08000228                strlen
 .text          0x08000238      0x370 d:/aboutstm32/truestudio/truestudio for stm32 9.3.0/armtools/bin/../lib/gcc/arm-atollic-eabi/6.3.1/armv7-m\libgcc.a(_arm_addsubdf3.o)
                0x08000238                __aeabi_drsub
                0x08000240                __aeabi_dsub
                0x08000240                __subdf3
                0x08000244                __aeabi_dadd
                0x08000244                __adddf3
                0x080004bc                __floatunsidf
                0x080004bc                __aeabi_ui2d
                0x080004dc                __floatsidf
                0x080004dc                __aeabi_i2d
                0x08000500                __aeabi_f2d
                0x08000500                __extendsfdf2
                0x0800053c                __floatundidf
                0x0800053c                __aeabi_ul2d
                0x0800054c                __floatdidf
                0x0800054c                __aeabi_l2d
 .text          0x080005a8      0x424 d:/aboutstm32/truestudio/truestudio for stm32 9.3.0/armtools/bin/../lib/gcc/arm-atollic-eabi/6.3.1/armv7-m\libgcc.a(_arm_muldivdf3.o)
                0x080005a8                __aeabi_dmul
                0x080005a8                __muldf3
                0x080007fc                __divdf3
                0x080007fc                __aeabi_ddiv
 .text          0x080009cc      0x110 d:/aboutstm32/truestudio/truestudio for stm32 9.3.0/armtools/bin/../lib/gcc/arm-atollic-eabi/6.3.1/armv7-m\libgcc.a(_arm_cmpdf2.o)
                0x080009cc                __gtdf2
                0x080009cc                __gedf2
                0x080009d4                __ltdf2
                0x080009d4                __ledf2
                0x080009dc                __nedf2
                0x080009dc                __eqdf2
                0x080009dc                __cmpdf2
                0x08000a58                __aeabi_cdrcmple
                0x08000a68                __aeabi_cdcmpeq
                0x08000a68                __aeabi_cdcmple
                0x08000a78                __aeabi_dcmpeq
                0x08000a8c                __aeabi_dcmplt
                0x08000aa0                __aeabi_dcmple
                0x08000ab4                __aeabi_dcmpge
                0x08000ac8                __aeabi_dcmpgt
 .text          0x08000adc       0x2c d:/aboutstm32/truestudio/truestudio for stm32 9.3.0/armtools/bin/../lib/gcc/arm-atollic-eabi/6.3.1/armv7-m\libgcc.a(_arm_unorddf2.o)
                0x08000adc                __unorddf2
                0x08000adc                __aeabi_dcmpun
 .text          0x08000b08       0x50 d:/aboutstm32/truestudio/truestudio for stm32 9.3.0/armtools/bin/../lib/gcc/arm-atollic-eabi/6.3.1/armv7-m\libgcc.a(_arm_fixdfsi.o)
                0x08000b08                __aeabi_d2iz
                0x08000b08                __fixdfsi
 .text          0x08000b58       0x30 d:/aboutstm32/truestudio/truestudio for stm32 9.3.0/armtools/bin/../lib/gcc/arm-atollic-eabi/6.3.1/armv7-m\libgcc.a(_aeabi_uldivmod.o)
                0x08000b58                __aeabi_uldivmod
 .text          0x08000b88      0x2dc d:/aboutstm32/truestudio/truestudio for stm32 9.3.0/armtools/bin/../lib/gcc/arm-atollic-eabi/6.3.1/armv7-m\libgcc.a(_udivmoddi4.o)
                0x08000b88                __udivmoddi4
 .text          0x08000e64        0x4 d:/aboutstm32/truestudio/truestudio for stm32 9.3.0/armtools/bin/../lib/gcc/arm-atollic-eabi/6.3.1/armv7-m\libgcc.a(_dvmd_tls.o)
                0x08000e64                __aeabi_idiv0
                0x08000e64                __aeabi_ldiv0
 *(.text*)
 .text.Init_led
                0x08000e68       0x4c App\Tim\tim4.o
                0x08000e68                Init_led
 .text.TIM4_Init
                0x08000eb4       0x74 App\Tim\tim4.o
                0x08000eb4                TIM4_Init
 .text.TIM4_IRQHandler
                0x08000f28       0x78 App\Tim\tim4.o
                0x08000f28                TIM4_IRQHandler
 .text.STMFLASH_ReadHalfWord
                0x08000fa0        0x6 App\flash\STMFlash.o
                0x08000fa0                STMFLASH_ReadHalfWord
 .text.STMFLASH_Write_NoCheck
                0x08000fa6       0x1e App\flash\STMFlash.o
                0x08000fa6                STMFLASH_Write_NoCheck
 .text.STMFLASH_Read
                0x08000fc4       0x14 App\flash\STMFlash.o
                0x08000fc4                STMFLASH_Read
 .text.STMFLASH_Write
                0x08000fd8       0xc8 App\flash\STMFlash.o
                0x08000fd8                STMFLASH_Write
 .text.WriteDeviceID
                0x080010a0       0x14 App\flash\STMFlash.o
                0x080010a0                WriteDeviceID
 .text.ReadDeviceID
                0x080010b4       0x14 App\flash\STMFlash.o
                0x080010b4                ReadDeviceID
 .text.writeVersion
                0x080010c8       0x14 App\flash\STMFlash.o
                0x080010c8                writeVersion
 .text.ReadVersion
                0x080010dc       0x14 App\flash\STMFlash.o
                0x080010dc                ReadVersion
 .text.WriteAPPServer
                0x080010f0       0x10 App\flash\STMFlash.o
                0x080010f0                WriteAPPServer
 .text.USART2_Init
                0x08001100       0xac App\module_4G\usart_4G.o
                0x08001100                USART2_Init
 .text.USART2_IRQHandler
                0x080011ac       0xd4 App\module_4G\usart_4G.o
                0x080011ac                USART2_IRQHandler
 .text.split    0x08001280       0x4c App\module_4G\usart_4G.o
                0x08001280                split
 .text.Send_AT_Cmd
                0x080012cc       0x70 App\module_4G\usart_4G.o
                0x080012cc                Send_AT_Cmd
 .text.F4G_AT_Test
                0x0800133c       0x50 App\module_4G\usart_4G.o
                0x0800133c                F4G_AT_Test
 .text.connectToTCPServer
                0x0800138c       0x4c App\module_4G\usart_4G.o
                0x0800138c                connectToTCPServer
 .text.F4G_sendStr
                0x080013d8       0x70 App\module_4G\usart_4G.o
                0x080013d8                F4G_sendStr
 .text.F4G_ExitUnvarnishSend
                0x08001448       0x28 App\module_4G\usart_4G.o
                0x08001448                F4G_ExitUnvarnishSend
 .text.getModuleMes
                0x08001470      0x17c App\module_4G\usart_4G.o
                0x08001470                getModuleMes
 .text.F4G_Init
                0x080015ec       0xbc App\module_4G\usart_4G.o
                0x080015ec                F4G_Init
 .text.request2Server
                0x080016a8       0x18 App\module_4G\usart_4G.o
                0x080016a8                request2Server
 .text.base64_encode
                0x080016c0       0xc4 App\util\base64.o
                0x080016c0                base64_encode
 .text.num_strchr
                0x08001784       0x14 App\util\base64.o
                0x08001784                num_strchr
 .text.base64_decode
                0x08001798       0x84 App\util\base64.o
                0x08001798                base64_decode
 .text.MD5Init  0x0800181c       0x2c App\util\md5.o
                0x0800181c                MD5Init
 .text.MD5Encode
                0x08001848       0x30 App\util\md5.o
                0x08001848                MD5Encode
 .text.MD5Decode
                0x08001878       0x32 App\util\md5.o
                0x08001878                MD5Decode
 *fill*         0x080018aa        0x2 
 .text.MD5Transform
                0x080018ac      0x68c App\util\md5.o
                0x080018ac                MD5Transform
 .text.MD5Update
                0x08001f38       0x74 App\util\md5.o
                0x08001f38                MD5Update
 .text.MD5Final
                0x08001fac       0x4c App\util\md5.o
                0x08001fac                MD5Final
 .text.getMD5Str
                0x08001ff8       0x64 App\util\md5.o
                0x08001ff8                getMD5Str
 .text.Wifi_USART_printf
                0x0800205c       0xfc App\wifi\public\wifi_public.o
                0x0800205c                Wifi_USART_printf
 .text.Int2Str  0x08002158       0x3c IAP\Src\common.o
                0x08002158                Int2Str
 .text.FLASH_PagesMask
                0x08002194       0x14 IAP\Src\common.o
                0x08002194                FLASH_PagesMask
 .text.EraseSomePages
                0x080021a8       0x70 IAP\Src\common.o
                0x080021a8                EraseSomePages
 .text.NVIC_SystemReset
                0x08002218       0x20 IAP\Src\iap.o
 .text.communicateWithHost
                0x08002238       0x40 IAP\Src\iap.o
                0x08002238                communicateWithHost
 .text.catRequestStr
                0x08002278       0x4c IAP\Src\iap.o
                0x08002278                catRequestStr
 .text.catReqStr4UPdate
                0x080022c4       0x28 IAP\Src\iap.o
                0x080022c4                catReqStr4UPdate
 .text.request  0x080022ec       0x40 IAP\Src\iap.o
                0x080022ec                request
 .text.request4UPdate
                0x0800232c       0x44 IAP\Src\iap.o
                0x0800232c                request4UPdate
 .text.request4UPdataComplete
                0x08002370       0x60 IAP\Src\iap.o
                0x08002370                request4UPdataComplete
 .text.IAP_WriteFlag
                0x080023d0       0x24 IAP\Src\iap.o
                0x080023d0                IAP_WriteFlag
 .text.IAP_ReadFlag
                0x080023f4        0xc IAP\Src\iap.o
                0x080023f4                IAP_ReadFlag
 .text.IAP_USART_Init
                0x08002400       0x18 IAP\Src\iap.o
                0x08002400                IAP_USART_Init
 .text.IAP_Init
                0x08002418       0x30 IAP\Src\iap.o
                0x08002418                IAP_Init
 .text.IAP_RunApp
                0x08002448       0x80 IAP\Src\iap.o
                0x08002448                IAP_RunApp
 .text.check_response
                0x080024c8      0x1c0 IAP\Src\iap.o
                0x080024c8                check_response
 .text.IAP_Main_Menu
                0x08002688       0xf4 IAP\Src\iap.o
                0x08002688                IAP_Main_Menu
 .text.IAP_Upload
                0x0800277c       0x10 IAP\Src\iap.o
                0x0800277c                IAP_Upload
 .text.IAP_Erase
                0x0800278c       0x38 IAP\Src\iap.o
                0x0800278c                IAP_Erase
 .text.IAP_Update
                0x080027c4      0x574 IAP\Src\iap.o
                0x080027c4                IAP_Update
 .text.Set_DeviceID
                0x08002d38       0x8c IAP\Src\iap.o
                0x08002d38                Set_DeviceID
 .text.Get_DeviceID
                0x08002dc4       0x1c IAP\Src\iap.o
                0x08002dc4                Get_DeviceID
 .text.NVIC_PriorityGroupConfig
                0x08002de0       0x14 Libraries\STM32F10x_StdPeriph_Driver\src\misc.o
                0x08002de0                NVIC_PriorityGroupConfig
 .text.NVIC_Init
                0x08002df4       0x5c Libraries\STM32F10x_StdPeriph_Driver\src\misc.o
                0x08002df4                NVIC_Init
 .text.SysTick_CLKSourceConfig
                0x08002e50       0x18 Libraries\STM32F10x_StdPeriph_Driver\src\misc.o
                0x08002e50                SysTick_CLKSourceConfig
 .text.FLASH_SetLatency
                0x08002e68       0x14 Libraries\STM32F10x_StdPeriph_Driver\src\stm32f10x_flash.o
                0x08002e68                FLASH_SetLatency
 .text.FLASH_PrefetchBufferCmd
                0x08002e7c       0x18 Libraries\STM32F10x_StdPeriph_Driver\src\stm32f10x_flash.o
                0x08002e7c                FLASH_PrefetchBufferCmd
 .text.FLASH_UnlockBank1
                0x08002e94       0x18 Libraries\STM32F10x_StdPeriph_Driver\src\stm32f10x_flash.o
                0x08002e94                FLASH_UnlockBank1
 .text.FLASH_Unlock
                0x08002eac        0x4 Libraries\STM32F10x_StdPeriph_Driver\src\stm32f10x_flash.o
                0x08002eac                FLASH_Unlock
 .text.FLASH_LockBank1
                0x08002eb0       0x10 Libraries\STM32F10x_StdPeriph_Driver\src\stm32f10x_flash.o
                0x08002eb0                FLASH_LockBank1
 .text.FLASH_Lock
                0x08002ec0        0x4 Libraries\STM32F10x_StdPeriph_Driver\src\stm32f10x_flash.o
                0x08002ec0                FLASH_Lock
 .text.FLASH_GetUserOptionByte
                0x08002ec4        0xc Libraries\STM32F10x_StdPeriph_Driver\src\stm32f10x_flash.o
                0x08002ec4                FLASH_GetUserOptionByte
 .text.FLASH_GetWriteProtectionOptionByte
                0x08002ed0        0xc Libraries\STM32F10x_StdPeriph_Driver\src\stm32f10x_flash.o
                0x08002ed0                FLASH_GetWriteProtectionOptionByte
 .text.FLASH_GetReadOutProtectionStatus
                0x08002edc       0x10 Libraries\STM32F10x_StdPeriph_Driver\src\stm32f10x_flash.o
                0x08002edc                FLASH_GetReadOutProtectionStatus
 .text.FLASH_GetBank1Status
                0x08002eec       0x28 Libraries\STM32F10x_StdPeriph_Driver\src\stm32f10x_flash.o
                0x08002eec                FLASH_GetBank1Status
 .text.FLASH_WaitForLastBank1Operation
                0x08002f14       0x22 Libraries\STM32F10x_StdPeriph_Driver\src\stm32f10x_flash.o
                0x08002f14                FLASH_WaitForLastBank1Operation
 *fill*         0x08002f36        0x2 
 .text.FLASH_UserOptionByteConfig
                0x08002f38       0x5c Libraries\STM32F10x_StdPeriph_Driver\src\stm32f10x_flash.o
                0x08002f38                FLASH_UserOptionByteConfig
 .text.FLASH_EnableWriteProtection
                0x08002f94       0xac Libraries\STM32F10x_StdPeriph_Driver\src\stm32f10x_flash.o
                0x08002f94                FLASH_EnableWriteProtection
 .text.FLASH_ProgramHalfWord
                0x08003040       0x38 Libraries\STM32F10x_StdPeriph_Driver\src\stm32f10x_flash.o
                0x08003040                FLASH_ProgramHalfWord
 .text.FLASH_ProgramWord
                0x08003078       0x58 Libraries\STM32F10x_StdPeriph_Driver\src\stm32f10x_flash.o
                0x08003078                FLASH_ProgramWord
 .text.FLASH_EraseOptionBytes
                0x080030d0       0x80 Libraries\STM32F10x_StdPeriph_Driver\src\stm32f10x_flash.o
                0x080030d0                FLASH_EraseOptionBytes
 .text.FLASH_ErasePage
                0x08003150       0x40 Libraries\STM32F10x_StdPeriph_Driver\src\stm32f10x_flash.o
                0x08003150                FLASH_ErasePage
 .text.GPIO_Init
                0x08003190       0xa4 Libraries\STM32F10x_StdPeriph_Driver\src\stm32f10x_gpio.o
                0x08003190                GPIO_Init
 .text.GPIO_SetBits
                0x08003234        0x4 Libraries\STM32F10x_StdPeriph_Driver\src\stm32f10x_gpio.o
                0x08003234                GPIO_SetBits
 .text.GPIO_ResetBits
                0x08003238        0x4 Libraries\STM32F10x_StdPeriph_Driver\src\stm32f10x_gpio.o
                0x08003238                GPIO_ResetBits
 .text.GPIO_PinRemapConfig
                0x0800323c       0x60 Libraries\STM32F10x_StdPeriph_Driver\src\stm32f10x_gpio.o
                0x0800323c                GPIO_PinRemapConfig
 .text.RCC_DeInit
                0x0800329c       0x40 Libraries\STM32F10x_StdPeriph_Driver\src\stm32f10x_rcc.o
                0x0800329c                RCC_DeInit
 .text.RCC_HSICmd
                0x080032dc        0xc Libraries\STM32F10x_StdPeriph_Driver\src\stm32f10x_rcc.o
                0x080032dc                RCC_HSICmd
 .text.RCC_PLLConfig
                0x080032e8       0x14 Libraries\STM32F10x_StdPeriph_Driver\src\stm32f10x_rcc.o
                0x080032e8                RCC_PLLConfig
 .text.RCC_PLLCmd
                0x080032fc        0xc Libraries\STM32F10x_StdPeriph_Driver\src\stm32f10x_rcc.o
                0x080032fc                RCC_PLLCmd
 .text.RCC_SYSCLKConfig
                0x08003308       0x14 Libraries\STM32F10x_StdPeriph_Driver\src\stm32f10x_rcc.o
                0x08003308                RCC_SYSCLKConfig
 .text.RCC_GetSYSCLKSource
                0x0800331c       0x10 Libraries\STM32F10x_StdPeriph_Driver\src\stm32f10x_rcc.o
                0x0800331c                RCC_GetSYSCLKSource
 .text.RCC_HCLKConfig
                0x0800332c       0x14 Libraries\STM32F10x_StdPeriph_Driver\src\stm32f10x_rcc.o
                0x0800332c                RCC_HCLKConfig
 .text.RCC_PCLK1Config
                0x08003340       0x14 Libraries\STM32F10x_StdPeriph_Driver\src\stm32f10x_rcc.o
                0x08003340                RCC_PCLK1Config
 .text.RCC_PCLK2Config
                0x08003354       0x14 Libraries\STM32F10x_StdPeriph_Driver\src\stm32f10x_rcc.o
                0x08003354                RCC_PCLK2Config
 .text.RCC_GetClocksFreq
                0x08003368       0x88 Libraries\STM32F10x_StdPeriph_Driver\src\stm32f10x_rcc.o
                0x08003368                RCC_GetClocksFreq
 .text.RCC_APB2PeriphClockCmd
                0x080033f0       0x18 Libraries\STM32F10x_StdPeriph_Driver\src\stm32f10x_rcc.o
                0x080033f0                RCC_APB2PeriphClockCmd
 .text.RCC_APB1PeriphClockCmd
                0x08003408       0x18 Libraries\STM32F10x_StdPeriph_Driver\src\stm32f10x_rcc.o
                0x08003408                RCC_APB1PeriphClockCmd
 .text.RCC_APB2PeriphResetCmd
                0x08003420       0x18 Libraries\STM32F10x_StdPeriph_Driver\src\stm32f10x_rcc.o
                0x08003420                RCC_APB2PeriphResetCmd
 .text.RCC_APB1PeriphResetCmd
                0x08003438       0x18 Libraries\STM32F10x_StdPeriph_Driver\src\stm32f10x_rcc.o
                0x08003438                RCC_APB1PeriphResetCmd
 .text.RCC_GetFlagStatus
                0x08003450       0x28 Libraries\STM32F10x_StdPeriph_Driver\src\stm32f10x_rcc.o
                0x08003450                RCC_GetFlagStatus
 .text.TIM_DeInit
                0x08003478      0x1c8 Libraries\STM32F10x_StdPeriph_Driver\src\stm32f10x_tim.o
                0x08003478                TIM_DeInit
 .text.TIM_TimeBaseInit
                0x08003640       0x94 Libraries\STM32F10x_StdPeriph_Driver\src\stm32f10x_tim.o
                0x08003640                TIM_TimeBaseInit
 .text.TIM_Cmd  0x080036d4       0x18 Libraries\STM32F10x_StdPeriph_Driver\src\stm32f10x_tim.o
                0x080036d4                TIM_Cmd
 .text.TIM_DMACmd
                0x080036ec       0x12 Libraries\STM32F10x_StdPeriph_Driver\src\stm32f10x_tim.o
                0x080036ec                TIM_DMACmd
 .text.TIM_ITConfig
                0x080036fe        0x4 Libraries\STM32F10x_StdPeriph_Driver\src\stm32f10x_tim.o
                0x080036fe                TIM_ITConfig
 .text.TIM_GetITStatus
                0x08003702       0x16 Libraries\STM32F10x_StdPeriph_Driver\src\stm32f10x_tim.o
                0x08003702                TIM_GetITStatus
 .text.TIM_ClearITPendingBit
                0x08003718        0x8 Libraries\STM32F10x_StdPeriph_Driver\src\stm32f10x_tim.o
                0x08003718                TIM_ClearITPendingBit
 .text.USART_DeInit
                0x08003720       0x9c Libraries\STM32F10x_StdPeriph_Driver\src\stm32f10x_usart.o
                0x08003720                USART_DeInit
 .text.USART_Init
                0x080037bc       0xac Libraries\STM32F10x_StdPeriph_Driver\src\stm32f10x_usart.o
                0x080037bc                USART_Init
 .text.USART_Cmd
                0x08003868       0x18 Libraries\STM32F10x_StdPeriph_Driver\src\stm32f10x_usart.o
                0x08003868                USART_Cmd
 .text.USART_ITConfig
                0x08003880       0x30 Libraries\STM32F10x_StdPeriph_Driver\src\stm32f10x_usart.o
                0x08003880                USART_ITConfig
 .text.USART_SendData
                0x080038b0        0x8 Libraries\STM32F10x_StdPeriph_Driver\src\stm32f10x_usart.o
                0x080038b0                USART_SendData
 .text.USART_ReceiveData
                0x080038b8        0x8 Libraries\STM32F10x_StdPeriph_Driver\src\stm32f10x_usart.o
                0x080038b8                USART_ReceiveData
 .text.USART_GetFlagStatus
                0x080038c0        0xc Libraries\STM32F10x_StdPeriph_Driver\src\stm32f10x_usart.o
                0x080038c0                USART_GetFlagStatus
 .text.USART_ClearFlag
                0x080038cc        0x8 Libraries\STM32F10x_StdPeriph_Driver\src\stm32f10x_usart.o
                0x080038cc                USART_ClearFlag
 .text.USART_GetITStatus
                0x080038d4       0x40 Libraries\STM32F10x_StdPeriph_Driver\src\stm32f10x_usart.o
                0x080038d4                USART_GetITStatus
 .text.SysTick_Init
                0x08003914       0x2c Public\systick.o
                0x08003914                SysTick_Init
 .text.delay_ms
                0x08003940       0x38 Public\systick.o
                0x08003940                delay_ms
 .text.USART1_Init
                0x08003978       0xb0 Public\usart.o
                0x08003978                USART1_Init
 .text.USART1_IRQHandler
                0x08003a28       0xe4 Public\usart.o
                0x08003a28                USART1_IRQHandler
 .text.UT_split
                0x08003b0c       0x4c Public\usart.o
                0x08003b0c                UT_split
 .text.HSI_SetSysClock
                0x08003b58       0x74 src\main.o
                0x08003b58                HSI_SetSysClock
 .text.startup.main
                0x08003bcc       0xfc src\main.o
                0x08003bcc                main
 .text.Reset_Handler
                0x08003cc8       0x50 src\startup_stm32f10x_hd.o
                0x08003cc8                Reset_Handler
 .text.Default_Handler
                0x08003d18        0x2 src\startup_stm32f10x_hd.o
                0x08003d18                EXTI2_IRQHandler
                0x08003d18                TIM8_TRG_COM_IRQHandler
                0x08003d18                TIM8_CC_IRQHandler
                0x08003d18                TIM1_CC_IRQHandler
                0x08003d18                TIM6_IRQHandler
                0x08003d18                PVD_IRQHandler
                0x08003d18                SDIO_IRQHandler
                0x08003d18                EXTI3_IRQHandler
                0x08003d18                EXTI0_IRQHandler
                0x08003d18                I2C2_EV_IRQHandler
                0x08003d18                ADC1_2_IRQHandler
                0x08003d18                SPI1_IRQHandler
                0x08003d18                TAMPER_IRQHandler
                0x08003d18                TIM8_UP_IRQHandler
                0x08003d18                DMA2_Channel2_IRQHandler
                0x08003d18                DMA1_Channel4_IRQHandler
                0x08003d18                USART3_IRQHandler
                0x08003d18                RTC_IRQHandler
                0x08003d18                DMA1_Channel7_IRQHandler
                0x08003d18                CAN1_RX1_IRQHandler
                0x08003d18                UART5_IRQHandler
                0x08003d18                ADC3_IRQHandler
                0x08003d18                DMA2_Channel1_IRQHandler
                0x08003d18                I2C1_EV_IRQHandler
                0x08003d18                DMA1_Channel6_IRQHandler
                0x08003d18                UART4_IRQHandler
                0x08003d18                TIM3_IRQHandler
                0x08003d18                RCC_IRQHandler
                0x08003d18                TIM1_TRG_COM_IRQHandler
                0x08003d18                DMA1_Channel1_IRQHandler
                0x08003d18                Default_Handler
                0x08003d18                EXTI15_10_IRQHandler
                0x08003d18                TIM7_IRQHandler
                0x08003d18                TIM5_IRQHandler
                0x08003d18                EXTI9_5_IRQHandler
                0x08003d18                SPI2_IRQHandler
                0x08003d18                DMA1_Channel5_IRQHandler
                0x08003d18                EXTI4_IRQHandler
                0x08003d18                USB_LP_CAN1_RX0_IRQHandler
                0x08003d18                USB_HP_CAN1_TX_IRQHandler
                0x08003d18                DMA1_Channel3_IRQHandler
                0x08003d18                FSMC_IRQHandler
                0x08003d18                TIM1_UP_IRQHandler
                0x08003d18                WWDG_IRQHandler
                0x08003d18                TIM2_IRQHandler
                0x08003d18                TIM1_BRK_IRQHandler
                0x08003d18                EXTI1_IRQHandler
                0x08003d18                RTCAlarm_IRQHandler
                0x08003d18                DMA2_Channel4_5_IRQHandler
                0x08003d18                I2C2_ER_IRQHandler
                0x08003d18                DMA1_Channel2_IRQHandler
                0x08003d18                TIM8_BRK_IRQHandler
                0x08003d18                CAN1_SCE_IRQHandler
                0x08003d18                FLASH_IRQHandler
                0x08003d18                SPI3_IRQHandler
                0x08003d18                I2C1_ER_IRQHandler
                0x08003d18                USBWakeUp_IRQHandler
                0x08003d18                DMA2_Channel3_IRQHandler
 .text.NMI_Handler
                0x08003d1a        0x2 src\stm32f1xx_it.o
                0x08003d1a                NMI_Handler
 .text.HardFault_Handler
                0x08003d1c       0x10 src\stm32f1xx_it.o
                0x08003d1c                HardFault_Handler
 .text.MemManage_Handler
                0x08003d2c        0x2 src\stm32f1xx_it.o
                0x08003d2c                MemManage_Handler
 .text.BusFault_Handler
                0x08003d2e        0x2 src\stm32f1xx_it.o
                0x08003d2e                BusFault_Handler
 .text.UsageFault_Handler
                0x08003d30        0x2 src\stm32f1xx_it.o
                0x08003d30                UsageFault_Handler
 .text.SVC_Handler
                0x08003d32        0x2 src\stm32f1xx_it.o
                0x08003d32                SVC_Handler
 .text.DebugMon_Handler
                0x08003d34        0x2 src\stm32f1xx_it.o
                0x08003d34                DebugMon_Handler
 .text.PendSV_Handler
                0x08003d36        0x2 src\stm32f1xx_it.o
                0x08003d36                PendSV_Handler
 .text.SysTick_Handler
                0x08003d38        0x2 src\stm32f1xx_it.o
                0x08003d38                SysTick_Handler
 *fill*         0x08003d3a        0x2 
 .text.__io_putchar
                0x08003d3c       0x24 src\syscalls.o
                0x08003d3c                __io_putchar
 .text._write   0x08003d60       0x1c src\syscalls.o
                0x08003d60                _write
 .text._sbrk    0x08003d7c       0x1c src\syscalls.o
                0x08003d7c                _sbrk
 .text._close   0x08003d98       0x10 src\syscalls.o
                0x08003d98                _close
 .text._fstat   0x08003da8       0x10 src\syscalls.o
                0x08003da8                _fstat
 .text._isatty  0x08003db8       0x10 src\syscalls.o
                0x08003db8                _isatty
 .text._lseek   0x08003dc8       0x10 src\syscalls.o
                0x08003dc8                _lseek
 .text._read    0x08003dd8       0x10 src\syscalls.o
                0x08003dd8                _read
 .text.SystemInit
                0x08003de8       0xf0 src\system_stm32f10x.o
                0x08003de8                SystemInit
 .text.atoi     0x08003ed8        0x8 d:/aboutstm32/truestudio/truestudio for stm32 9.3.0/armtools/bin/../lib/gcc/arm-atollic-eabi/6.3.1/../../../../arm-atollic-eabi/lib/armv7-m\libc.a(lib_a-atoi.o)
                0x08003ed8                atoi
 .text.atol     0x08003ee0        0x8 d:/aboutstm32/truestudio/truestudio for stm32 9.3.0/armtools/bin/../lib/gcc/arm-atollic-eabi/6.3.1/../../../../arm-atollic-eabi/lib/armv7-m\libc.a(lib_a-atol.o)
                0x08003ee0                atol
 .text.__libc_init_array
                0x08003ee8       0x48 d:/aboutstm32/truestudio/truestudio for stm32 9.3.0/armtools/bin/../lib/gcc/arm-atollic-eabi/6.3.1/../../../../arm-atollic-eabi/lib/armv7-m\libc.a(lib_a-init.o)
                0x08003ee8                __libc_init_array
 .text.memcmp   0x08003f30       0x1e d:/aboutstm32/truestudio/truestudio for stm32 9.3.0/armtools/bin/../lib/gcc/arm-atollic-eabi/6.3.1/../../../../arm-atollic-eabi/lib/armv7-m\libc.a(lib_a-memcmp.o)
                0x08003f30                memcmp
 .text.memcpy   0x08003f4e       0x16 d:/aboutstm32/truestudio/truestudio for stm32 9.3.0/armtools/bin/../lib/gcc/arm-atollic-eabi/6.3.1/../../../../arm-atollic-eabi/lib/armv7-m\libc.a(lib_a-memcpy-stub.o)
                0x08003f4e                memcpy
 .text.memset   0x08003f64       0x10 d:/aboutstm32/truestudio/truestudio for stm32 9.3.0/armtools/bin/../lib/gcc/arm-atollic-eabi/6.3.1/../../../../arm-atollic-eabi/lib/armv7-m\libc.a(lib_a-memset.o)
                0x08003f64                memset
 .text.printf   0x08003f74       0x30 d:/aboutstm32/truestudio/truestudio for stm32 9.3.0/armtools/bin/../lib/gcc/arm-atollic-eabi/6.3.1/../../../../arm-atollic-eabi/lib/armv7-m\libc.a(lib_a-printf.o)
                0x08003f74                printf
 .text._puts_r  0x08003fa4       0xc0 d:/aboutstm32/truestudio/truestudio for stm32 9.3.0/armtools/bin/../lib/gcc/arm-atollic-eabi/6.3.1/../../../../arm-atollic-eabi/lib/armv7-m\libc.a(lib_a-puts.o)
                0x08003fa4                _puts_r
 .text.puts     0x08004064       0x10 d:/aboutstm32/truestudio/truestudio for stm32 9.3.0/armtools/bin/../lib/gcc/arm-atollic-eabi/6.3.1/../../../../arm-atollic-eabi/lib/armv7-m\libc.a(lib_a-puts.o)
                0x08004064                puts
 .text.sprintf  0x08004074       0x48 d:/aboutstm32/truestudio/truestudio for stm32 9.3.0/armtools/bin/../lib/gcc/arm-atollic-eabi/6.3.1/../../../../arm-atollic-eabi/lib/armv7-m\libc.a(lib_a-sprintf.o)
                0x08004074                sprintf
 .text.strcat   0x080040bc       0x1e d:/aboutstm32/truestudio/truestudio for stm32 9.3.0/armtools/bin/../lib/gcc/arm-atollic-eabi/6.3.1/../../../../arm-atollic-eabi/lib/armv7-m\libc.a(lib_a-strcat.o)
                0x080040bc                strcat
 .text.strchr   0x080040da       0x1c d:/aboutstm32/truestudio/truestudio for stm32 9.3.0/armtools/bin/../lib/gcc/arm-atollic-eabi/6.3.1/../../../../arm-atollic-eabi/lib/armv7-m\libc.a(lib_a-strchr.o)
                0x080040da                strchr
 .text.strcpy   0x080040f6       0x10 d:/aboutstm32/truestudio/truestudio for stm32 9.3.0/armtools/bin/../lib/gcc/arm-atollic-eabi/6.3.1/../../../../arm-atollic-eabi/lib/armv7-m\libc.a(lib_a-strcpy.o)
                0x080040f6                strcpy
 .text.strncat  0x08004106       0x28 d:/aboutstm32/truestudio/truestudio for stm32 9.3.0/armtools/bin/../lib/gcc/arm-atollic-eabi/6.3.1/../../../../arm-atollic-eabi/lib/armv7-m\libc.a(lib_a-strncat.o)
                0x08004106                strncat
 .text.strstr   0x0800412e       0x36 d:/aboutstm32/truestudio/truestudio for stm32 9.3.0/armtools/bin/../lib/gcc/arm-atollic-eabi/6.3.1/../../../../arm-atollic-eabi/lib/armv7-m\libc.a(lib_a-strstr.o)
                0x0800412e                strstr
 .text.strtok   0x08004164       0x58 d:/aboutstm32/truestudio/truestudio for stm32 9.3.0/armtools/bin/../lib/gcc/arm-atollic-eabi/6.3.1/../../../../arm-atollic-eabi/lib/armv7-m\libc.a(lib_a-strtok.o)
                0x08004164                strtok
 .text.__strtok_r
                0x080041bc       0x52 d:/aboutstm32/truestudio/truestudio for stm32 9.3.0/armtools/bin/../lib/gcc/arm-atollic-eabi/6.3.1/../../../../arm-atollic-eabi/lib/armv7-m\libc.a(lib_a-strtok_r.o)
                0x080041bc                __strtok_r
 .text._strtol_l.isra.0
                0x0800420e      0x100 d:/aboutstm32/truestudio/truestudio for stm32 9.3.0/armtools/bin/../lib/gcc/arm-atollic-eabi/6.3.1/../../../../arm-atollic-eabi/lib/armv7-m\libc.a(lib_a-strtol.o)
 *fill*         0x0800430e        0x2 
 .text.strtol   0x08004310       0x2c d:/aboutstm32/truestudio/truestudio for stm32 9.3.0/armtools/bin/../lib/gcc/arm-atollic-eabi/6.3.1/../../../../arm-atollic-eabi/lib/armv7-m\libc.a(lib_a-strtol.o)
                0x08004310                strtol
 .text._svfprintf_r
                0x0800433c      0xfa0 d:/aboutstm32/truestudio/truestudio for stm32 9.3.0/armtools/bin/../lib/gcc/arm-atollic-eabi/6.3.1/../../../../arm-atollic-eabi/lib/armv7-m\libc.a(lib_a-svfprintf.o)
                0x0800433c                _svfprintf_r
 .text._vfprintf_r
                0x080052dc     0x106c d:/aboutstm32/truestudio/truestudio for stm32 9.3.0/armtools/bin/../lib/gcc/arm-atollic-eabi/6.3.1/../../../../arm-atollic-eabi/lib/armv7-m\libc.a(lib_a-vfprintf.o)
                0x080052dc                _vfprintf_r
 .text.__sbprintf
                0x08006348       0x80 d:/aboutstm32/truestudio/truestudio for stm32 9.3.0/armtools/bin/../lib/gcc/arm-atollic-eabi/6.3.1/../../../../arm-atollic-eabi/lib/armv7-m\libc.a(lib_a-vfprintf.o)
 .text.__swsetup_r
                0x080063c8       0xdc d:/aboutstm32/truestudio/truestudio for stm32 9.3.0/armtools/bin/../lib/gcc/arm-atollic-eabi/6.3.1/../../../../arm-atollic-eabi/lib/armv7-m\libc.a(lib_a-wsetup.o)
                0x080063c8                __swsetup_r
 .text.quorem   0x080064a4      0x118 d:/aboutstm32/truestudio/truestudio for stm32 9.3.0/armtools/bin/../lib/gcc/arm-atollic-eabi/6.3.1/../../../../arm-atollic-eabi/lib/armv7-m\libc.a(lib_a-dtoa.o)
 *fill*         0x080065bc        0x4 
 .text._dtoa_r  0x080065c0      0xba8 d:/aboutstm32/truestudio/truestudio for stm32 9.3.0/armtools/bin/../lib/gcc/arm-atollic-eabi/6.3.1/../../../../arm-atollic-eabi/lib/armv7-m\libc.a(lib_a-dtoa.o)
                0x080065c0                _dtoa_r
 .text.__sflush_r
                0x08007168      0x124 d:/aboutstm32/truestudio/truestudio for stm32 9.3.0/armtools/bin/../lib/gcc/arm-atollic-eabi/6.3.1/../../../../arm-atollic-eabi/lib/armv7-m\libc.a(lib_a-fflush.o)
                0x08007168                __sflush_r
 .text._fflush_r
                0x0800728c       0x78 d:/aboutstm32/truestudio/truestudio for stm32 9.3.0/armtools/bin/../lib/gcc/arm-atollic-eabi/6.3.1/../../../../arm-atollic-eabi/lib/armv7-m\libc.a(lib_a-fflush.o)
                0x0800728c                _fflush_r
 .text._cleanup_r
                0x08007304        0xc d:/aboutstm32/truestudio/truestudio for stm32 9.3.0/armtools/bin/../lib/gcc/arm-atollic-eabi/6.3.1/../../../../arm-atollic-eabi/lib/armv7-m\libc.a(lib_a-findfp.o)
                0x08007304                _cleanup_r
 .text.std.isra.0
                0x08007310       0x48 d:/aboutstm32/truestudio/truestudio for stm32 9.3.0/armtools/bin/../lib/gcc/arm-atollic-eabi/6.3.1/../../../../arm-atollic-eabi/lib/armv7-m\libc.a(lib_a-findfp.o)
 .text.__sfmoreglue
                0x08007358       0x2c d:/aboutstm32/truestudio/truestudio for stm32 9.3.0/armtools/bin/../lib/gcc/arm-atollic-eabi/6.3.1/../../../../arm-atollic-eabi/lib/armv7-m\libc.a(lib_a-findfp.o)
                0x08007358                __sfmoreglue
 .text.__sfp_lock_acquire
                0x08007384        0xc d:/aboutstm32/truestudio/truestudio for stm32 9.3.0/armtools/bin/../lib/gcc/arm-atollic-eabi/6.3.1/../../../../arm-atollic-eabi/lib/armv7-m\libc.a(lib_a-findfp.o)
                0x08007384                __sfp_lock_acquire
 .text.__sfp_lock_release
                0x08007390        0xc d:/aboutstm32/truestudio/truestudio for stm32 9.3.0/armtools/bin/../lib/gcc/arm-atollic-eabi/6.3.1/../../../../arm-atollic-eabi/lib/armv7-m\libc.a(lib_a-findfp.o)
                0x08007390                __sfp_lock_release
 .text.__sinit_lock_acquire
                0x0800739c        0xc d:/aboutstm32/truestudio/truestudio for stm32 9.3.0/armtools/bin/../lib/gcc/arm-atollic-eabi/6.3.1/../../../../arm-atollic-eabi/lib/armv7-m\libc.a(lib_a-findfp.o)
                0x0800739c                __sinit_lock_acquire
 .text.__sinit_lock_release
                0x080073a8        0xc d:/aboutstm32/truestudio/truestudio for stm32 9.3.0/armtools/bin/../lib/gcc/arm-atollic-eabi/6.3.1/../../../../arm-atollic-eabi/lib/armv7-m\libc.a(lib_a-findfp.o)
                0x080073a8                __sinit_lock_release
 .text.__sinit  0x080073b4       0x78 d:/aboutstm32/truestudio/truestudio for stm32 9.3.0/armtools/bin/../lib/gcc/arm-atollic-eabi/6.3.1/../../../../arm-atollic-eabi/lib/armv7-m\libc.a(lib_a-findfp.o)
                0x080073b4                __sinit
 .text.__sfp    0x0800742c       0x8c d:/aboutstm32/truestudio/truestudio for stm32 9.3.0/armtools/bin/../lib/gcc/arm-atollic-eabi/6.3.1/../../../../arm-atollic-eabi/lib/armv7-m\libc.a(lib_a-findfp.o)
                0x0800742c                __sfp
 .text._malloc_trim_r
                0x080074b8       0xac d:/aboutstm32/truestudio/truestudio for stm32 9.3.0/armtools/bin/../lib/gcc/arm-atollic-eabi/6.3.1/../../../../arm-atollic-eabi/lib/armv7-m\libc.a(lib_a-freer.o)
                0x080074b8                _malloc_trim_r
 .text._free_r  0x08007564      0x178 d:/aboutstm32/truestudio/truestudio for stm32 9.3.0/armtools/bin/../lib/gcc/arm-atollic-eabi/6.3.1/../../../../arm-atollic-eabi/lib/armv7-m\libc.a(lib_a-freer.o)
                0x08007564                _free_r
 .text.__sfvwrite_r
                0x080076dc      0x29c d:/aboutstm32/truestudio/truestudio for stm32 9.3.0/armtools/bin/../lib/gcc/arm-atollic-eabi/6.3.1/../../../../arm-atollic-eabi/lib/armv7-m\libc.a(lib_a-fvwrite.o)
                0x080076dc                __sfvwrite_r
 .text._fwalk_reent
                0x08007978       0x3c d:/aboutstm32/truestudio/truestudio for stm32 9.3.0/armtools/bin/../lib/gcc/arm-atollic-eabi/6.3.1/../../../../arm-atollic-eabi/lib/armv7-m\libc.a(lib_a-fwalk.o)
                0x08007978                _fwalk_reent
 .text.__locale_mb_cur_max
                0x080079b4       0x1c d:/aboutstm32/truestudio/truestudio for stm32 9.3.0/armtools/bin/../lib/gcc/arm-atollic-eabi/6.3.1/../../../../arm-atollic-eabi/lib/armv7-m\libc.a(lib_a-locale.o)
                0x080079b4                __locale_mb_cur_max
 .text.__locale_ctype_ptr_l
                0x080079d0        0x6 d:/aboutstm32/truestudio/truestudio for stm32 9.3.0/armtools/bin/../lib/gcc/arm-atollic-eabi/6.3.1/../../../../arm-atollic-eabi/lib/armv7-m\libc.a(lib_a-locale.o)
                0x080079d0                __locale_ctype_ptr_l
 *fill*         0x080079d6        0x2 
 .text._localeconv_r
                0x080079d8       0x1c d:/aboutstm32/truestudio/truestudio for stm32 9.3.0/armtools/bin/../lib/gcc/arm-atollic-eabi/6.3.1/../../../../arm-atollic-eabi/lib/armv7-m\libc.a(lib_a-localeconv.o)
                0x080079d8                _localeconv_r
 .text.__retarget_lock_init_recursive
                0x080079f4        0x2 d:/aboutstm32/truestudio/truestudio for stm32 9.3.0/armtools/bin/../lib/gcc/arm-atollic-eabi/6.3.1/../../../../arm-atollic-eabi/lib/armv7-m\libc.a(lib_a-lock.o)
                0x080079f4                __retarget_lock_init_recursive
 .text.__retarget_lock_close_recursive
                0x080079f6        0x2 d:/aboutstm32/truestudio/truestudio for stm32 9.3.0/armtools/bin/../lib/gcc/arm-atollic-eabi/6.3.1/../../../../arm-atollic-eabi/lib/armv7-m\libc.a(lib_a-lock.o)
                0x080079f6                __retarget_lock_close_recursive
 .text.__retarget_lock_acquire_recursive
                0x080079f8        0x2 d:/aboutstm32/truestudio/truestudio for stm32 9.3.0/armtools/bin/../lib/gcc/arm-atollic-eabi/6.3.1/../../../../arm-atollic-eabi/lib/armv7-m\libc.a(lib_a-lock.o)
                0x080079f8                __retarget_lock_acquire_recursive
 .text.__retarget_lock_release_recursive
                0x080079fa        0x2 d:/aboutstm32/truestudio/truestudio for stm32 9.3.0/armtools/bin/../lib/gcc/arm-atollic-eabi/6.3.1/../../../../arm-atollic-eabi/lib/armv7-m\libc.a(lib_a-lock.o)
                0x080079fa                __retarget_lock_release_recursive
 .text.__swhatbuf_r
                0x080079fc       0x56 d:/aboutstm32/truestudio/truestudio for stm32 9.3.0/armtools/bin/../lib/gcc/arm-atollic-eabi/6.3.1/../../../../arm-atollic-eabi/lib/armv7-m\libc.a(lib_a-makebuf.o)
                0x080079fc                __swhatbuf_r
 *fill*         0x08007a52        0x2 
 .text.__smakebuf_r
                0x08007a54       0x80 d:/aboutstm32/truestudio/truestudio for stm32 9.3.0/armtools/bin/../lib/gcc/arm-atollic-eabi/6.3.1/../../../../arm-atollic-eabi/lib/armv7-m\libc.a(lib_a-makebuf.o)
                0x08007a54                __smakebuf_r
 .text.malloc   0x08007ad4       0x10 d:/aboutstm32/truestudio/truestudio for stm32 9.3.0/armtools/bin/../lib/gcc/arm-atollic-eabi/6.3.1/../../../../arm-atollic-eabi/lib/armv7-m\libc.a(lib_a-malloc.o)
                0x08007ad4                malloc
 .text._malloc_r
                0x08007ae4      0x418 d:/aboutstm32/truestudio/truestudio for stm32 9.3.0/armtools/bin/../lib/gcc/arm-atollic-eabi/6.3.1/../../../../arm-atollic-eabi/lib/armv7-m\libc.a(lib_a-mallocr.o)
                0x08007ae4                _malloc_r
 .text.__ascii_mbtowc
                0x08007efc       0x24 d:/aboutstm32/truestudio/truestudio for stm32 9.3.0/armtools/bin/../lib/gcc/arm-atollic-eabi/6.3.1/../../../../arm-atollic-eabi/lib/armv7-m\libc.a(lib_a-mbtowc_r.o)
                0x08007efc                __ascii_mbtowc
 .text.memchr   0x08007f20       0x1c d:/aboutstm32/truestudio/truestudio for stm32 9.3.0/armtools/bin/../lib/gcc/arm-atollic-eabi/6.3.1/../../../../arm-atollic-eabi/lib/armv7-m\libc.a(lib_a-memchr-stub.o)
                0x08007f20                memchr
 .text.memmove  0x08007f3c       0x34 d:/aboutstm32/truestudio/truestudio for stm32 9.3.0/armtools/bin/../lib/gcc/arm-atollic-eabi/6.3.1/../../../../arm-atollic-eabi/lib/armv7-m\libc.a(lib_a-memmove.o)
                0x08007f3c                memmove
 .text.__malloc_lock
                0x08007f70        0xc d:/aboutstm32/truestudio/truestudio for stm32 9.3.0/armtools/bin/../lib/gcc/arm-atollic-eabi/6.3.1/../../../../arm-atollic-eabi/lib/armv7-m\libc.a(lib_a-mlock.o)
                0x08007f70                __malloc_lock
 .text.__malloc_unlock
                0x08007f7c        0xc d:/aboutstm32/truestudio/truestudio for stm32 9.3.0/armtools/bin/../lib/gcc/arm-atollic-eabi/6.3.1/../../../../arm-atollic-eabi/lib/armv7-m\libc.a(lib_a-mlock.o)
                0x08007f7c                __malloc_unlock
 .text._Balloc  0x08007f88       0x68 d:/aboutstm32/truestudio/truestudio for stm32 9.3.0/armtools/bin/../lib/gcc/arm-atollic-eabi/6.3.1/../../../../arm-atollic-eabi/lib/armv7-m\libc.a(lib_a-mprec.o)
                0x08007f88                _Balloc
 .text._Bfree   0x08007ff0       0x2e d:/aboutstm32/truestudio/truestudio for stm32 9.3.0/armtools/bin/../lib/gcc/arm-atollic-eabi/6.3.1/../../../../arm-atollic-eabi/lib/armv7-m\libc.a(lib_a-mprec.o)
                0x08007ff0                _Bfree
 .text.__multadd
                0x0800801e       0x76 d:/aboutstm32/truestudio/truestudio for stm32 9.3.0/armtools/bin/../lib/gcc/arm-atollic-eabi/6.3.1/../../../../arm-atollic-eabi/lib/armv7-m\libc.a(lib_a-mprec.o)
                0x0800801e                __multadd
 .text.__hi0bits
                0x08008094       0x3e d:/aboutstm32/truestudio/truestudio for stm32 9.3.0/armtools/bin/../lib/gcc/arm-atollic-eabi/6.3.1/../../../../arm-atollic-eabi/lib/armv7-m\libc.a(lib_a-mprec.o)
                0x08008094                __hi0bits
 .text.__lo0bits
                0x080080d2       0x5e d:/aboutstm32/truestudio/truestudio for stm32 9.3.0/armtools/bin/../lib/gcc/arm-atollic-eabi/6.3.1/../../../../arm-atollic-eabi/lib/armv7-m\libc.a(lib_a-mprec.o)
                0x080080d2                __lo0bits
 .text.__i2b    0x08008130       0x12 d:/aboutstm32/truestudio/truestudio for stm32 9.3.0/armtools/bin/../lib/gcc/arm-atollic-eabi/6.3.1/../../../../arm-atollic-eabi/lib/armv7-m\libc.a(lib_a-mprec.o)
                0x08008130                __i2b
 .text.__multiply
                0x08008142      0x118 d:/aboutstm32/truestudio/truestudio for stm32 9.3.0/armtools/bin/../lib/gcc/arm-atollic-eabi/6.3.1/../../../../arm-atollic-eabi/lib/armv7-m\libc.a(lib_a-mprec.o)
                0x08008142                __multiply
 *fill*         0x0800825a        0x2 
 .text.__pow5mult
                0x0800825c       0x9c d:/aboutstm32/truestudio/truestudio for stm32 9.3.0/armtools/bin/../lib/gcc/arm-atollic-eabi/6.3.1/../../../../arm-atollic-eabi/lib/armv7-m\libc.a(lib_a-mprec.o)
                0x0800825c                __pow5mult
 .text.__lshift
                0x080082f8       0xa2 d:/aboutstm32/truestudio/truestudio for stm32 9.3.0/armtools/bin/../lib/gcc/arm-atollic-eabi/6.3.1/../../../../arm-atollic-eabi/lib/armv7-m\libc.a(lib_a-mprec.o)
                0x080082f8                __lshift
 .text.__mcmp   0x0800839a       0x34 d:/aboutstm32/truestudio/truestudio for stm32 9.3.0/armtools/bin/../lib/gcc/arm-atollic-eabi/6.3.1/../../../../arm-atollic-eabi/lib/armv7-m\libc.a(lib_a-mprec.o)
                0x0800839a                __mcmp
 .text.__mdiff  0x080083ce       0xbe d:/aboutstm32/truestudio/truestudio for stm32 9.3.0/armtools/bin/../lib/gcc/arm-atollic-eabi/6.3.1/../../../../arm-atollic-eabi/lib/armv7-m\libc.a(lib_a-mprec.o)
                0x080083ce                __mdiff
 .text.__d2b    0x0800848c       0x9e d:/aboutstm32/truestudio/truestudio for stm32 9.3.0/armtools/bin/../lib/gcc/arm-atollic-eabi/6.3.1/../../../../arm-atollic-eabi/lib/armv7-m\libc.a(lib_a-mprec.o)
                0x0800848c                __d2b
 *fill*         0x0800852a        0x2 
 .text._realloc_r
                0x0800852c      0x304 d:/aboutstm32/truestudio/truestudio for stm32 9.3.0/armtools/bin/../lib/gcc/arm-atollic-eabi/6.3.1/../../../../arm-atollic-eabi/lib/armv7-m\libc.a(lib_a-reallocr.o)
                0x0800852c                _realloc_r
 .text._sbrk_r  0x08008830       0x20 d:/aboutstm32/truestudio/truestudio for stm32 9.3.0/armtools/bin/../lib/gcc/arm-atollic-eabi/6.3.1/../../../../arm-atollic-eabi/lib/armv7-m\libc.a(lib_a-sbrkr.o)
                0x08008830                _sbrk_r
 .text.__sread  0x08008850       0x22 d:/aboutstm32/truestudio/truestudio for stm32 9.3.0/armtools/bin/../lib/gcc/arm-atollic-eabi/6.3.1/../../../../arm-atollic-eabi/lib/armv7-m\libc.a(lib_a-stdio.o)
                0x08008850                __sread
 .text.__swrite
                0x08008872       0x38 d:/aboutstm32/truestudio/truestudio for stm32 9.3.0/armtools/bin/../lib/gcc/arm-atollic-eabi/6.3.1/../../../../arm-atollic-eabi/lib/armv7-m\libc.a(lib_a-stdio.o)
                0x08008872                __swrite
 .text.__sseek  0x080088aa       0x24 d:/aboutstm32/truestudio/truestudio for stm32 9.3.0/armtools/bin/../lib/gcc/arm-atollic-eabi/6.3.1/../../../../arm-atollic-eabi/lib/armv7-m\libc.a(lib_a-stdio.o)
                0x080088aa                __sseek
 .text.__sclose
                0x080088ce        0x8 d:/aboutstm32/truestudio/truestudio for stm32 9.3.0/armtools/bin/../lib/gcc/arm-atollic-eabi/6.3.1/../../../../arm-atollic-eabi/lib/armv7-m\libc.a(lib_a-stdio.o)
                0x080088ce                __sclose
 .text.__ssprint_r
                0x080088d6       0xf4 d:/aboutstm32/truestudio/truestudio for stm32 9.3.0/armtools/bin/../lib/gcc/arm-atollic-eabi/6.3.1/../../../../arm-atollic-eabi/lib/armv7-m\libc.a(lib_a-svfiprintf.o)
                0x080088d6                __ssprint_r
 .text.__sprint_r
                0x080089ca       0x6a d:/aboutstm32/truestudio/truestudio for stm32 9.3.0/armtools/bin/../lib/gcc/arm-atollic-eabi/6.3.1/../../../../arm-atollic-eabi/lib/armv7-m\libc.a(lib_a-vfiprintf.o)
                0x080089ca                __sprint_r
 .text.__ascii_wctomb
                0x08008a34       0x1a d:/aboutstm32/truestudio/truestudio for stm32 9.3.0/armtools/bin/../lib/gcc/arm-atollic-eabi/6.3.1/../../../../arm-atollic-eabi/lib/armv7-m\libc.a(lib_a-wctomb_r.o)
                0x08008a34                __ascii_wctomb
 *fill*         0x08008a4e        0x2 
 .text._write_r
                0x08008a50       0x24 d:/aboutstm32/truestudio/truestudio for stm32 9.3.0/armtools/bin/../lib/gcc/arm-atollic-eabi/6.3.1/../../../../arm-atollic-eabi/lib/armv7-m\libc.a(lib_a-writer.o)
                0x08008a50                _write_r
 .text._calloc_r
                0x08008a74       0x5a d:/aboutstm32/truestudio/truestudio for stm32 9.3.0/armtools/bin/../lib/gcc/arm-atollic-eabi/6.3.1/../../../../arm-atollic-eabi/lib/armv7-m\libc.a(lib_a-callocr.o)
                0x08008a74                _calloc_r
 *fill*         0x08008ace        0x2 
 .text._close_r
                0x08008ad0       0x20 d:/aboutstm32/truestudio/truestudio for stm32 9.3.0/armtools/bin/../lib/gcc/arm-atollic-eabi/6.3.1/../../../../arm-atollic-eabi/lib/armv7-m\libc.a(lib_a-closer.o)
                0x08008ad0                _close_r
 .text._fclose_r
                0x08008af0       0xd8 d:/aboutstm32/truestudio/truestudio for stm32 9.3.0/armtools/bin/../lib/gcc/arm-atollic-eabi/6.3.1/../../../../arm-atollic-eabi/lib/armv7-m\libc.a(lib_a-fclose.o)
                0x08008af0                _fclose_r
 .text.__fputwc
                0x08008bc8       0x82 d:/aboutstm32/truestudio/truestudio for stm32 9.3.0/armtools/bin/../lib/gcc/arm-atollic-eabi/6.3.1/../../../../arm-atollic-eabi/lib/armv7-m\libc.a(lib_a-fputwc.o)
                0x08008bc8                __fputwc
 .text._fputwc_r
                0x08008c4a       0x52 d:/aboutstm32/truestudio/truestudio for stm32 9.3.0/armtools/bin/../lib/gcc/arm-atollic-eabi/6.3.1/../../../../arm-atollic-eabi/lib/armv7-m\libc.a(lib_a-fputwc.o)
                0x08008c4a                _fputwc_r
 .text._fstat_r
                0x08008c9c       0x24 d:/aboutstm32/truestudio/truestudio for stm32 9.3.0/armtools/bin/../lib/gcc/arm-atollic-eabi/6.3.1/../../../../arm-atollic-eabi/lib/armv7-m\libc.a(lib_a-fstatr.o)
                0x08008c9c                _fstat_r
 .text._isatty_r
                0x08008cc0       0x20 d:/aboutstm32/truestudio/truestudio for stm32 9.3.0/armtools/bin/../lib/gcc/arm-atollic-eabi/6.3.1/../../../../arm-atollic-eabi/lib/armv7-m\libc.a(lib_a-isattyr.o)
                0x08008cc0                _isatty_r
 .text._lseek_r
                0x08008ce0       0x24 d:/aboutstm32/truestudio/truestudio for stm32 9.3.0/armtools/bin/../lib/gcc/arm-atollic-eabi/6.3.1/../../../../arm-atollic-eabi/lib/armv7-m\libc.a(lib_a-lseekr.o)
                0x08008ce0                _lseek_r
 .text._read_r  0x08008d04       0x24 d:/aboutstm32/truestudio/truestudio for stm32 9.3.0/armtools/bin/../lib/gcc/arm-atollic-eabi/6.3.1/../../../../arm-atollic-eabi/lib/armv7-m\libc.a(lib_a-readr.o)
                0x08008d04                _read_r
 .text.__swbuf_r
                0x08008d28       0xbc d:/aboutstm32/truestudio/truestudio for stm32 9.3.0/armtools/bin/../lib/gcc/arm-atollic-eabi/6.3.1/../../../../arm-atollic-eabi/lib/armv7-m\libc.a(lib_a-wbuf.o)
                0x08008d28                __swbuf_r
 .text._wcrtomb_r
                0x08008de4       0x50 d:/aboutstm32/truestudio/truestudio for stm32 9.3.0/armtools/bin/../lib/gcc/arm-atollic-eabi/6.3.1/../../../../arm-atollic-eabi/lib/armv7-m\libc.a(lib_a-wcrtomb.o)
                0x08008de4                _wcrtomb_r
 *(.glue_7)
 .glue_7        0x08008e34        0x0 linker stubs
 *(.glue_7t)
 .glue_7t       0x08008e34        0x0 linker stubs
 *(.eh_frame)
 .eh_frame      0x08008e34        0x0 d:/aboutstm32/truestudio/truestudio for stm32 9.3.0/armtools/bin/../lib/gcc/arm-atollic-eabi/6.3.1/armv7-m/crtbegin.o
 *(.init)
 .init          0x08008e34        0x4 d:/aboutstm32/truestudio/truestudio for stm32 9.3.0/armtools/bin/../lib/gcc/arm-atollic-eabi/6.3.1/armv7-m/crti.o
                0x08008e34                _init
 .init          0x08008e38        0x8 d:/aboutstm32/truestudio/truestudio for stm32 9.3.0/armtools/bin/../lib/gcc/arm-atollic-eabi/6.3.1/armv7-m/crtn.o
 *(.fini)
 .fini          0x08008e40        0x4 d:/aboutstm32/truestudio/truestudio for stm32 9.3.0/armtools/bin/../lib/gcc/arm-atollic-eabi/6.3.1/armv7-m/crti.o
                0x08008e40                _fini
 .fini          0x08008e44        0x8 d:/aboutstm32/truestudio/truestudio for stm32 9.3.0/armtools/bin/../lib/gcc/arm-atollic-eabi/6.3.1/armv7-m/crtn.o
                0x08008e4c                . = ALIGN (0x4)
                0x08008e4c                _etext = .

.vfp11_veneer   0x08008e4c        0x0
 .vfp11_veneer  0x08008e4c        0x0 linker stubs

.v4_bx          0x08008e4c        0x0
 .v4_bx         0x08008e4c        0x0 linker stubs

.iplt           0x08008e4c        0x0
 .iplt          0x08008e4c        0x0 d:/aboutstm32/truestudio/truestudio for stm32 9.3.0/armtools/bin/../lib/gcc/arm-atollic-eabi/6.3.1/armv7-m/crtbegin.o

.rodata         0x08008e50      0x730
                0x08008e50                . = ALIGN (0x4)
 *(.rodata)
 *(.rodata*)
 .rodata.F4G_AT_Test.str1.1
                0x08008e50       0x35 App\module_4G\usart_4G.o
 .rodata.F4G_ExitUnvarnishSend.str1.1
                0x08008e85        0x4 App\module_4G\usart_4G.o
 .rodata.F4G_Init.str1.1
                0x08008e89       0x23 App\module_4G\usart_4G.o
 .rodata.F4G_sendStr.str1.1
                0x08008eac       0x23 App\module_4G\usart_4G.o
                                  0x2 (size before relaxing)
 .rodata.Send_AT_Cmd.str1.1
                0x08008eac       0x23 App\module_4G\usart_4G.o
                                  0x8 (size before relaxing)
 .rodata.USART2_IRQHandler.str1.1
                0x08008eac       0x2b App\module_4G\usart_4G.o
 .rodata.connectToTCPServer.str1.1
                0x08008ed7       0x27 App\module_4G\usart_4G.o
 .rodata.getModuleMes.str1.1
                0x08008efe       0xb0 App\module_4G\usart_4G.o
                                 0xb2 (size before relaxing)
 .rodata.str1.1
                0x08008fae       0x41 App\util\base64.o
 .rodata.getMD5Str.str1.1
                0x08008fef       0x11 App\util\md5.o
                                 0x13 (size before relaxing)
 .rodata.EraseSomePages.str1.1
                0x08009000       0x11 IAP\Src\common.o
 .rodata.Get_DeviceID.str1.1
                0x08009011       0x17 IAP\Src\iap.o
 .rodata.IAP_Erase.str1.1
                0x08009028       0x16 IAP\Src\iap.o
 .rodata.IAP_Main_Menu.str1.1
                0x0800903e       0x24 IAP\Src\iap.o
                                 0x26 (size before relaxing)
 .rodata.IAP_RunApp.str1.1
                0x08009062       0x24 IAP\Src\iap.o
 .rodata.IAP_Update.str1.1
                0x08009086       0xc2 IAP\Src\iap.o
                                 0xc8 (size before relaxing)
 .rodata.IAP_Upload.str1.1
                0x08009148       0x1a IAP\Src\iap.o
 .rodata.Set_DeviceID.str1.1
                0x08009162       0x23 IAP\Src\iap.o
                                 0x25 (size before relaxing)
 .rodata.catReqStr4UPdate.str1.1
                0x08009185        0x9 IAP\Src\iap.o
 .rodata.catRequestStr.str1.1
                0x0800918e        0x3 IAP\Src\iap.o
                                  0x5 (size before relaxing)
 .rodata.check_response.str1.1
                0x08009191       0xaf IAP\Src\iap.o
                                 0xbe (size before relaxing)
 .rodata.communicateWithHost.str1.1
                0x08009240       0x1b IAP\Src\iap.o
 .rodata.request.str1.1
                0x0800925b        0x5 IAP\Src\iap.o
                                  0xa (size before relaxing)
 .rodata.request4UPdataComplete.str1.1
                0x08009260        0xc IAP\Src\iap.o
 .rodata.USART1_IRQHandler.str1.1
                0x0800926c        0xc Public\usart.o
                                 0x12 (size before relaxing)
 .rodata.main.str1.1
                0x0800926c       0x1c src\main.o
 .rodata.HardFault_Handler.str1.1
                0x08009288        0xc src\stm32f1xx_it.o
 .rodata._puts_r.str1.1
                0x08009294        0xc d:/aboutstm32/truestudio/truestudio for stm32 9.3.0/armtools/bin/../lib/gcc/arm-atollic-eabi/6.3.1/../../../../arm-atollic-eabi/lib/armv7-m\libc.a(lib_a-puts.o)
                                  0x2 (size before relaxing)
 .rodata._svfprintf_r.str1.1
                0x08009294       0x32 d:/aboutstm32/truestudio/truestudio for stm32 9.3.0/armtools/bin/../lib/gcc/arm-atollic-eabi/6.3.1/../../../../arm-atollic-eabi/lib/armv7-m\libc.a(lib_a-svfprintf.o)
                                 0x34 (size before relaxing)
 .rodata.blanks.7236
                0x080092c6       0x10 d:/aboutstm32/truestudio/truestudio for stm32 9.3.0/armtools/bin/../lib/gcc/arm-atollic-eabi/6.3.1/../../../../arm-atollic-eabi/lib/armv7-m\libc.a(lib_a-svfprintf.o)
 .rodata.zeroes.7237
                0x080092d6       0x10 d:/aboutstm32/truestudio/truestudio for stm32 9.3.0/armtools/bin/../lib/gcc/arm-atollic-eabi/6.3.1/../../../../arm-atollic-eabi/lib/armv7-m\libc.a(lib_a-svfprintf.o)
 .rodata._vfprintf_r.str1.1
                0x080092e6       0x34 d:/aboutstm32/truestudio/truestudio for stm32 9.3.0/armtools/bin/../lib/gcc/arm-atollic-eabi/6.3.1/../../../../arm-atollic-eabi/lib/armv7-m\libc.a(lib_a-vfprintf.o)
 .rodata.blanks.7251
                0x080092e6       0x10 d:/aboutstm32/truestudio/truestudio for stm32 9.3.0/armtools/bin/../lib/gcc/arm-atollic-eabi/6.3.1/../../../../arm-atollic-eabi/lib/armv7-m\libc.a(lib_a-vfprintf.o)
 .rodata.zeroes.7252
                0x080092f6       0x10 d:/aboutstm32/truestudio/truestudio for stm32 9.3.0/armtools/bin/../lib/gcc/arm-atollic-eabi/6.3.1/../../../../arm-atollic-eabi/lib/armv7-m\libc.a(lib_a-vfprintf.o)
 .rodata._dtoa_r.str1.1
                0x08009306        0xd d:/aboutstm32/truestudio/truestudio for stm32 9.3.0/armtools/bin/../lib/gcc/arm-atollic-eabi/6.3.1/../../../../arm-atollic-eabi/lib/armv7-m\libc.a(lib_a-dtoa.o)
                                  0xf (size before relaxing)
 *fill*         0x08009313        0x1 
 .rodata.__sf_fake_stderr
                0x08009314       0x20 d:/aboutstm32/truestudio/truestudio for stm32 9.3.0/armtools/bin/../lib/gcc/arm-atollic-eabi/6.3.1/../../../../arm-atollic-eabi/lib/armv7-m\libc.a(lib_a-findfp.o)
                0x08009314                __sf_fake_stderr
 .rodata.__sf_fake_stdin
                0x08009334       0x20 d:/aboutstm32/truestudio/truestudio for stm32 9.3.0/armtools/bin/../lib/gcc/arm-atollic-eabi/6.3.1/../../../../arm-atollic-eabi/lib/armv7-m\libc.a(lib_a-findfp.o)
                0x08009334                __sf_fake_stdin
 .rodata.__sf_fake_stdout
                0x08009354       0x20 d:/aboutstm32/truestudio/truestudio for stm32 9.3.0/armtools/bin/../lib/gcc/arm-atollic-eabi/6.3.1/../../../../arm-atollic-eabi/lib/armv7-m\libc.a(lib_a-findfp.o)
                0x08009354                __sf_fake_stdout
 .rodata._global_impure_ptr
                0x08009374        0x4 d:/aboutstm32/truestudio/truestudio for stm32 9.3.0/armtools/bin/../lib/gcc/arm-atollic-eabi/6.3.1/../../../../arm-atollic-eabi/lib/armv7-m\libc.a(lib_a-impure.o)
                0x08009374                _global_impure_ptr
 .rodata._setlocale_r.str1.1
                0x08009378        0x6 d:/aboutstm32/truestudio/truestudio for stm32 9.3.0/armtools/bin/../lib/gcc/arm-atollic-eabi/6.3.1/../../../../arm-atollic-eabi/lib/armv7-m\libc.a(lib_a-locale.o)
                                  0x9 (size before relaxing)
 .rodata.str1.1
                0x0800937e        0x2 d:/aboutstm32/truestudio/truestudio for stm32 9.3.0/armtools/bin/../lib/gcc/arm-atollic-eabi/6.3.1/../../../../arm-atollic-eabi/lib/armv7-m\libc.a(lib_a-locale.o)
 .rodata.__mprec_bigtens
                0x08009380       0x28 d:/aboutstm32/truestudio/truestudio for stm32 9.3.0/armtools/bin/../lib/gcc/arm-atollic-eabi/6.3.1/../../../../arm-atollic-eabi/lib/armv7-m\libc.a(lib_a-mprec.o)
                0x08009380                __mprec_bigtens
 .rodata.__mprec_tens
                0x080093a8       0xc8 d:/aboutstm32/truestudio/truestudio for stm32 9.3.0/armtools/bin/../lib/gcc/arm-atollic-eabi/6.3.1/../../../../arm-atollic-eabi/lib/armv7-m\libc.a(lib_a-mprec.o)
                0x080093a8                __mprec_tens
 .rodata.p05.6073
                0x08009470        0xc d:/aboutstm32/truestudio/truestudio for stm32 9.3.0/armtools/bin/../lib/gcc/arm-atollic-eabi/6.3.1/../../../../arm-atollic-eabi/lib/armv7-m\libc.a(lib_a-mprec.o)
 .rodata._ctype_
                0x0800947c      0x101 d:/aboutstm32/truestudio/truestudio for stm32 9.3.0/armtools/bin/../lib/gcc/arm-atollic-eabi/6.3.1/../../../../arm-atollic-eabi/lib/armv7-m\libc.a(lib_a-ctype_.o)
                0x0800947c                _ctype_
                0x08009580                . = ALIGN (0x4)
 *fill*         0x0800957d        0x3 

.ARM.extab
 *(.ARM.extab* .gnu.linkonce.armextab.*)

.ARM            0x08009580        0x8
                0x08009580                __exidx_start = .
 *(.ARM.exidx*)
 .ARM.exidx     0x08009580        0x8 d:/aboutstm32/truestudio/truestudio for stm32 9.3.0/armtools/bin/../lib/gcc/arm-atollic-eabi/6.3.1/armv7-m\libgcc.a(_udivmoddi4.o)
                0x08009588                __exidx_end = .

.rel.dyn        0x08009588        0x0
 .rel.iplt      0x08009588        0x0 d:/aboutstm32/truestudio/truestudio for stm32 9.3.0/armtools/bin/../lib/gcc/arm-atollic-eabi/6.3.1/armv7-m/crtbegin.o

.preinit_array  0x08009588        0x0
                0x08009588                PROVIDE (__preinit_array_start, .)
 *(.preinit_array*)
                0x08009588                PROVIDE (__preinit_array_end, .)

.init_array     0x08009588        0x4
                0x08009588                PROVIDE (__init_array_start, .)
 *(SORT(.init_array.*))
 *(.init_array*)
 .init_array    0x08009588        0x4 d:/aboutstm32/truestudio/truestudio for stm32 9.3.0/armtools/bin/../lib/gcc/arm-atollic-eabi/6.3.1/armv7-m/crtbegin.o
                0x0800958c                PROVIDE (__init_array_end, .)

.fini_array     0x0800958c        0x4
                [!provide]                PROVIDE (__fini_array_start, .)
 *(SORT(.fini_array.*))
 *(.fini_array*)
 .fini_array    0x0800958c        0x4 d:/aboutstm32/truestudio/truestudio for stm32 9.3.0/armtools/bin/../lib/gcc/arm-atollic-eabi/6.3.1/armv7-m/crtbegin.o
                [!provide]                PROVIDE (__fini_array_end, .)
                0x08009590                _sidata = LOADADDR (.data)

.data           0x20000000      0x6cc load address 0x08009590
                0x20000000                . = ALIGN (0x4)
                0x20000000                _sdata = .
 *(.data)
 *(.data*)
 .data.base64char
                0x20000000        0x4 App\util\base64.o
                0x20000000                base64char
 .data.PADDING  0x20000004       0x40 App\util\md5.o
                0x20000004                PADDING
 .data.flashDes
                0x20000044        0x4 IAP\Src\iap.o
                0x20000044                flashDes
 .data.ADCPrescTable
                0x20000048        0x4 Libraries\STM32F10x_StdPeriph_Driver\src\stm32f10x_rcc.o
 .data.APBAHBPrescTable
                0x2000004c       0x10 Libraries\STM32F10x_StdPeriph_Driver\src\stm32f10x_rcc.o
 .data._impure_ptr
                0x2000005c        0x4 d:/aboutstm32/truestudio/truestudio for stm32 9.3.0/armtools/bin/../lib/gcc/arm-atollic-eabi/6.3.1/../../../../arm-atollic-eabi/lib/armv7-m\libc.a(lib_a-impure.o)
                0x2000005c                _impure_ptr
 .data.impure_data
                0x20000060       0xf0 d:/aboutstm32/truestudio/truestudio for stm32 9.3.0/armtools/bin/../lib/gcc/arm-atollic-eabi/6.3.1/../../../../arm-atollic-eabi/lib/armv7-m\libc.a(lib_a-impure.o)
 .data.__global_locale
                0x20000150      0x16c d:/aboutstm32/truestudio/truestudio for stm32 9.3.0/armtools/bin/../lib/gcc/arm-atollic-eabi/6.3.1/../../../../arm-atollic-eabi/lib/armv7-m\libc.a(lib_a-locale.o)
                0x20000150                __global_locale
 .data.__malloc_av_
                0x200002bc      0x408 d:/aboutstm32/truestudio/truestudio for stm32 9.3.0/armtools/bin/../lib/gcc/arm-atollic-eabi/6.3.1/../../../../arm-atollic-eabi/lib/armv7-m\libc.a(lib_a-mallocr.o)
                0x200002bc                __malloc_av_
 .data.__malloc_sbrk_base
                0x200006c4        0x4 d:/aboutstm32/truestudio/truestudio for stm32 9.3.0/armtools/bin/../lib/gcc/arm-atollic-eabi/6.3.1/../../../../arm-atollic-eabi/lib/armv7-m\libc.a(lib_a-mallocr.o)
                0x200006c4                __malloc_sbrk_base
 .data.__malloc_trim_threshold
                0x200006c8        0x4 d:/aboutstm32/truestudio/truestudio for stm32 9.3.0/armtools/bin/../lib/gcc/arm-atollic-eabi/6.3.1/../../../../arm-atollic-eabi/lib/armv7-m\libc.a(lib_a-mallocr.o)
                0x200006c8                __malloc_trim_threshold
                0x200006cc                . = ALIGN (0x4)
                0x200006cc                _edata = .

.igot.plt       0x200006cc        0x0 load address 0x08009c5c
 .igot.plt      0x200006cc        0x0 d:/aboutstm32/truestudio/truestudio for stm32 9.3.0/armtools/bin/../lib/gcc/arm-atollic-eabi/6.3.1/armv7-m/crtbegin.o
                0x200006cc                . = ALIGN (0x4)

.bss            0x200006cc     0x1c68 load address 0x08009c5c
                0x200006cc                _sbss = .
                0x200006cc                __bss_start__ = _sbss
 *(.bss)
 .bss           0x200006cc       0x1c d:/aboutstm32/truestudio/truestudio for stm32 9.3.0/armtools/bin/../lib/gcc/arm-atollic-eabi/6.3.1/armv7-m/crtbegin.o
 *(.bss*)
 .bss.initCnt   0x200006e8        0x1 App\Tim\tim4.o
                0x200006e8                initCnt
 .bss.updateCnt
                0x200006e9        0x1 App\Tim\tim4.o
                0x200006e9                updateCnt
 *fill*         0x200006ea        0x2 
 .bss.WDeviceID
                0x200006ec        0x4 App\flash\STMFlash.o
                0x200006ec                WDeviceID
 .bss.F4G_Fram_Record_Struct
                0x200006f0      0xa40 App\module_4G\usart_4G.o
                0x200006f0                F4G_Fram_Record_Struct
 .bss.BlockNbr  0x20001130        0x4 IAP\Src\iap.o
                0x20001130                BlockNbr
 .bss.FlashProtection
                0x20001134        0x4 IAP\Src\iap.o
                0x20001134                FlashProtection
 .bss.LOCAL_SERVER_SWITCH
                0x20001138        0x1 IAP\Src\iap.o
                0x20001138                LOCAL_SERVER_SWITCH
 *fill*         0x20001139        0x3 
 .bss.UserMemoryMask
                0x2000113c        0x4 IAP\Src\iap.o
                0x2000113c                UserMemoryMask
 .bss.flagCPY   0x20001140        0x2 IAP\Src\iap.o
                0x20001140                flagCPY
 .bss.flashBuf  0x20001142       0x80 IAP\Src\iap.o
                0x20001142                flashBuf
 .bss.flashCnt  0x200011c2        0x2 IAP\Src\iap.o
                0x200011c2                flashCnt
 .bss.initing   0x200011c4        0x1 IAP\Src\iap.o
                0x200011c4                initing
 .bss.spfBuf    0x200011c5       0x80 IAP\Src\iap.o
                0x200011c5                spfBuf
 .bss.updating  0x20001245        0x1 IAP\Src\iap.o
                0x20001245                updating
 .bss.fac_ms    0x20001246        0x2 Public\systick.o
 .bss.fac_us    0x20001248        0x1 Public\systick.o
 *fill*         0x20001249        0x3 
 .bss.USART1_Record_Struct
                0x2000124c      0x80c Public\usart.o
                0x2000124c                USART1_Record_Struct
 .bss.localUpdate
                0x20001a58        0x1 Public\usart.o
                0x20001a58                localUpdate
 *fill*         0x20001a59        0x3 
 .bss.heap_end.8347
                0x20001a5c        0x4 src\syscalls.o
 .bss.__malloc_current_mallinfo
                0x20001a60       0x28 d:/aboutstm32/truestudio/truestudio for stm32 9.3.0/armtools/bin/../lib/gcc/arm-atollic-eabi/6.3.1/../../../../arm-atollic-eabi/lib/armv7-m\libc.a(lib_a-mallocr.o)
                0x20001a60                __malloc_current_mallinfo
 .bss.__malloc_max_sbrked_mem
                0x20001a88        0x4 d:/aboutstm32/truestudio/truestudio for stm32 9.3.0/armtools/bin/../lib/gcc/arm-atollic-eabi/6.3.1/../../../../arm-atollic-eabi/lib/armv7-m\libc.a(lib_a-mallocr.o)
                0x20001a88                __malloc_max_sbrked_mem
 .bss.__malloc_max_total_mem
                0x20001a8c        0x4 d:/aboutstm32/truestudio/truestudio for stm32 9.3.0/armtools/bin/../lib/gcc/arm-atollic-eabi/6.3.1/../../../../arm-atollic-eabi/lib/armv7-m\libc.a(lib_a-mallocr.o)
                0x20001a8c                __malloc_max_total_mem
 .bss.__malloc_top_pad
                0x20001a90        0x4 d:/aboutstm32/truestudio/truestudio for stm32 9.3.0/armtools/bin/../lib/gcc/arm-atollic-eabi/6.3.1/../../../../arm-atollic-eabi/lib/armv7-m\libc.a(lib_a-mallocr.o)
                0x20001a90                __malloc_top_pad
 *(COMMON)
 COMMON         0x20001a94      0x884 App\flash\STMFlash.o
                0x20001a94                WVersion
                0x20001a98                STMFLASH_BUF
                0x20002298                RVersion
                0x200022ac                RDeviceID
                0x200022b4                APPServer
 COMMON         0x20002318        0xc IAP\Src\iap.o
                0x20002318                RamSource
                0x2000231c                JumpAddress
                0x20002320                Jump_To_Application
 COMMON         0x20002324        0x4 d:/aboutstm32/truestudio/truestudio for stm32 9.3.0/armtools/bin/../lib/gcc/arm-atollic-eabi/6.3.1/../../../../arm-atollic-eabi/lib/armv7-m\libc.a(lib_a-reent.o)
                0x20002324                errno
 COMMON         0x20002328        0x9 d:/aboutstm32/truestudio/truestudio for stm32 9.3.0/armtools/bin/../lib/gcc/arm-atollic-eabi/6.3.1/../../../../arm-atollic-eabi/lib/armv7-m\libc.a(lib_a-lock.o)
                0x20002328                __lock___atexit_recursive_mutex
                0x20002329                __lock___arc4random_mutex
                0x2000232a                __lock___env_recursive_mutex
                0x2000232b                __lock___sinit_recursive_mutex
                0x2000232c                __lock___malloc_recursive_mutex
                0x2000232d                __lock___at_quick_exit_mutex
                0x2000232e                __lock___dd_hash_mutex
                0x2000232f                __lock___tz_mutex
                0x20002330                __lock___sfp_recursive_mutex
                0x20002334                . = ALIGN (0x4)
 *fill*         0x20002331        0x3 
                0x20002334                _ebss = .
                0x20002334                __bss_end__ = _ebss

._user_heap_stack
                0x20002334      0x200 load address 0x08009c5c
                0x20002334                . = ALIGN (0x4)
                0x20002334                PROVIDE (end, .)
                [!provide]                PROVIDE (_end, .)
                0x20002334                . = (. + _Min_Heap_Size)
                0x20002534                . = (. + _Min_Stack_Size)
 *fill*         0x20002334      0x200 
                0x20002534                . = ALIGN (0x4)

.memory_b1_text
 *(.mb1text)
 *(.mb1text*)
 *(.mb1rodata)
 *(.mb1rodata*)

/DISCARD/
 libc.a(*)
 libm.a(*)
 libgcc.a(*)

.ARM.attributes
                0x00000000       0x29
 *(.ARM.attributes)
 .ARM.attributes
                0x00000000       0x1d d:/aboutstm32/truestudio/truestudio for stm32 9.3.0/armtools/bin/../lib/gcc/arm-atollic-eabi/6.3.1/armv7-m/crti.o
 .ARM.attributes
                0x0000001d       0x2d d:/aboutstm32/truestudio/truestudio for stm32 9.3.0/armtools/bin/../lib/gcc/arm-atollic-eabi/6.3.1/armv7-m/crtbegin.o
 .ARM.attributes
                0x0000004a       0x33 App\Tim\tim4.o
 .ARM.attributes
                0x0000007d       0x33 App\flash\STMFlash.o
 .ARM.attributes
                0x000000b0       0x33 App\module_4G\usart_4G.o
 .ARM.attributes
                0x000000e3       0x33 App\util\base64.o
 .ARM.attributes
                0x00000116       0x33 App\util\md5.o
 .ARM.attributes
                0x00000149       0x33 App\wifi\public\wifi_public.o
 .ARM.attributes
                0x0000017c       0x33 IAP\Src\common.o
 .ARM.attributes
                0x000001af       0x33 IAP\Src\iap.o
 .ARM.attributes
                0x000001e2       0x33 Libraries\STM32F10x_StdPeriph_Driver\src\misc.o
 .ARM.attributes
                0x00000215       0x33 Libraries\STM32F10x_StdPeriph_Driver\src\stm32f10x_flash.o
 .ARM.attributes
                0x00000248       0x33 Libraries\STM32F10x_StdPeriph_Driver\src\stm32f10x_gpio.o
 .ARM.attributes
                0x0000027b       0x33 Libraries\STM32F10x_StdPeriph_Driver\src\stm32f10x_rcc.o
 .ARM.attributes
                0x000002ae       0x33 Libraries\STM32F10x_StdPeriph_Driver\src\stm32f10x_tim.o
 .ARM.attributes
                0x000002e1       0x33 Libraries\STM32F10x_StdPeriph_Driver\src\stm32f10x_usart.o
 .ARM.attributes
                0x00000314       0x33 Public\systick.o
 .ARM.attributes
                0x00000347       0x33 Public\usart.o
 .ARM.attributes
                0x0000037a       0x33 src\main.o
 .ARM.attributes
                0x000003ad       0x21 src\startup_stm32f10x_hd.o
 .ARM.attributes
                0x000003ce       0x33 src\stm32f1xx_it.o
 .ARM.attributes
                0x00000401       0x33 src\syscalls.o
 .ARM.attributes
                0x00000434       0x33 src\system_stm32f10x.o
 .ARM.attributes
                0x00000467       0x2d d:/aboutstm32/truestudio/truestudio for stm32 9.3.0/armtools/bin/../lib/gcc/arm-atollic-eabi/6.3.1/../../../../arm-atollic-eabi/lib/armv7-m\libc.a(lib_a-atoi.o)
 .ARM.attributes
                0x00000494       0x2d d:/aboutstm32/truestudio/truestudio for stm32 9.3.0/armtools/bin/../lib/gcc/arm-atollic-eabi/6.3.1/../../../../arm-atollic-eabi/lib/armv7-m\libc.a(lib_a-atol.o)
 .ARM.attributes
                0x000004c1       0x2d d:/aboutstm32/truestudio/truestudio for stm32 9.3.0/armtools/bin/../lib/gcc/arm-atollic-eabi/6.3.1/../../../../arm-atollic-eabi/lib/armv7-m\libc.a(lib_a-init.o)
 .ARM.attributes
                0x000004ee       0x2d d:/aboutstm32/truestudio/truestudio for stm32 9.3.0/armtools/bin/../lib/gcc/arm-atollic-eabi/6.3.1/../../../../arm-atollic-eabi/lib/armv7-m\libc.a(lib_a-memcmp.o)
 .ARM.attributes
                0x0000051b       0x2d d:/aboutstm32/truestudio/truestudio for stm32 9.3.0/armtools/bin/../lib/gcc/arm-atollic-eabi/6.3.1/../../../../arm-atollic-eabi/lib/armv7-m\libc.a(lib_a-memcpy-stub.o)
 .ARM.attributes
                0x00000548       0x2d d:/aboutstm32/truestudio/truestudio for stm32 9.3.0/armtools/bin/../lib/gcc/arm-atollic-eabi/6.3.1/../../../../arm-atollic-eabi/lib/armv7-m\libc.a(lib_a-memset.o)
 .ARM.attributes
                0x00000575       0x2d d:/aboutstm32/truestudio/truestudio for stm32 9.3.0/armtools/bin/../lib/gcc/arm-atollic-eabi/6.3.1/../../../../arm-atollic-eabi/lib/armv7-m\libc.a(lib_a-printf.o)
 .ARM.attributes
                0x000005a2       0x2d d:/aboutstm32/truestudio/truestudio for stm32 9.3.0/armtools/bin/../lib/gcc/arm-atollic-eabi/6.3.1/../../../../arm-atollic-eabi/lib/armv7-m\libc.a(lib_a-puts.o)
 .ARM.attributes
                0x000005cf       0x2d d:/aboutstm32/truestudio/truestudio for stm32 9.3.0/armtools/bin/../lib/gcc/arm-atollic-eabi/6.3.1/../../../../arm-atollic-eabi/lib/armv7-m\libc.a(lib_a-reent.o)
 .ARM.attributes
                0x000005fc       0x2d d:/aboutstm32/truestudio/truestudio for stm32 9.3.0/armtools/bin/../lib/gcc/arm-atollic-eabi/6.3.1/../../../../arm-atollic-eabi/lib/armv7-m\libc.a(lib_a-sprintf.o)
 .ARM.attributes
                0x00000629       0x2d d:/aboutstm32/truestudio/truestudio for stm32 9.3.0/armtools/bin/../lib/gcc/arm-atollic-eabi/6.3.1/../../../../arm-atollic-eabi/lib/armv7-m\libc.a(lib_a-strcat.o)
 .ARM.attributes
                0x00000656       0x2d d:/aboutstm32/truestudio/truestudio for stm32 9.3.0/armtools/bin/../lib/gcc/arm-atollic-eabi/6.3.1/../../../../arm-atollic-eabi/lib/armv7-m\libc.a(lib_a-strchr.o)
 .ARM.attributes
                0x00000683       0x2d d:/aboutstm32/truestudio/truestudio for stm32 9.3.0/armtools/bin/../lib/gcc/arm-atollic-eabi/6.3.1/../../../../arm-atollic-eabi/lib/armv7-m\libc.a(lib_a-strcpy.o)
 .ARM.attributes
                0x000006b0       0x17 d:/aboutstm32/truestudio/truestudio for stm32 9.3.0/armtools/bin/../lib/gcc/arm-atollic-eabi/6.3.1/../../../../arm-atollic-eabi/lib/armv7-m\libc.a(lib_a-strlen.o)
 .ARM.attributes
                0x000006c7       0x2d d:/aboutstm32/truestudio/truestudio for stm32 9.3.0/armtools/bin/../lib/gcc/arm-atollic-eabi/6.3.1/../../../../arm-atollic-eabi/lib/armv7-m\libc.a(lib_a-strncat.o)
 .ARM.attributes
                0x000006f4       0x2d d:/aboutstm32/truestudio/truestudio for stm32 9.3.0/armtools/bin/../lib/gcc/arm-atollic-eabi/6.3.1/../../../../arm-atollic-eabi/lib/armv7-m\libc.a(lib_a-strstr.o)
 .ARM.attributes
                0x00000721       0x2d d:/aboutstm32/truestudio/truestudio for stm32 9.3.0/armtools/bin/../lib/gcc/arm-atollic-eabi/6.3.1/../../../../arm-atollic-eabi/lib/armv7-m\libc.a(lib_a-strtok.o)
 .ARM.attributes
                0x0000074e       0x2d d:/aboutstm32/truestudio/truestudio for stm32 9.3.0/armtools/bin/../lib/gcc/arm-atollic-eabi/6.3.1/../../../../arm-atollic-eabi/lib/armv7-m\libc.a(lib_a-strtok_r.o)
 .ARM.attributes
                0x0000077b       0x2d d:/aboutstm32/truestudio/truestudio for stm32 9.3.0/armtools/bin/../lib/gcc/arm-atollic-eabi/6.3.1/../../../../arm-atollic-eabi/lib/armv7-m\libc.a(lib_a-strtol.o)
 .ARM.attributes
                0x000007a8       0x2d d:/aboutstm32/truestudio/truestudio for stm32 9.3.0/armtools/bin/../lib/gcc/arm-atollic-eabi/6.3.1/../../../../arm-atollic-eabi/lib/armv7-m\libc.a(lib_a-svfprintf.o)
 .ARM.attributes
                0x000007d5       0x2d d:/aboutstm32/truestudio/truestudio for stm32 9.3.0/armtools/bin/../lib/gcc/arm-atollic-eabi/6.3.1/../../../../arm-atollic-eabi/lib/armv7-m\libc.a(lib_a-vfprintf.o)
 .ARM.attributes
                0x00000802       0x2d d:/aboutstm32/truestudio/truestudio for stm32 9.3.0/armtools/bin/../lib/gcc/arm-atollic-eabi/6.3.1/../../../../arm-atollic-eabi/lib/armv7-m\libc.a(lib_a-wsetup.o)
 .ARM.attributes
                0x0000082f       0x2d d:/aboutstm32/truestudio/truestudio for stm32 9.3.0/armtools/bin/../lib/gcc/arm-atollic-eabi/6.3.1/../../../../arm-atollic-eabi/lib/armv7-m\libc.a(lib_a-dtoa.o)
 .ARM.attributes
                0x0000085c       0x2d d:/aboutstm32/truestudio/truestudio for stm32 9.3.0/armtools/bin/../lib/gcc/arm-atollic-eabi/6.3.1/../../../../arm-atollic-eabi/lib/armv7-m\libc.a(lib_a-fflush.o)
 .ARM.attributes
                0x00000889       0x2d d:/aboutstm32/truestudio/truestudio for stm32 9.3.0/armtools/bin/../lib/gcc/arm-atollic-eabi/6.3.1/../../../../arm-atollic-eabi/lib/armv7-m\libc.a(lib_a-findfp.o)
 .ARM.attributes
                0x000008b6       0x2d d:/aboutstm32/truestudio/truestudio for stm32 9.3.0/armtools/bin/../lib/gcc/arm-atollic-eabi/6.3.1/../../../../arm-atollic-eabi/lib/armv7-m\libc.a(lib_a-freer.o)
 .ARM.attributes
                0x000008e3       0x2d d:/aboutstm32/truestudio/truestudio for stm32 9.3.0/armtools/bin/../lib/gcc/arm-atollic-eabi/6.3.1/../../../../arm-atollic-eabi/lib/armv7-m\libc.a(lib_a-fvwrite.o)
 .ARM.attributes
                0x00000910       0x2d d:/aboutstm32/truestudio/truestudio for stm32 9.3.0/armtools/bin/../lib/gcc/arm-atollic-eabi/6.3.1/../../../../arm-atollic-eabi/lib/armv7-m\libc.a(lib_a-fwalk.o)
 .ARM.attributes
                0x0000093d       0x2d d:/aboutstm32/truestudio/truestudio for stm32 9.3.0/armtools/bin/../lib/gcc/arm-atollic-eabi/6.3.1/../../../../arm-atollic-eabi/lib/armv7-m\libc.a(lib_a-impure.o)
 .ARM.attributes
                0x0000096a       0x2d d:/aboutstm32/truestudio/truestudio for stm32 9.3.0/armtools/bin/../lib/gcc/arm-atollic-eabi/6.3.1/../../../../arm-atollic-eabi/lib/armv7-m\libc.a(lib_a-locale.o)
 .ARM.attributes
                0x00000997       0x2d d:/aboutstm32/truestudio/truestudio for stm32 9.3.0/armtools/bin/../lib/gcc/arm-atollic-eabi/6.3.1/../../../../arm-atollic-eabi/lib/armv7-m\libc.a(lib_a-localeconv.o)
 .ARM.attributes
                0x000009c4       0x2d d:/aboutstm32/truestudio/truestudio for stm32 9.3.0/armtools/bin/../lib/gcc/arm-atollic-eabi/6.3.1/../../../../arm-atollic-eabi/lib/armv7-m\libc.a(lib_a-lock.o)
 .ARM.attributes
                0x000009f1       0x2d d:/aboutstm32/truestudio/truestudio for stm32 9.3.0/armtools/bin/../lib/gcc/arm-atollic-eabi/6.3.1/../../../../arm-atollic-eabi/lib/armv7-m\libc.a(lib_a-makebuf.o)
 .ARM.attributes
                0x00000a1e       0x2d d:/aboutstm32/truestudio/truestudio for stm32 9.3.0/armtools/bin/../lib/gcc/arm-atollic-eabi/6.3.1/../../../../arm-atollic-eabi/lib/armv7-m\libc.a(lib_a-malloc.o)
 .ARM.attributes
                0x00000a4b       0x2d d:/aboutstm32/truestudio/truestudio for stm32 9.3.0/armtools/bin/../lib/gcc/arm-atollic-eabi/6.3.1/../../../../arm-atollic-eabi/lib/armv7-m\libc.a(lib_a-mallocr.o)
 .ARM.attributes
                0x00000a78       0x2d d:/aboutstm32/truestudio/truestudio for stm32 9.3.0/armtools/bin/../lib/gcc/arm-atollic-eabi/6.3.1/../../../../arm-atollic-eabi/lib/armv7-m\libc.a(lib_a-mbtowc_r.o)
 .ARM.attributes
                0x00000aa5       0x2d d:/aboutstm32/truestudio/truestudio for stm32 9.3.0/armtools/bin/../lib/gcc/arm-atollic-eabi/6.3.1/../../../../arm-atollic-eabi/lib/armv7-m\libc.a(lib_a-memchr-stub.o)
 .ARM.attributes
                0x00000ad2       0x2d d:/aboutstm32/truestudio/truestudio for stm32 9.3.0/armtools/bin/../lib/gcc/arm-atollic-eabi/6.3.1/../../../../arm-atollic-eabi/lib/armv7-m\libc.a(lib_a-memmove.o)
 .ARM.attributes
                0x00000aff       0x2d d:/aboutstm32/truestudio/truestudio for stm32 9.3.0/armtools/bin/../lib/gcc/arm-atollic-eabi/6.3.1/../../../../arm-atollic-eabi/lib/armv7-m\libc.a(lib_a-mlock.o)
 .ARM.attributes
                0x00000b2c       0x2d d:/aboutstm32/truestudio/truestudio for stm32 9.3.0/armtools/bin/../lib/gcc/arm-atollic-eabi/6.3.1/../../../../arm-atollic-eabi/lib/armv7-m\libc.a(lib_a-mprec.o)
 .ARM.attributes
                0x00000b59       0x2d d:/aboutstm32/truestudio/truestudio for stm32 9.3.0/armtools/bin/../lib/gcc/arm-atollic-eabi/6.3.1/../../../../arm-atollic-eabi/lib/armv7-m\libc.a(lib_a-reallocr.o)
 .ARM.attributes
                0x00000b86       0x2d d:/aboutstm32/truestudio/truestudio for stm32 9.3.0/armtools/bin/../lib/gcc/arm-atollic-eabi/6.3.1/../../../../arm-atollic-eabi/lib/armv7-m\libc.a(lib_a-sbrkr.o)
 .ARM.attributes
                0x00000bb3       0x2d d:/aboutstm32/truestudio/truestudio for stm32 9.3.0/armtools/bin/../lib/gcc/arm-atollic-eabi/6.3.1/../../../../arm-atollic-eabi/lib/armv7-m\libc.a(lib_a-stdio.o)
 .ARM.attributes
                0x00000be0       0x2d d:/aboutstm32/truestudio/truestudio for stm32 9.3.0/armtools/bin/../lib/gcc/arm-atollic-eabi/6.3.1/../../../../arm-atollic-eabi/lib/armv7-m\libc.a(lib_a-svfiprintf.o)
 .ARM.attributes
                0x00000c0d       0x2d d:/aboutstm32/truestudio/truestudio for stm32 9.3.0/armtools/bin/../lib/gcc/arm-atollic-eabi/6.3.1/../../../../arm-atollic-eabi/lib/armv7-m\libc.a(lib_a-vfiprintf.o)
 .ARM.attributes
                0x00000c3a       0x2d d:/aboutstm32/truestudio/truestudio for stm32 9.3.0/armtools/bin/../lib/gcc/arm-atollic-eabi/6.3.1/../../../../arm-atollic-eabi/lib/armv7-m\libc.a(lib_a-wctomb_r.o)
 .ARM.attributes
                0x00000c67       0x2d d:/aboutstm32/truestudio/truestudio for stm32 9.3.0/armtools/bin/../lib/gcc/arm-atollic-eabi/6.3.1/../../../../arm-atollic-eabi/lib/armv7-m\libc.a(lib_a-writer.o)
 .ARM.attributes
                0x00000c94       0x2d d:/aboutstm32/truestudio/truestudio for stm32 9.3.0/armtools/bin/../lib/gcc/arm-atollic-eabi/6.3.1/../../../../arm-atollic-eabi/lib/armv7-m\libc.a(lib_a-callocr.o)
 .ARM.attributes
                0x00000cc1       0x2d d:/aboutstm32/truestudio/truestudio for stm32 9.3.0/armtools/bin/../lib/gcc/arm-atollic-eabi/6.3.1/../../../../arm-atollic-eabi/lib/armv7-m\libc.a(lib_a-closer.o)
 .ARM.attributes
                0x00000cee       0x2d d:/aboutstm32/truestudio/truestudio for stm32 9.3.0/armtools/bin/../lib/gcc/arm-atollic-eabi/6.3.1/../../../../arm-atollic-eabi/lib/armv7-m\libc.a(lib_a-ctype_.o)
 .ARM.attributes
                0x00000d1b       0x2d d:/aboutstm32/truestudio/truestudio for stm32 9.3.0/armtools/bin/../lib/gcc/arm-atollic-eabi/6.3.1/../../../../arm-atollic-eabi/lib/armv7-m\libc.a(lib_a-fclose.o)
 .ARM.attributes
                0x00000d48       0x2d d:/aboutstm32/truestudio/truestudio for stm32 9.3.0/armtools/bin/../lib/gcc/arm-atollic-eabi/6.3.1/../../../../arm-atollic-eabi/lib/armv7-m\libc.a(lib_a-fputwc.o)
 .ARM.attributes
                0x00000d75       0x2d d:/aboutstm32/truestudio/truestudio for stm32 9.3.0/armtools/bin/../lib/gcc/arm-atollic-eabi/6.3.1/../../../../arm-atollic-eabi/lib/armv7-m\libc.a(lib_a-fstatr.o)
 .ARM.attributes
                0x00000da2       0x2d d:/aboutstm32/truestudio/truestudio for stm32 9.3.0/armtools/bin/../lib/gcc/arm-atollic-eabi/6.3.1/../../../../arm-atollic-eabi/lib/armv7-m\libc.a(lib_a-isattyr.o)
 .ARM.attributes
                0x00000dcf       0x2d d:/aboutstm32/truestudio/truestudio for stm32 9.3.0/armtools/bin/../lib/gcc/arm-atollic-eabi/6.3.1/../../../../arm-atollic-eabi/lib/armv7-m\libc.a(lib_a-lseekr.o)
 .ARM.attributes
                0x00000dfc       0x2d d:/aboutstm32/truestudio/truestudio for stm32 9.3.0/armtools/bin/../lib/gcc/arm-atollic-eabi/6.3.1/../../../../arm-atollic-eabi/lib/armv7-m\libc.a(lib_a-readr.o)
 .ARM.attributes
                0x00000e29       0x2d d:/aboutstm32/truestudio/truestudio for stm32 9.3.0/armtools/bin/../lib/gcc/arm-atollic-eabi/6.3.1/../../../../arm-atollic-eabi/lib/armv7-m\libc.a(lib_a-wbuf.o)
 .ARM.attributes
                0x00000e56       0x2d d:/aboutstm32/truestudio/truestudio for stm32 9.3.0/armtools/bin/../lib/gcc/arm-atollic-eabi/6.3.1/../../../../arm-atollic-eabi/lib/armv7-m\libc.a(lib_a-wcrtomb.o)
 .ARM.attributes
                0x00000e83       0x1d d:/aboutstm32/truestudio/truestudio for stm32 9.3.0/armtools/bin/../lib/gcc/arm-atollic-eabi/6.3.1/armv7-m\libgcc.a(_arm_addsubdf3.o)
 .ARM.attributes
                0x00000ea0       0x1d d:/aboutstm32/truestudio/truestudio for stm32 9.3.0/armtools/bin/../lib/gcc/arm-atollic-eabi/6.3.1/armv7-m\libgcc.a(_arm_muldivdf3.o)
 .ARM.attributes
                0x00000ebd       0x1d d:/aboutstm32/truestudio/truestudio for stm32 9.3.0/armtools/bin/../lib/gcc/arm-atollic-eabi/6.3.1/armv7-m\libgcc.a(_arm_cmpdf2.o)
 .ARM.attributes
                0x00000eda       0x1d d:/aboutstm32/truestudio/truestudio for stm32 9.3.0/armtools/bin/../lib/gcc/arm-atollic-eabi/6.3.1/armv7-m\libgcc.a(_arm_unorddf2.o)
 .ARM.attributes
                0x00000ef7       0x1d d:/aboutstm32/truestudio/truestudio for stm32 9.3.0/armtools/bin/../lib/gcc/arm-atollic-eabi/6.3.1/armv7-m\libgcc.a(_arm_fixdfsi.o)
 .ARM.attributes
                0x00000f14       0x1d d:/aboutstm32/truestudio/truestudio for stm32 9.3.0/armtools/bin/../lib/gcc/arm-atollic-eabi/6.3.1/armv7-m\libgcc.a(_aeabi_uldivmod.o)
 .ARM.attributes
                0x00000f31       0x2d d:/aboutstm32/truestudio/truestudio for stm32 9.3.0/armtools/bin/../lib/gcc/arm-atollic-eabi/6.3.1/armv7-m\libgcc.a(_udivmoddi4.o)
 .ARM.attributes
                0x00000f5e       0x1d d:/aboutstm32/truestudio/truestudio for stm32 9.3.0/armtools/bin/../lib/gcc/arm-atollic-eabi/6.3.1/armv7-m\libgcc.a(_dvmd_tls.o)
 .ARM.attributes
                0x00000f7b       0x1d d:/aboutstm32/truestudio/truestudio for stm32 9.3.0/armtools/bin/../lib/gcc/arm-atollic-eabi/6.3.1/armv7-m/crtn.o
OUTPUT(LoyerIAP2.elf elf32-littlearm)

.comment        0x00000000       0x7c
 .comment       0x00000000       0x7c App\Tim\tim4.o
                                 0x7d (size before relaxing)
 .comment       0x0000007c       0x7d App\flash\STMFlash.o
 .comment       0x0000007c       0x7d App\module_4G\usart_4G.o
 .comment       0x0000007c       0x7d App\util\base64.o
 .comment       0x0000007c       0x7d App\util\md5.o
 .comment       0x0000007c       0x7d App\wifi\public\wifi_public.o
 .comment       0x0000007c       0x7d IAP\Src\common.o
 .comment       0x0000007c       0x7d IAP\Src\iap.o
 .comment       0x0000007c       0x7d Libraries\STM32F10x_StdPeriph_Driver\src\misc.o
 .comment       0x0000007c       0x7d Libraries\STM32F10x_StdPeriph_Driver\src\stm32f10x_flash.o
 .comment       0x0000007c       0x7d Libraries\STM32F10x_StdPeriph_Driver\src\stm32f10x_gpio.o
 .comment       0x0000007c       0x7d Libraries\STM32F10x_StdPeriph_Driver\src\stm32f10x_rcc.o
 .comment       0x0000007c       0x7d Libraries\STM32F10x_StdPeriph_Driver\src\stm32f10x_tim.o
 .comment       0x0000007c       0x7d Libraries\STM32F10x_StdPeriph_Driver\src\stm32f10x_usart.o
 .comment       0x0000007c       0x7d Public\systick.o
 .comment       0x0000007c       0x7d Public\usart.o
 .comment       0x0000007c       0x7d src\main.o
 .comment       0x0000007c       0x7d src\stm32f1xx_it.o
 .comment       0x0000007c       0x7d src\syscalls.o
 .comment       0x0000007c       0x7d src\system_stm32f10x.o

.debug_frame    0x00000000     0x1470
 .debug_frame   0x00000000       0x30 d:/aboutstm32/truestudio/truestudio for stm32 9.3.0/armtools/bin/../lib/gcc/arm-atollic-eabi/6.3.1/../../../../arm-atollic-eabi/lib/armv7-m\libc.a(lib_a-atoi.o)