core_cm3.h:1107:22:NVIC_SystemReset	4	static
iap.c:44:6:communicateWithHost	64	static
iap.c:53:6:catRequestStr	40	static
iap.c:62:6:catReqStr4UPdate	40	static
iap.c:73:6:request	144	static
iap.c:87:6:request4UPdate	144	static
iap.c:102:6:request4UPdataComplete	152	static
iap.c:120:13:FLASH_DisableWriteProtectionPages	24	static
iap.c:174:6:IAP_WriteFlag	16	static
iap.c:181:10:IAP_ReadFlag	8	static
iap.c:187:6:IAP_USART_Init	8	static
iap.c:192:6:IAP_Init	8	static
iap.c:204:4:IAP_RunApp	16	static
iap.c:227:6:IAP_Main_Menu	8	static
iap.c:284:4:check_response	16	static
iap.c:351:8:IAP_Update	128	static
iap.c:674:8:IAP_Upload	8	static
iap.c:681:8:IAP_Erase	16	static
iap.c:692:4:Set_DeviceID	16	static
iap.c:716:6:Get_DeviceID	8	static
